Archive member included to satisfy reference by file (symbol)

.\\\libF103PLC.a(_initialize_hardware.o)
                              (--whole-archive)
.\\\libF103PLC.a(_reset_hardware.o)
                              (--whole-archive)
.\\\libF103PLC.a(exception_handlers.o)
                              (--whole-archive)
.\\\libF103PLC.a(system_stm32f10x.o)
                              (--whole-archive)
.\\\libF103PLC.a(vectors_stm32f10x.o)
                              (--whole-archive)
.\\\libF103PLC.a(device_initial.o)
                              (--whole-archive)
.\\\libF103PLC.a(instruction.o)
                              (--whole-archive)
.\\\libF103PLC.a(interrupt.o)
                              (--whole-archive)
.\\\libF103PLC.a(main.o)      (--whole-archive)
.\\\libF103PLC.a(rtc_calendar.o)
                              (--whole-archive)
.\\\libF103PLC.a(timercounter.o)
                              (--whole-archive)
.\\\libF103PLC.a(_exit.o)     (--whole-archive)
.\\\libF103PLC.a(_sbrk.o)     (--whole-archive)
.\\\libF103PLC.a(_startup.o)  (--whole-archive)
.\\\libF103PLC.a(misc.o)      (--whole-archive)
.\\\libF103PLC.a(stm32f10x_adc.o)
                              (--whole-archive)
.\\\libF103PLC.a(stm32f10x_bkp.o)
                              (--whole-archive)
.\\\libF103PLC.a(stm32f10x_can.o)
                              (--whole-archive)
.\\\libF103PLC.a(stm32f10x_cec.o)
                              (--whole-archive)
.\\\libF103PLC.a(stm32f10x_crc.o)
                              (--whole-archive)
.\\\libF103PLC.a(stm32f10x_dac.o)
                              (--whole-archive)
.\\\libF103PLC.a(stm32f10x_dbgmcu.o)
                              (--whole-archive)
.\\\libF103PLC.a(stm32f10x_dma.o)
                              (--whole-archive)
.\\\libF103PLC.a(stm32f10x_exti.o)
                              (--whole-archive)
.\\\libF103PLC.a(stm32f10x_flash.o)
                              (--whole-archive)
.\\\libF103PLC.a(stm32f10x_fsmc.o)
                              (--whole-archive)
.\\\libF103PLC.a(stm32f10x_gpio.o)
                              (--whole-archive)
.\\\libF103PLC.a(stm32f10x_i2c.o)
                              (--whole-archive)
.\\\libF103PLC.a(stm32f10x_iwdg.o)
                              (--whole-archive)
.\\\libF103PLC.a(stm32f10x_pwr.o)
                              (--whole-archive)
.\\\libF103PLC.a(stm32f10x_rcc.o)
                              (--whole-archive)
.\\\libF103PLC.a(stm32f10x_rtc.o)
                              (--whole-archive)
.\\\libF103PLC.a(stm32f10x_sdio.o)
                              (--whole-archive)
.\\\libF103PLC.a(stm32f10x_spi.o)
                              (--whole-archive)
.\\\libF103PLC.a(stm32f10x_tim.o)
                              (--whole-archive)
.\\\libF103PLC.a(stm32f10x_usart.o)
                              (--whole-archive)
.\\\libF103PLC.a(stm32f10x_wwdg.o)
                              (--whole-archive)
.\\\libF103PLC.a(com_task.o)  (--whole-archive)
.\\\libF103PLC.a(com_usb_pub.o)
                              (--whole-archive)
.\\\libF103PLC.a(inline_fun.o)
                              (--whole-archive)
.\\\libF103PLC.a(modbus_free_com.o)
                              (--whole-archive)
.\\\libF103PLC.a(modbus_master_com.o)
                              (--whole-archive)
.\\\libF103PLC.a(modbus_slave.o)
                              (--whole-archive)
.\\\libF103PLC.a(modbus_slave_usb.o)
                              (--whole-archive)
.\\\libF103PLC.a(SamFGs_Slave.o)
                              (--whole-archive)
.\\\libF103PLC.a(SamFGs_Slave_usb.o)
                              (--whole-archive)
.\\\libF103PLC.a(usb_task.o)  (--whole-archive)
.\\\libF103PLC.a(croutine.o)  (--whole-archive)
.\\\libF103PLC.a(event_groups.o)
                              (--whole-archive)
.\\\libF103PLC.a(FreeRTOS_Task.o)
                              (--whole-archive)
.\\\libF103PLC.a(heap_4.o)    (--whole-archive)
.\\\libF103PLC.a(list.o)      (--whole-archive)
.\\\libF103PLC.a(port.o)      (--whole-archive)
.\\\libF103PLC.a(queue.o)     (--whole-archive)
.\\\libF103PLC.a(tasks.o)     (--whole-archive)
.\\\libF103PLC.a(timers.o)    (--whole-archive)
.\\\libF103PLC.a(hw_config.o)
                              (--whole-archive)
.\\\libF103PLC.a(usb_callback.o)
                              (--whole-archive)
.\\\libF103PLC.a(usb_core.o)  (--whole-archive)
.\\\libF103PLC.a(usb_desc.o)  (--whole-archive)
.\\\libF103PLC.a(usb_endp.o)  (--whole-archive)
.\\\libF103PLC.a(usb_init.o)  (--whole-archive)
.\\\libF103PLC.a(usb_int.o)   (--whole-archive)
.\\\libF103PLC.a(usb_istr.o)  (--whole-archive)
.\\\libF103PLC.a(usb_mem.o)   (--whole-archive)
.\\\libF103PLC.a(usb_prop.o)  (--whole-archive)
.\\\libF103PLC.a(usb_pwr.o)   (--whole-archive)
.\\\libF103PLC.a(usb_regs.o)  (--whole-archive)
[...]
Memory Configuration

Name             Origin             Length             Attributes
RAM              0x20000000         0x00010000         xrw
CCMRAM           0x10000000         0x00000000         xrw
FLASH            0x08010000         0x00030000         xr
FLASHB1          0x00000000         0x00000000         xr
EXTMEMB0         0x00000000         0x00000000         xr
EXTMEMB1         0x00000000         0x00000000         xr
EXTMEMB2         0x00000000         0x00000000         xr
EXTMEMB3         0x00000000         0x00000000         xr
MEMORY_ARRAY     0x20002000         0x00000020         xrw
*default*        0x00000000         0xffffffff

Linker script and memory map

LOAD build\\downlib.o
LOAD build\\downc.o
LOAD build\\downf.o
LOAD .\\\libF103PLC.a
LOAD y:/projects/samsoarii-new/samsoarii/bin/x86/compiler/arm/bin/../lib/gcc/arm-none-eabi/5.4.1/../../../../arm-none-eabi/lib/armv7-m\libm.a
START GROUP
LOAD y:/projects/samsoarii-new/samsoarii/bin/x86/compiler/arm/bin/../lib/gcc/arm-none-eabi/5.4.1/armv7-m\libgcc.a
LOAD y:/projects/samsoarii-new/samsoarii/bin/x86/compiler/arm/bin/../lib/gcc/arm-none-eabi/5.4.1/../../../../arm-none-eabi/lib/armv7-m\libc_nano.a
END GROUP
START GROUP
LOAD y:/projects/samsoarii-new/samsoarii/bin/x86/compiler/arm/bin/../lib/gcc/arm-none-eabi/5.4.1/armv7-m\libgcc.a
LOAD y:/projects/samsoarii-new/samsoarii/bin/x86/compiler/arm/bin/../lib/gcc/arm-none-eabi/5.4.1/../../../../arm-none-eabi/lib/armv7-m\libc_nano.a
END GROUP
                0x20010000                __stack = (ORIGIN (RAM) + LENGTH (RAM))
                0x20010000                _estack = __stack
                0x00000400                __Main_Stack_Size = 0x400
                [!provide]                PROVIDE (_Main_Stack_Size, __Main_Stack_Size)
                0x2000fc00                __Main_Stack_Limit = (__stack - __Main_Stack_Size)
                [!provide]                PROVIDE (_Main_Stack_Limit, __Main_Stack_Limit)
                0x00000100                _Minimum_Stack_Size = 0x100
                0x2000b3b4                PROVIDE (_Heap_Begin, _end_noinit)
                0x2000fc00                PROVIDE (_Heap_Limit, (__stack - __Main_Stack_Size))

.isr_vector     0x08010000      0x324
 FILL mask 0xff
                0x08010000                __vectors_start = ABSOLUTE (.)
                0x08010000                __vectors_start__ = ABSOLUTE (.)
 *(.isr_vector)
 .isr_vector    0x08010000      0x1e4 .\\\libF103PLC.a(vectors_stm32f10x.o)
                0x08010000                __isr_vectors
 *(.cfmconfig)
 *(.after_vectors .after_vectors.*)
 .after_vectors
                0x080101e4       0x74 .\\\libF103PLC.a(exception_handlers.o)
                0x080101e4                Reset_Handler
                0x080101e8                NMI_Handler
                0x080101ec                HardFault_Handler
                0x08010200                HardFault_Handler_C
                0x08010204                MemManage_Handler
                0x08010208                BusFault_Handler
                0x0801021c                BusFault_Handler_C
                0x08010220                UsageFault_Handler
                0x08010234                UsageFault_Handler_C
                0x0801023c                DebugMon_Handler
 .after_vectors
                0x08010258        0x4 .\\\libF103PLC.a(vectors_stm32f10x.o)
                0x08010258                EXTI2_IRQHandler
                0x08010258                TIM8_TRG_COM_IRQHandler
                0x08010258                TIM8_CC_IRQHandler
                0x08010258                TIM1_CC_IRQHandler
                0x08010258                PVD_IRQHandler
                0x08010258                SDIO_IRQHandler
                0x08010258                CAN2_RX1_IRQHandler
                0x08010258                EXTI3_IRQHandler
                0x08010258                TIM8_TRG_COM_TIM14_IRQHandler
                0x08010258                TIM1_UP_TIM10_IRQHandler
                0x08010258                TIM8_UP_TIM13_IRQHandler
                0x08010258                EXTI0_IRQHandler
                0x08010258                I2C2_EV_IRQHandler
                0x08010258                CAN1_RX0_IRQHandler
                0x08010258                TIM1_UP_TIM16_IRQHandler
                0x08010258                CAN2_SCE_IRQHandler
                0x08010258                ADC1_2_IRQHandler
                0x08010258                SPI1_IRQHandler
                0x08010258                TAMPER_IRQHandler
                0x08010258                TIM6_DAC_IRQHandler
                0x08010258                TIM1_BRK_TIM9_IRQHandler
                0x08010258                CAN2_RX0_IRQHandler
                0x08010258                TIM8_UP_IRQHandler
                0x08010258                DMA2_Channel2_IRQHandler
                0x08010258                RTC_IRQHandler
                0x08010258                DMA1_Channel7_IRQHandler
                0x08010258                CAN1_RX1_IRQHandler
                0x08010258                UART5_IRQHandler
                0x08010258                ADC3_IRQHandler
                0x08010258                DMA2_Channel1_IRQHandler
                0x08010258                I2C1_EV_IRQHandler
                0x08010258                DMA1_Channel6_IRQHandler
                0x08010258                UART4_IRQHandler
                0x08010258                DMA2_Channel4_IRQHandler
                0x08010258                RCC_IRQHandler
                0x08010258                TIM8_BRK_TIM12_IRQHandler
                0x08010258                TIM1_TRG_COM_IRQHandler
                0x08010258                DMA1_Channel1_IRQHandler
                0x08010258                Default_Handler
                0x08010258                CEC_IRQHandler
                0x08010258                EXTI15_10_IRQHandler
                0x08010258                TIM14_IRQHandler
                0x08010258                TIM13_IRQHandler
                0x08010258                TIM12_IRQHandler
                0x08010258                CAN2_TX_IRQHandler
                0x08010258                EXTI9_5_IRQHandler
                0x08010258                ETH_WKUP_IRQHandler
                0x08010258                SPI2_IRQHandler
                0x08010258                CAN1_TX_IRQHandler
                0x08010258                DMA2_Channel5_IRQHandler
                0x08010258                DMA1_Channel5_IRQHandler
                0x08010258                TIM1_TRG_COM_TIM17_IRQHandler
                0x08010258                DMA1_Channel3_IRQHandler
                0x08010258                FSMC_IRQHandler
                0x08010258                ETH_IRQHandler
                0x08010258                TIM1_UP_IRQHandler
                0x08010258                WWDG_IRQHandler
                0x08010258                OTG_FS_WKUP_IRQHandler
                0x08010258                TIM1_TRG_COM_TIM11_IRQHandler
                0x08010258                TIM1_BRK_IRQHandler
                0x08010258                EXTI1_IRQHandler
                0x08010258                RTCAlarm_IRQHandler
                0x08010258                DMA2_Channel4_5_IRQHandler
                0x08010258                USART2_IRQHandler
                0x08010258                I2C2_ER_IRQHandler
                0x08010258                TIM8_BRK_IRQHandler
                0x08010258                CAN1_SCE_IRQHandler
                0x08010258                FLASH_IRQHandler
                0x08010258                OTG_FS_IRQHandler
                0x08010258                SPI3_IRQHandler
                0x08010258                I2C1_ER_IRQHandler
                0x08010258                DMA2_Channel3_IRQHandler
                0x08010258                TIM1_BRK_TIM15_IRQHandler
 .after_vectors
                0x0801025c       0xc8 .\\\libF103PLC.a(_startup.o)
                0x0801025c                _start

.inits          0x08010324       0x28
                0x08010324                __data_regions_array_start = .
                0x08010324        0x4 LONG 0x801d384 LOADADDR (.data)
                0x08010328        0x4 LONG 0x20000000 ADDR (.data)
                0x0801032c        0x4 LONG 0x20000118 (ADDR (.data) + SIZEOF (.data))
                0x08010330        0x4 LONG 0x801d384 LOADADDR (.data_CCMRAM)
                0x08010334        0x4 LONG 0x10000000 ADDR (.data_CCMRAM)
                0x08010338        0x4 LONG 0x10000000 (ADDR (.data_CCMRAM) + SIZEOF (.data_CCMRAM))
                0x0801033c                __data_regions_array_end = .
                0x0801033c                __bss_regions_array_start = .
                0x0801033c        0x4 LONG 0x20000118 ADDR (.bss)
                0x08010340        0x4 LONG 0x2000b3b4 (ADDR (.bss) + SIZEOF (.bss))
                0x08010344        0x4 LONG 0x10000000 ADDR (.bss_CCMRAM)
                0x08010348        0x4 LONG 0x10000000 (ADDR (.bss_CCMRAM) + SIZEOF (.bss_CCMRAM))
                0x0801034c                __bss_regions_array_end = .
 *(.init)
 *(.fini)
                0x0801034c                . = ALIGN (0x4)
                0x0801034c                PROVIDE (__preinit_array_start, .)
 *(.preinit_array_sysinit .preinit_array_sysinit.*)
 *(.preinit_array_platform .preinit_array_platform.*)
 *(.preinit_array .preinit_array.*)
                0x0801034c                PROVIDE (__preinit_array_end, .)
                0x0801034c                . = ALIGN (0x4)
                0x0801034c                PROVIDE (__init_array_start, .)
 *(SORT(.init_array.*))
 *(.init_array)
                0x0801034c                PROVIDE (__init_array_end, .)
                0x0801034c                . = ALIGN (0x4)
                0x0801034c                PROVIDE (__fini_array_start, .)
 *(SORT(.fini_array.*))
 *(.fini_array)
                0x0801034c                PROVIDE (__fini_array_end, .)

.flashtext
 *(.flashtext .flashtext.*)

.text           0x08010350     0xd032
 *(.text .text.*)
 .text.RunLadder
                0x08010350       0x1c build\\downc.o
                0x08010350                RunLadder
 .text.__initialize_hardware_early
                0x0801036c       0x18 .\\\libF103PLC.a(_initialize_hardware.o)
                0x0801036c                __initialize_hardware_early
 .text.__initialize_hardware
                0x08010384        0x4 .\\\libF103PLC.a(_initialize_hardware.o)
                0x08010384                __initialize_hardware
 .text.__reset_hardware
                0x08010388       0x24 .\\\libF103PLC.a(_reset_hardware.o)
                0x08010388                __reset_hardware
 .text.SystemInit
                0x080103ac      0x104 .\\\libF103PLC.a(system_stm32f10x.o)
                0x080103ac                SystemInit
 .text.SystemCoreClockUpdate
                0x080104b0       0x5c .\\\libF103PLC.a(system_stm32f10x.o)
                0x080104b0                SystemCoreClockUpdate
 .text.NVIC_Group_Set
                0x0801050c        0x8 .\\\libF103PLC.a(device_initial.o)
                0x0801050c                NVIC_Group_Set
 .text.SET_GPIO_LOW
                0x08010514        0x4 .\\\libF103PLC.a(device_initial.o)
                0x08010514                SET_GPIO_LOW
 .text.SET_GPIO_HIGH
                0x08010518        0x4 .\\\libF103PLC.a(device_initial.o)
                0x08010518                SET_GPIO_HIGH
 .text.STM_EVAL_XPortInit
                0x0801051c       0xac .\\\libF103PLC.a(device_initial.o)
                0x0801051c                STM_EVAL_XPortInit
 .text.STM_EVAL_YPortInit
                0x080105c8       0x44 .\\\libF103PLC.a(device_initial.o)
                0x080105c8                STM_EVAL_YPortInit
 .text.STM_EVAL_LEDInit
                0x0801060c       0x44 .\\\libF103PLC.a(device_initial.o)
                0x0801060c                STM_EVAL_LEDInit
 .text.STM_EVAL_SYS_STATUSInit
                0x08010650       0x80 .\\\libF103PLC.a(device_initial.o)
                0x08010650                STM_EVAL_SYS_STATUSInit
 .text.GPIO_XY_Init
                0x080106d0       0xdc .\\\libF103PLC.a(device_initial.o)
                0x080106d0                GPIO_XY_Init
 .text.Uart_Init
                0x080107ac      0x27c .\\\libF103PLC.a(device_initial.o)
                0x080107ac                Uart_Init
 .text.Tim_Initialize
                0x08010a28       0xb8 .\\\libF103PLC.a(device_initial.o)
                0x08010a28                Tim_Initialize
 .text.FlashWrite
                0x08010ae0       0xb4 .\\\libF103PLC.a(device_initial.o)
                0x08010ae0                FlashWrite
 .text.FlashErasePage
                0x08010b94       0x38 .\\\libF103PLC.a(device_initial.o)
                0x08010b94                FlashErasePage
 .text.IAP_Reboot
                0x08010bcc       0x74 .\\\libF103PLC.a(device_initial.o)
                0x08010bcc                IAP_Reboot
 .text.RTC_I2C_Initialize
                0x08010c40       0xd8 .\\\libF103PLC.a(device_initial.o)
                0x08010c40                RTC_I2C_Initialize
 .text.Device_Init
                0x08010d18       0x54 .\\\libF103PLC.a(device_initial.o)
                0x08010d18                Device_Init
 .text.calc_plsr_freq.constprop.7
                0x08010d6c      0x148 .\\\libF103PLC.a(instruction.o)
 .text.TimerNodes_Init
                0x08010eb4       0x4c .\\\libF103PLC.a(instruction.o)
                0x08010eb4                TimerNodes_Init
 .text.TimerList_Init
                0x08010f00        0x8 .\\\libF103PLC.a(instruction.o)
                0x08010f00                TimerList_Init
 .text.TimerFlush
                0x08010f08       0x1c .\\\libF103PLC.a(instruction.o)
                0x08010f08                TimerFlush
 *fill*         0x08010f24        0x4 
 .text.Pulsenum_Accumulate_Refresh
                0x08010f28      0x1b0 .\\\libF103PLC.a(instruction.o)
                0x08010f28                Pulsenum_Accumulate_Refresh
 .text.Calc_Master_Time_Period
                0x080110d8       0xa4 .\\\libF103PLC.a(instruction.o)
                0x080110d8                Calc_Master_Time_Period
 .text.API_INST_Ref_Freq.part.2
                0x0801117c      0x114 .\\\libF103PLC.a(instruction.o)
 .text.Start_Yn_Output
                0x08011290       0x44 .\\\libF103PLC.a(instruction.o)
                0x08011290                Start_Yn_Output
 .text.API_INST_High_Enable.part.6
                0x080112d4       0x2c .\\\libF103PLC.a(instruction.o)
 .text.Stop_Yn_Output
                0x08011300       0xa4 .\\\libF103PLC.a(instruction.o)
                0x08011300                Stop_Yn_Output
 .text.API_INST_High_Disable.part.5
                0x080113a4       0x44 .\\\libF103PLC.a(instruction.o)
 .text.Pulse_Interrupt_Handler
                0x080113e8       0xd4 .\\\libF103PLC.a(instruction.o)
                0x080113e8                Pulse_Interrupt_Handler
 .text.plsr_alg
                0x080114bc      0x524 .\\\libF103PLC.a(instruction.o)
                0x080114bc                plsr_alg
 .text.Ref_Yn_Count
                0x080119e0      0xb18 .\\\libF103PLC.a(instruction.o)
                0x080119e0                Ref_Yn_Count
 .text.PLS_Disable
                0x080124f8      0x14c .\\\libF103PLC.a(instruction.o)
                0x080124f8                PLS_Disable
 .text.TIM2_IRQHandler
                0x08012644       0x28 .\\\libF103PLC.a(instruction.o)
                0x08012644                TIM2_IRQHandler
 .text.TIM5_IRQHandler
                0x0801266c       0x3c .\\\libF103PLC.a(instruction.o)
                0x0801266c                TIM5_IRQHandler
 .text.HCNT_Init
                0x080126a8      0x128 .\\\libF103PLC.a(instruction.o)
                0x080126a8                HCNT_Init
 .text.txd_com1_byte
                0x080127d0       0x58 .\\\libF103PLC.a(interrupt.o)
                0x080127d0                txd_com1_byte
 .text.txd_com2_byte
                0x08012828       0x60 .\\\libF103PLC.a(interrupt.o)
                0x08012828                txd_com2_byte
 .text.isrReceive1
                0x08012888       0xb0 .\\\libF103PLC.a(interrupt.o)
                0x08012888                isrReceive1
 .text.isrReceive2
                0x08012938       0xb4 .\\\libF103PLC.a(interrupt.o)
                0x08012938                isrReceive2
 .text.USART1_IRQHandler
                0x080129ec       0x50 .\\\libF103PLC.a(interrupt.o)
                0x080129ec                USART1_IRQHandler
 .text.USART3_IRQHandler
                0x08012a3c       0x50 .\\\libF103PLC.a(interrupt.o)
                0x08012a3c                USART3_IRQHandler
 .text.com1_frame_timer
                0x08012a8c       0x84 .\\\libF103PLC.a(interrupt.o)
                0x08012a8c                com1_frame_timer
 .text.com2_frame_timer
                0x08012b10       0x84 .\\\libF103PLC.a(interrupt.o)
                0x08012b10                com2_frame_timer
 .text.DMA1_Channel4_IRQHandler
                0x08012b94       0x70 .\\\libF103PLC.a(interrupt.o)
                0x08012b94                DMA1_Channel4_IRQHandler
 .text.DMA1_Channel2_IRQHandler
                0x08012c04       0x80 .\\\libF103PLC.a(interrupt.o)
                0x08012c04                DMA1_Channel2_IRQHandler
 .text.SysTick_Handler
                0x08012c84       0x1c .\\\libF103PLC.a(interrupt.o)
                0x08012c84                SysTick_Handler
 .text.TIM6_IRQHandler
                0x08012ca0       0x28 .\\\libF103PLC.a(interrupt.o)
                0x08012ca0                TIM6_IRQHandler
 .text.TIM7_IRQHandler
                0x08012cc8       0x2c .\\\libF103PLC.a(interrupt.o)
                0x08012cc8                TIM7_IRQHandler
 .text.TIM3_IRQHandler
                0x08012cf4       0x24 .\\\libF103PLC.a(interrupt.o)
                0x08012cf4                TIM3_IRQHandler
 .text.TIM4_IRQHandler
                0x08012d18       0x24 .\\\libF103PLC.a(interrupt.o)
                0x08012d18                TIM4_IRQHandler
 .text.USB_HP_CAN1_TX_IRQHandler
                0x08012d3c        0x4 .\\\libF103PLC.a(interrupt.o)
                0x08012d3c                USB_HP_CAN1_TX_IRQHandler
 .text.USB_LP_CAN1_RX0_IRQHandler
                0x08012d40        0x4 .\\\libF103PLC.a(interrupt.o)
                0x08012d40                USB_LP_CAN1_RX0_IRQHandler
 .text.USBWakeUp_IRQHandler
                0x08012d44        0x8 .\\\libF103PLC.a(interrupt.o)
                0x08012d44                USBWakeUp_IRQHandler
 .text.isr_USB_Receive
                0x08012d4c       0x74 .\\\libF103PLC.a(interrupt.o)
                0x08012d4c                isr_USB_Receive
 .text.isr_USB_Send
                0x08012dc0       0x60 .\\\libF103PLC.a(interrupt.o)
                0x08012dc0                isr_USB_Send
 .text.EXTI4_IRQHandler
                0x08012e20       0x24 .\\\libF103PLC.a(interrupt.o)
                0x08012e20                EXTI4_IRQHandler
 .text.Judge_System_State_Switch
                0x08012e44       0x64 .\\\libF103PLC.a(main.o)
                0x08012e44                Judge_System_State_Switch
 .text.InitElemMem
                0x08012ea8      0x114 .\\\libF103PLC.a(main.o)
                0x08012ea8                InitElemMem
 .text.InitComUsbMem
                0x08012fbc      0x1ac .\\\libF103PLC.a(main.o)
                0x08012fbc                InitComUsbMem
 .text.ScanBegin
                0x08013168       0xac .\\\libF103PLC.a(main.o)
                0x08013168                ScanBegin
 .text.ScanEnd  0x08013214       0xc4 .\\\libF103PLC.a(main.o)
                0x08013214                ScanEnd
 .text.plc_execute_handler
                0x080132d8      0x118 .\\\libF103PLC.a(main.o)
                0x080132d8                plc_execute_handler
 .text.startup.main
                0x080133f0       0x64 .\\\libF103PLC.a(main.o)
                0x080133f0                main
 .text.GetGregorianDay
                0x08013454       0xb8 .\\\libF103PLC.a(rtc_calendar.o)
                0x08013454                GetGregorianDay
 .text.I2C_Standby
                0x0801350c       0x5c .\\\libF103PLC.a(rtc_calendar.o)
                0x0801350c                I2C_Standby
 .text.RTC_Write_Data
                0x08013568       0xc4 .\\\libF103PLC.a(rtc_calendar.o)
                0x08013568                RTC_Write_Data
 .text.RTC_Read_Data
                0x0801362c      0x120 .\\\libF103PLC.a(rtc_calendar.o)
                0x0801362c                RTC_Read_Data
 .text.RTC_Set_Time
                0x0801374c      0x2e8 .\\\libF103PLC.a(rtc_calendar.o)
                0x0801374c                RTC_Set_Time
 .text.Auto_Time_Set
                0x08013a34       0xf8 .\\\libF103PLC.a(rtc_calendar.o)
                0x08013a34                Auto_Time_Set
 .text.Printf_Time
                0x08013b2c        0x4 .\\\libF103PLC.a(rtc_calendar.o)
                0x08013b2c                Printf_Time
 .text.get_curr_tick1ms
                0x08013b30        0xc .\\\libF103PLC.a(timercounter.o)
                0x08013b30                get_curr_tick1ms
 .text.is1msTimeout
                0x08013b3c       0x14 .\\\libF103PLC.a(timercounter.o)
                0x08013b3c                is1msTimeout
 .text.get_curr_tick0_1ms
                0x08013b50       0x40 .\\\libF103PLC.a(timercounter.o)
                0x08013b50                get_curr_tick0_1ms
 .text.get_time_diff
                0x08013b90       0x68 .\\\libF103PLC.a(timercounter.o)
                0x08013b90                get_time_diff
 .text.refresh_tick1ms
                0x08013bf8       0xb0 .\\\libF103PLC.a(timercounter.o)
                0x08013bf8                refresh_tick1ms
 .text.Count_Tick_Init
                0x08013ca8       0x28 .\\\libF103PLC.a(timercounter.o)
                0x08013ca8                Count_Tick_Init
 .text._exit    0x08013cd0        0x8 .\\\libF103PLC.a(_exit.o)
                0x08013cd0                _exit
 .text.NVIC_PriorityGroupConfig
                0x08013cd8       0x14 .\\\libF103PLC.a(misc.o)
                0x08013cd8                NVIC_PriorityGroupConfig
 .text.NVIC_Init
                0x08013cec       0x6c .\\\libF103PLC.a(misc.o)
                0x08013cec                NVIC_Init
 .text.DMA_DeInit
                0x08013d58      0x128 .\\\libF103PLC.a(stm32f10x_dma.o)
                0x08013d58                DMA_DeInit
 .text.DMA_Init
                0x08013e80       0x40 .\\\libF103PLC.a(stm32f10x_dma.o)
                0x08013e80                DMA_Init
 .text.DMA_GetITStatus
                0x08013ec0       0x1c .\\\libF103PLC.a(stm32f10x_dma.o)
                0x08013ec0                DMA_GetITStatus
 .text.DMA_GetFlagStatus
                0x08013edc        0x4 .\\\libF103PLC.a(stm32f10x_dma.o)
                0x08013edc                DMA_GetFlagStatus
 .text.DMA_ClearITPendingBit
                0x08013ee0       0x14 .\\\libF103PLC.a(stm32f10x_dma.o)
                0x08013ee0                DMA_ClearITPendingBit
 .text.DMA_ClearFlag
                0x08013ef4        0x4 .\\\libF103PLC.a(stm32f10x_dma.o)
                0x08013ef4                DMA_ClearFlag
 .text.EXTI_Init
                0x08013ef8       0x7c .\\\libF103PLC.a(stm32f10x_exti.o)
                0x08013ef8                EXTI_Init
 .text.EXTI_ClearFlag
                0x08013f74        0xc .\\\libF103PLC.a(stm32f10x_exti.o)
                0x08013f74                EXTI_ClearFlag
 .text.EXTI_ClearITPendingBit
                0x08013f80        0xc .\\\libF103PLC.a(stm32f10x_exti.o)
                0x08013f80                EXTI_ClearITPendingBit
 .text.FLASH_UnlockBank1
                0x08013f8c       0x18 .\\\libF103PLC.a(stm32f10x_flash.o)
                0x08013f8c                FLASH_UnlockBank1
 .text.FLASH_Unlock
                0x08013fa4        0x4 .\\\libF103PLC.a(stm32f10x_flash.o)
                0x08013fa4                FLASH_Unlock
 .text.FLASH_LockBank1
                0x08013fa8       0x10 .\\\libF103PLC.a(stm32f10x_flash.o)
                0x08013fa8                FLASH_LockBank1
 .text.FLASH_Lock
                0x08013fb8        0x4 .\\\libF103PLC.a(stm32f10x_flash.o)
                0x08013fb8                FLASH_Lock
 .text.FLASH_GetStatus
                0x08013fbc       0x28 .\\\libF103PLC.a(stm32f10x_flash.o)
                0x08013fbc                FLASH_GetStatus
 .text.FLASH_GetBank1Status
                0x08013fe4       0x28 .\\\libF103PLC.a(stm32f10x_flash.o)
                0x08013fe4                FLASH_GetBank1Status
 .text.FLASH_WaitForLastBank1Operation
                0x0801400c       0x24 .\\\libF103PLC.a(stm32f10x_flash.o)
                0x0801400c                FLASH_WaitForLastBank1Operation
 .text.FLASH_ErasePage
                0x08014030       0x40 .\\\libF103PLC.a(stm32f10x_flash.o)
                0x08014030                FLASH_ErasePage
 .text.GPIO_Init
                0x08014070       0xb8 .\\\libF103PLC.a(stm32f10x_gpio.o)
                0x08014070                GPIO_Init
 .text.GPIO_SetBits
                0x08014128        0x4 .\\\libF103PLC.a(stm32f10x_gpio.o)
                0x08014128                GPIO_SetBits
 .text.GPIO_ResetBits
                0x0801412c        0x4 .\\\libF103PLC.a(stm32f10x_gpio.o)
                0x0801412c                GPIO_ResetBits
 .text.GPIO_EXTILineConfig
                0x08014130       0x2c .\\\libF103PLC.a(stm32f10x_gpio.o)
                0x08014130                GPIO_EXTILineConfig
 .text.I2C_DeInit
                0x0801415c       0x3c .\\\libF103PLC.a(stm32f10x_i2c.o)
                0x0801415c                I2C_DeInit
 .text.I2C_Init
                0x08014198       0xe4 .\\\libF103PLC.a(stm32f10x_i2c.o)
                0x08014198                I2C_Init
 .text.I2C_Cmd  0x0801427c       0x1c .\\\libF103PLC.a(stm32f10x_i2c.o)
                0x0801427c                I2C_Cmd
 .text.I2C_GenerateSTART
                0x08014298       0x1c .\\\libF103PLC.a(stm32f10x_i2c.o)
                0x08014298                I2C_GenerateSTART
 .text.I2C_GenerateSTOP
                0x080142b4       0x1c .\\\libF103PLC.a(stm32f10x_i2c.o)
                0x080142b4                I2C_GenerateSTOP
 .text.I2C_AcknowledgeConfig
                0x080142d0       0x1c .\\\libF103PLC.a(stm32f10x_i2c.o)
                0x080142d0                I2C_AcknowledgeConfig
 .text.I2C_SendData
                0x080142ec        0x4 .\\\libF103PLC.a(stm32f10x_i2c.o)
                0x080142ec                I2C_SendData
 .text.I2C_ReceiveData
                0x080142f0        0x8 .\\\libF103PLC.a(stm32f10x_i2c.o)
                0x080142f0                I2C_ReceiveData
 .text.I2C_Send7bitAddress
                0x080142f8       0x18 .\\\libF103PLC.a(stm32f10x_i2c.o)
                0x080142f8                I2C_Send7bitAddress
 .text.I2C_ReadRegister
                0x08014310       0x18 .\\\libF103PLC.a(stm32f10x_i2c.o)
                0x08014310                I2C_ReadRegister
 .text.I2C_CheckEvent
                0x08014328       0x1c .\\\libF103PLC.a(stm32f10x_i2c.o)
                0x08014328                I2C_CheckEvent
 .text.I2C_GetFlagStatus
                0x08014344       0x38 .\\\libF103PLC.a(stm32f10x_i2c.o)
                0x08014344                I2C_GetFlagStatus
 .text.I2C_ClearFlag
                0x0801437c        0x8 .\\\libF103PLC.a(stm32f10x_i2c.o)
                0x0801437c                I2C_ClearFlag
 .text.RCC_USBCLKConfig
                0x08014384        0xc .\\\libF103PLC.a(stm32f10x_rcc.o)
                0x08014384                RCC_USBCLKConfig
 .text.RCC_GetClocksFreq
                0x08014390       0x9c .\\\libF103PLC.a(stm32f10x_rcc.o)
                0x08014390                RCC_GetClocksFreq
 .text.RCC_AHBPeriphClockCmd
                0x0801442c       0x1c .\\\libF103PLC.a(stm32f10x_rcc.o)
                0x0801442c                RCC_AHBPeriphClockCmd
 .text.RCC_APB2PeriphClockCmd
                0x08014448       0x1c .\\\libF103PLC.a(stm32f10x_rcc.o)
                0x08014448                RCC_APB2PeriphClockCmd
 .text.RCC_APB1PeriphClockCmd
                0x08014464       0x1c .\\\libF103PLC.a(stm32f10x_rcc.o)
                0x08014464                RCC_APB1PeriphClockCmd
 .text.RCC_APB1PeriphResetCmd
                0x08014480       0x1c .\\\libF103PLC.a(stm32f10x_rcc.o)
                0x08014480                RCC_APB1PeriphResetCmd
 .text.TIM_TimeBaseInit
                0x0801449c       0xa8 .\\\libF103PLC.a(stm32f10x_tim.o)
                0x0801449c                TIM_TimeBaseInit
 .text.TIM_Cmd  0x08014544       0x1c .\\\libF103PLC.a(stm32f10x_tim.o)
                0x08014544                TIM_Cmd
 .text.TIM_DMACmd
                0x08014560       0x14 .\\\libF103PLC.a(stm32f10x_tim.o)
                0x08014560                TIM_DMACmd
 .text.TIM_ITConfig
                0x08014574        0x4 .\\\libF103PLC.a(stm32f10x_tim.o)
                0x08014574                TIM_ITConfig
 .text.TIM_SelectOnePulseMode
                0x08014578       0x18 .\\\libF103PLC.a(stm32f10x_tim.o)
                0x08014578                TIM_SelectOnePulseMode
 .text.TIM_GetITStatus
                0x08014590       0x18 .\\\libF103PLC.a(stm32f10x_tim.o)
                0x08014590                TIM_GetITStatus
 .text.TIM_ClearITPendingBit
                0x080145a8        0x8 .\\\libF103PLC.a(stm32f10x_tim.o)
                0x080145a8                TIM_ClearITPendingBit
 .text.USART_Init
                0x080145b0       0xbc .\\\libF103PLC.a(stm32f10x_usart.o)
                0x080145b0                USART_Init
 .text.USART_Cmd
                0x0801466c       0x1c .\\\libF103PLC.a(stm32f10x_usart.o)
                0x0801466c                USART_Cmd
 .text.USART_ITConfig
                0x08014688       0x38 .\\\libF103PLC.a(stm32f10x_usart.o)
                0x08014688                USART_ITConfig
 .text.USART_DMACmd
                0x080146c0       0x14 .\\\libF103PLC.a(stm32f10x_usart.o)
                0x080146c0                USART_DMACmd
 .text.USART_ReceiveData
                0x080146d4        0x8 .\\\libF103PLC.a(stm32f10x_usart.o)
                0x080146d4                USART_ReceiveData
 .text.comm_task
                0x080146dc       0x18 .\\\libF103PLC.a(com_task.o)
                0x080146dc                comm_task
 .text.CrcCheck
                0x080146f4       0x38 .\\\libF103PLC.a(inline_fun.o)
                0x080146f4                CrcCheck
 .text.reset_Com_Mode
                0x0801472c       0x14 .\\\libF103PLC.a(inline_fun.o)
                0x0801472c                reset_Com_Mode
 .text.setChar  0x08014740       0x1c .\\\libF103PLC.a(inline_fun.o)
                0x08014740                setChar
 .text.setFirstChar
                0x0801475c       0x3c .\\\libF103PLC.a(inline_fun.o)
                0x0801475c                setFirstChar
 .text.changeToRevComplete
                0x08014798       0x38 .\\\libF103PLC.a(inline_fun.o)
                0x08014798                changeToRevComplete
 .text.get_curr_frame
                0x080147d0       0x3c .\\\libF103PLC.a(inline_fun.o)
                0x080147d0                get_curr_frame
 .text.release_curr_frame
                0x0801480c       0x2c .\\\libF103PLC.a(inline_fun.o)
                0x0801480c                release_curr_frame
 .text.release_CurReving_Frame
                0x08014838       0x2c .\\\libF103PLC.a(inline_fun.o)
                0x08014838                release_CurReving_Frame
 .text.initial_com_buffer
                0x08014864       0x64 .\\\libF103PLC.a(inline_fun.o)
                0x08014864                initial_com_buffer
 .text.initial_usb_buffer
                0x080148c8       0x20 .\\\libF103PLC.a(inline_fun.o)
                0x080148c8                initial_usb_buffer
 .text.initial_com_modbus
                0x080148e8       0x7c .\\\libF103PLC.a(inline_fun.o)
                0x080148e8                initial_com_modbus
 .text.initial_usb_modbus
                0x08014964       0x4c .\\\libF103PLC.a(inline_fun.o)
                0x08014964                initial_usb_modbus
 .text.err_code_deal
                0x080149b0       0x6c .\\\libF103PLC.a(inline_fun.o)
                0x080149b0                err_code_deal
 .text.global_sys_initial
                0x08014a1c       0x3c .\\\libF103PLC.a(inline_fun.o)
                0x08014a1c                global_sys_initial
 .text.bit_adr_beyond_check
                0x08014a58      0x17c .\\\libF103PLC.a(modbus_slave.o)
 .text.words_adr_beyond_check
                0x08014bd4      0x1c4 .\\\libF103PLC.a(modbus_slave.o)
 .text.err_response
                0x08014d98       0xb8 .\\\libF103PLC.a(modbus_slave.o)
 .text.response_of_copy_rev.part.1
                0x08014e50       0x40 .\\\libF103PLC.a(modbus_slave.o)
 .text.write_bit_form_frame
                0x08014e90      0x208 .\\\libF103PLC.a(modbus_slave.o)
 .text.verify_frame.part.2
                0x08015098       0x3c .\\\libF103PLC.a(modbus_slave.o)
 .text.read_bit_form_frame
                0x080150d4      0x1f8 .\\\libF103PLC.a(modbus_slave.o)
 .text.response_slave_counter
                0x080152cc       0x94 .\\\libF103PLC.a(modbus_slave.o)
 .text.modbus_verify_check.part.4
                0x08015360       0x70 .\\\libF103PLC.a(modbus_slave.o)
 .text.check_frame_num.part.5
                0x080153d0       0x84 .\\\libF103PLC.a(modbus_slave.o)
 .text.modbus_adr_check
                0x08015454       0x60 .\\\libF103PLC.a(modbus_slave.o)
                0x08015454                modbus_adr_check
 .text.FGsCompile_Err_Response
                0x080154b4       0x60 .\\\libF103PLC.a(modbus_slave.o)
                0x080154b4                FGsCompile_Err_Response
 .text.FGsCompile_Frame_CrcCheck
                0x08015514       0x4c .\\\libF103PLC.a(modbus_slave.o)
                0x08015514                FGsCompile_Frame_CrcCheck
 .text.FGsCompile_Add_Header
                0x08015560       0x38 .\\\libF103PLC.a(modbus_slave.o)
                0x08015560                FGsCompile_Add_Header
 .text.FGsCompile_Decrypt
                0x08015598       0x54 .\\\libF103PLC.a(modbus_slave.o)
                0x08015598                FGsCompile_Decrypt
 .text.rev_fcode_deal
                0x080155ec     0x1098 .\\\libF103PLC.a(modbus_slave.o)
                0x080155ec                rev_fcode_deal
 .text.modbus_slave_rev
                0x08016684      0x564 .\\\libF103PLC.a(modbus_slave.o)
                0x08016684                modbus_slave_rev
 .text.com_modbus_slave
                0x08016be8       0x90 .\\\libF103PLC.a(modbus_slave.o)
                0x08016be8                com_modbus_slave
 .text.usb_bit_adr_beyond_check
                0x08016c78      0x124 .\\\libF103PLC.a(modbus_slave_usb.o)
 .text.usb_words_adr_beyond_check
                0x08016d9c      0x168 .\\\libF103PLC.a(modbus_slave_usb.o)
 .text.usb_err_response
                0x08016f04       0x70 .\\\libF103PLC.a(modbus_slave_usb.o)
 .text.usb_modbus_adr_check
                0x08016f74       0x4c .\\\libF103PLC.a(modbus_slave_usb.o)
 .text.usb_response_of_copy_rev.part.2
                0x08016fc0       0x3c .\\\libF103PLC.a(modbus_slave_usb.o)
 .text.usb_verify_frame.part.3
                0x08016ffc       0x30 .\\\libF103PLC.a(modbus_slave_usb.o)
 .text.usb_read_bit_form_frame
                0x0801702c      0x19c .\\\libF103PLC.a(modbus_slave_usb.o)
 .text.usb_response_slave_counter
                0x080171c8       0x74 .\\\libF103PLC.a(modbus_slave_usb.o)
 .text.usb_check_frame_num.part.5
                0x0801723c       0x78 .\\\libF103PLC.a(modbus_slave_usb.o)
 .text.usb_modbus_verify_check
                0x080172b4       0x58 .\\\libF103PLC.a(modbus_slave_usb.o)
                0x080172b4                usb_modbus_verify_check
 .text.usb_FGsCompile_Err_Response
                0x0801730c       0x3c .\\\libF103PLC.a(modbus_slave_usb.o)
                0x0801730c                usb_FGsCompile_Err_Response
 .text.usb_FGsCompile_Frame_CrcCheck
                0x08017348       0x44 .\\\libF103PLC.a(modbus_slave_usb.o)
                0x08017348                usb_FGsCompile_Frame_CrcCheck
 .text.usb_FGsCompile_Add_Header
                0x0801738c       0x30 .\\\libF103PLC.a(modbus_slave_usb.o)
                0x0801738c                usb_FGsCompile_Add_Header
 .text.usb_FGsCompile_Decrypt
                0x080173bc       0x54 .\\\libF103PLC.a(modbus_slave_usb.o)
                0x080173bc                usb_FGsCompile_Decrypt
 .text.usb_rev_fcode_deal
                0x08017410      0xfb0 .\\\libF103PLC.a(modbus_slave_usb.o)
                0x08017410                usb_rev_fcode_deal
 .text.usb_modbus_slave_rev
                0x080183c0      0x4a4 .\\\libF103PLC.a(modbus_slave_usb.o)
                0x080183c0                usb_modbus_slave_rev
 .text.usb_modbus_slave
                0x08018864      0x170 .\\\libF103PLC.a(modbus_slave_usb.o)
                0x08018864                usb_modbus_slave
 .text.FGs_Read_Handle
                0x080189d4      0x2cc .\\\libF103PLC.a(SamFGs_Slave.o)
 .text.FGs_Write_Handle
                0x08018ca0      0x378 .\\\libF103PLC.a(SamFGs_Slave.o)
 .text.FGs_Pack_Check.part.0
                0x08019018       0xb4 .\\\libF103PLC.a(SamFGs_Slave.o)
 .text.FGs_Return_ECode
                0x080190cc       0xcc .\\\libF103PLC.a(SamFGs_Slave.o)
                0x080190cc                FGs_Return_ECode
 .text.FGs_Read_Analysis
                0x08019198      0x234 .\\\libF103PLC.a(SamFGs_Slave.o)
                0x08019198                FGs_Read_Analysis
 .text.FGs_verify_check
                0x080193cc       0x70 .\\\libF103PLC.a(SamFGs_Slave.o)
                0x080193cc                FGs_verify_check
 .text.FGs_Write_Analysis
                0x0801943c      0x110 .\\\libF103PLC.a(SamFGs_Slave.o)
                0x0801943c                FGs_Write_Analysis
 .text.FGs_Fcode_Deal
                0x0801954c       0x4c .\\\libF103PLC.a(SamFGs_Slave.o)
                0x0801954c                FGs_Fcode_Deal
 .text.usb_FGs_Read_Handle
                0x08019598      0x2cc .\\\libF103PLC.a(SamFGs_Slave_usb.o)
 .text.usb_FGs_Write_Handle
                0x08019864      0x378 .\\\libF103PLC.a(SamFGs_Slave_usb.o)
 .text.usb_FGs_Pack_Check.part.0
                0x08019bdc       0xb4 .\\\libF103PLC.a(SamFGs_Slave_usb.o)
 .text.usb_FGs_Return_ECode
                0x08019c90       0xb4 .\\\libF103PLC.a(SamFGs_Slave_usb.o)
                0x08019c90                usb_FGs_Return_ECode
 .text.usb_FGs_Read_Analysis
                0x08019d44      0x1f4 .\\\libF103PLC.a(SamFGs_Slave_usb.o)
                0x08019d44                usb_FGs_Read_Analysis
 .text.usb_FGs_verify_check
                0x08019f38       0x58 .\\\libF103PLC.a(SamFGs_Slave_usb.o)
                0x08019f38                usb_FGs_verify_check
 .text.usb_FGs_Write_Analysis
                0x08019f90      0x108 .\\\libF103PLC.a(SamFGs_Slave_usb.o)
                0x08019f90                usb_FGs_Write_Analysis
 .text.usb_FGs_Fcode_Deal
                0x0801a098       0x40 .\\\libF103PLC.a(SamFGs_Slave_usb.o)
                0x0801a098                usb_FGs_Fcode_Deal
 .text.usb_task
                0x0801a0d8       0x18 .\\\libF103PLC.a(usb_task.o)
                0x0801a0d8                usb_task
 .text.PLC_ProExecuteTask
                0x0801a0f0       0x1c .\\\libF103PLC.a(FreeRTOS_Task.o)
                0x0801a0f0                PLC_ProExecuteTask
 .text.FreeRTOS_TaskInit
                0x0801a10c       0x2c .\\\libF103PLC.a(FreeRTOS_Task.o)
                0x0801a10c                FreeRTOS_TaskInit
 .text.unlikely.prvInsertBlockIntoFreeList
                0x0801a138       0x4c .\\\libF103PLC.a(heap_4.o)
 .text.pvPortMalloc
                0x0801a184      0x13c .\\\libF103PLC.a(heap_4.o)
                0x0801a184                pvPortMalloc
 .text.vPortFree
                0x0801a2c0       0x70 .\\\libF103PLC.a(heap_4.o)
                0x0801a2c0                vPortFree
 .text.vListInitialise
                0x0801a330       0x18 .\\\libF103PLC.a(list.o)
                0x0801a330                vListInitialise
 .text.vListInitialiseItem
                0x0801a348        0x8 .\\\libF103PLC.a(list.o)
                0x0801a348                vListInitialiseItem
 .text.vListInsertEnd
                0x0801a350       0x1c .\\\libF103PLC.a(list.o)
                0x0801a350                vListInsertEnd
 .text.uxListRemove
                0x0801a36c       0x28 .\\\libF103PLC.a(list.o)
                0x0801a36c                uxListRemove
 .text.prvTaskExitError
                0x0801a394       0x30 .\\\libF103PLC.a(port.o)
 .text.prvPortStartFirstTask
                0x0801a3c4       0x20 .\\\libF103PLC.a(port.o)
 .text.pxPortInitialiseStack
                0x0801a3e4       0x24 .\\\libF103PLC.a(port.o)
                0x0801a3e4                pxPortInitialiseStack
 *fill*         0x0801a408        0x8 
 .text.SVC_Handler
                0x0801a410       0x24 .\\\libF103PLC.a(port.o)
                0x0801a410                SVC_Handler
 .text.vPortEnterCritical
                0x0801a434       0x44 .\\\libF103PLC.a(port.o)
                0x0801a434                vPortEnterCritical
 .text.vPortExitCritical
                0x0801a478       0x28 .\\\libF103PLC.a(port.o)
                0x0801a478                vPortExitCritical
 .text.PendSV_Handler
                0x0801a4a0       0x44 .\\\libF103PLC.a(port.o)
                0x0801a4a0                PendSV_Handler
 .text.xPortSysTickHandler
                0x0801a4e4       0x2c .\\\libF103PLC.a(port.o)
                0x0801a4e4                xPortSysTickHandler
 .text.vPortSetupTimerInterrupt
                0x0801a510       0x2c .\\\libF103PLC.a(port.o)
                0x0801a510                vPortSetupTimerInterrupt
 .text.xPortStartScheduler
                0x0801a53c       0x98 .\\\libF103PLC.a(port.o)
                0x0801a53c                xPortStartScheduler
 .text.prvResetNextTaskUnblockTime.part.1
                0x0801a5d4       0x18 .\\\libF103PLC.a(tasks.o)
 .text.xTaskCreate
                0x0801a5ec      0x1e4 .\\\libF103PLC.a(tasks.o)
                0x0801a5ec                xTaskCreate
 .text.vTaskStartScheduler
                0x0801a7d0       0x78 .\\\libF103PLC.a(tasks.o)
                0x0801a7d0                vTaskStartScheduler
 .text.vTaskSuspendAll
                0x0801a848       0x10 .\\\libF103PLC.a(tasks.o)
                0x0801a848                vTaskSuspendAll
 .text.xTaskIncrementTick
                0x0801a858      0x14c .\\\libF103PLC.a(tasks.o)
                0x0801a858                xTaskIncrementTick
 .text.xTaskResumeAll
                0x0801a9a4      0x10c .\\\libF103PLC.a(tasks.o)
                0x0801a9a4                xTaskResumeAll
 .text.prvIdleTask
                0x0801aab0       0x98 .\\\libF103PLC.a(tasks.o)
 .text.vTaskSwitchContext
                0x0801ab48       0x70 .\\\libF103PLC.a(tasks.o)
                0x0801ab48                vTaskSwitchContext
 .text.xTaskGetSchedulerState
                0x0801abb8       0x20 .\\\libF103PLC.a(tasks.o)
                0x0801abb8                xTaskGetSchedulerState
 .text.Enter_LowPowerMode
                0x0801abd8        0xc .\\\libF103PLC.a(hw_config.o)
                0x0801abd8                Enter_LowPowerMode
 .text.Leave_LowPowerMode
                0x0801abe4       0x20 .\\\libF103PLC.a(hw_config.o)
                0x0801abe4                Leave_LowPowerMode
 .text.USB_Cable_Config
                0x0801ac04       0x18 .\\\libF103PLC.a(hw_config.o)
                0x0801ac04                USB_Cable_Config
 .text.Get_SerialNum
                0x0801ac1c       0x50 .\\\libF103PLC.a(hw_config.o)
                0x0801ac1c                Get_SerialNum
 .text.USB_Device_Init
                0x0801ac6c       0x98 .\\\libF103PLC.a(hw_config.o)
                0x0801ac6c                USB_Device_Init
 .text.ERR_Callback
                0x0801ad04        0x4 .\\\libF103PLC.a(usb_callback.o)
                0x0801ad04                ERR_Callback
 .text.WKUP_Callback
                0x0801ad08        0x4 .\\\libF103PLC.a(usb_callback.o)
                0x0801ad08                WKUP_Callback
 .text.Standard_GetConfiguration
                0x0801ad0c       0x28 .\\\libF103PLC.a(usb_core.o)
                0x0801ad0c                Standard_GetConfiguration
 .text.Standard_GetInterface
                0x0801ad34       0x28 .\\\libF103PLC.a(usb_core.o)
                0x0801ad34                Standard_GetInterface
 .text.Standard_GetStatus
                0x0801ad5c       0x8c .\\\libF103PLC.a(usb_core.o)
                0x0801ad5c                Standard_GetStatus
 .text.DataStageIn
                0x0801ade8       0xb0 .\\\libF103PLC.a(usb_core.o)
 .text.Standard_SetConfiguration
                0x0801ae98       0x3c .\\\libF103PLC.a(usb_core.o)
                0x0801ae98                Standard_SetConfiguration
 .text.Standard_SetInterface
                0x0801aed4       0x50 .\\\libF103PLC.a(usb_core.o)
                0x0801aed4                Standard_SetInterface
 .text.Standard_ClearFeature
                0x0801af24       0xd0 .\\\libF103PLC.a(usb_core.o)
                0x0801af24                Standard_ClearFeature
 .text.Standard_SetEndPointFeature
                0x0801aff4       0x88 .\\\libF103PLC.a(usb_core.o)
                0x0801aff4                Standard_SetEndPointFeature
 .text.Standard_GetDescriptorData
                0x0801b07c       0x1c .\\\libF103PLC.a(usb_core.o)
                0x0801b07c                Standard_GetDescriptorData
 .text.Post0_Process
                0x0801b098       0x44 .\\\libF103PLC.a(usb_core.o)
                0x0801b098                Post0_Process
 .text.Setup0_Process
                0x0801b0dc      0x370 .\\\libF103PLC.a(usb_core.o)
                0x0801b0dc                Setup0_Process
 .text.Out0_Process
                0x0801b44c       0xf0 .\\\libF103PLC.a(usb_core.o)
                0x0801b44c                Out0_Process
 .text.In0_Process
                0x0801b53c       0xa0 .\\\libF103PLC.a(usb_core.o)
                0x0801b53c                In0_Process
 .text.SetDeviceAddress
                0x0801b5dc       0x38 .\\\libF103PLC.a(usb_core.o)
                0x0801b5dc                SetDeviceAddress
 .text.NOP_Process
                0x0801b614        0x4 .\\\libF103PLC.a(usb_core.o)
                0x0801b614                NOP_Process
 .text.EP1_IN_Callback
                0x0801b618        0x4 .\\\libF103PLC.a(usb_endp.o)
                0x0801b618                EP1_IN_Callback
 .text.EP2_OUT_Callback
                0x0801b61c        0x4 .\\\libF103PLC.a(usb_endp.o)
                0x0801b61c                EP2_OUT_Callback
 .text.USB_Init
                0x0801b620       0x38 .\\\libF103PLC.a(usb_init.o)
                0x0801b620                USB_Init
 .text.CTR_LP   0x0801b658      0x170 .\\\libF103PLC.a(usb_int.o)
                0x0801b658                CTR_LP
 .text.CTR_HP   0x0801b7c8       0x74 .\\\libF103PLC.a(usb_int.o)
                0x0801b7c8                CTR_HP
 .text.USB_Istr
                0x0801b83c       0xcc .\\\libF103PLC.a(usb_istr.o)
                0x0801b83c                USB_Istr
 .text.UserToPMABufferCopy
                0x0801b908       0x28 .\\\libF103PLC.a(usb_mem.o)
                0x0801b908                UserToPMABufferCopy
 .text.PMAToUserBufferCopy
                0x0801b930       0x20 .\\\libF103PLC.a(usb_mem.o)
                0x0801b930                PMAToUserBufferCopy
 .text.Mass_Storage_SetDeviceAddress
                0x0801b950        0xc .\\\libF103PLC.a(usb_prop.o)
                0x0801b950                Mass_Storage_SetDeviceAddress
 .text.MASS_Status_Out
                0x0801b95c        0x4 .\\\libF103PLC.a(usb_prop.o)
                0x0801b95c                MASS_Status_Out
 .text.MASS_Data_Setup
                0x0801b960        0x4 .\\\libF103PLC.a(usb_prop.o)
                0x0801b960                MASS_Data_Setup
 .text.MASS_Get_Interface_Setting
                0x0801b964       0x10 .\\\libF103PLC.a(usb_prop.o)
                0x0801b964                MASS_Get_Interface_Setting
 .text.MASS_init
                0x0801b974       0x3c .\\\libF103PLC.a(usb_prop.o)
                0x0801b974                MASS_init
 .text.MASS_Reset
                0x0801b9b0       0xc4 .\\\libF103PLC.a(usb_prop.o)
                0x0801b9b0                MASS_Reset
 .text.MASS_GetDeviceDescriptor
                0x0801ba74        0xc .\\\libF103PLC.a(usb_prop.o)
                0x0801ba74                MASS_GetDeviceDescriptor
 .text.MASS_GetConfigDescriptor
                0x0801ba80        0xc .\\\libF103PLC.a(usb_prop.o)
                0x0801ba80                MASS_GetConfigDescriptor
 .text.MASS_GetStringDescriptor
                0x0801ba8c       0x20 .\\\libF103PLC.a(usb_prop.o)
                0x0801ba8c                MASS_GetStringDescriptor
 .text.Mass_Storage_SetConfiguration
                0x0801baac       0x2c .\\\libF103PLC.a(usb_prop.o)
                0x0801baac                Mass_Storage_SetConfiguration
 .text.MASS_NoData_Setup
                0x0801bad8       0x3c .\\\libF103PLC.a(usb_prop.o)
                0x0801bad8                MASS_NoData_Setup
 .text.MASS_Status_In
                0x0801bb14        0x4 .\\\libF103PLC.a(usb_prop.o)
                0x0801bb14                MASS_Status_In
 .text.Mass_Storage_ClearFeature
                0x0801bb18        0x4 .\\\libF103PLC.a(usb_prop.o)
                0x0801bb18                Mass_Storage_ClearFeature
 .text.PowerOn  0x0801bb1c       0x30 .\\\libF103PLC.a(usb_pwr.o)
                0x0801bb1c                PowerOn
 .text.Suspend  0x0801bb4c       0x20 .\\\libF103PLC.a(usb_pwr.o)
                0x0801bb4c                Suspend
 .text.Resume   0x0801bb6c       0xb8 .\\\libF103PLC.a(usb_pwr.o)
                0x0801bb6c                Resume
 .text.SetBTABLE
                0x0801bc24       0x10 .\\\libF103PLC.a(usb_regs.o)
                0x0801bc24                SetBTABLE
 .text.SetEPType
                0x0801bc34       0x1c .\\\libF103PLC.a(usb_regs.o)
                0x0801bc34                SetEPType
 .text.SetEPTxStatus
                0x0801bc50       0x2c .\\\libF103PLC.a(usb_regs.o)
                0x0801bc50                SetEPTxStatus
 .text.SetEPRxStatus
                0x0801bc7c       0x2c .\\\libF103PLC.a(usb_regs.o)
                0x0801bc7c                SetEPRxStatus
 .text.GetEPTxStatus
                0x0801bca8       0x14 .\\\libF103PLC.a(usb_regs.o)
                0x0801bca8                GetEPTxStatus
 .text.GetEPRxStatus
                0x0801bcbc       0x14 .\\\libF103PLC.a(usb_regs.o)
                0x0801bcbc                GetEPRxStatus
 .text.SetEPRxValid
                0x0801bcd0       0x20 .\\\libF103PLC.a(usb_regs.o)
                0x0801bcd0                SetEPRxValid
 .text.ClearEPDoubleBuff
                0x0801bcf0       0x18 .\\\libF103PLC.a(usb_regs.o)
                0x0801bcf0                ClearEPDoubleBuff
 .text.Clear_Status_Out
                0x0801bd08        0x4 .\\\libF103PLC.a(usb_regs.o)
                0x0801bd08                Clear_Status_Out
 .text.ClearDTOG_RX
                0x0801bd0c       0x20 .\\\libF103PLC.a(usb_regs.o)
                0x0801bd0c                ClearDTOG_RX
 .text.ClearDTOG_TX
                0x0801bd2c       0x20 .\\\libF103PLC.a(usb_regs.o)
                0x0801bd2c                ClearDTOG_TX
 .text.SetEPTxCount
                0x0801bd4c       0x1c .\\\libF103PLC.a(usb_regs.o)
                0x0801bd4c                SetEPTxCount
 .text.SetEPRxCount
                0x0801bd68       0x44 .\\\libF103PLC.a(usb_regs.o)
                0x0801bd68                SetEPRxCount
 .text.SetEPDblBuf0Addr
                0x0801bdac       0x20 .\\\libF103PLC.a(usb_regs.o)
                0x0801bdac                SetEPDblBuf0Addr
 .text.SetEPTxAddr
                0x0801bdcc        0x4 .\\\libF103PLC.a(usb_regs.o)
                0x0801bdcc                SetEPTxAddr
 .text.SetEPDblBuf1Addr
                0x0801bdd0       0x20 .\\\libF103PLC.a(usb_regs.o)
                0x0801bdd0                SetEPDblBuf1Addr
 .text.SetEPRxAddr
                0x0801bdf0        0x4 .\\\libF103PLC.a(usb_regs.o)
                0x0801bdf0                SetEPRxAddr
 .text.GetEPDblBuf0Addr
                0x0801bdf4       0x1c .\\\libF103PLC.a(usb_regs.o)
                0x0801bdf4                GetEPDblBuf0Addr
 .text.GetEPTxAddr
                0x0801be10        0x4 .\\\libF103PLC.a(usb_regs.o)
                0x0801be10                GetEPTxAddr
 .text.GetEPDblBuf1Addr
                0x0801be14       0x1c .\\\libF103PLC.a(usb_regs.o)
                0x0801be14                GetEPDblBuf1Addr
 .text.GetEPRxAddr
                0x0801be30        0x4 .\\\libF103PLC.a(usb_regs.o)
                0x0801be30                GetEPRxAddr
 .text.GetEPDblBuf1Count
                0x0801be34       0x20 .\\\libF103PLC.a(usb_regs.o)
                0x0801be34                GetEPDblBuf1Count
 .text.GetEPRxCount
                0x0801be54        0x4 .\\\libF103PLC.a(usb_regs.o)
                0x0801be54                GetEPRxCount
 .text.ByteSwap
                0x0801be58        0xc .\\\libF103PLC.a(usb_regs.o)
                0x0801be58                ByteSwap
 .text          0x0801be64      0x370 y:/projects/samsoarii-new/samsoarii/bin/x86/compiler/arm/bin/../lib/gcc/arm-none-eabi/5.4.1/armv7-m\libgcc.a(_arm_addsubdf3.o)
                0x0801be64                __aeabi_drsub
                0x0801be6c                __aeabi_dsub
                0x0801be6c                __subdf3
                0x0801be70                __aeabi_dadd
                0x0801be70                __adddf3
                0x0801c0e8                __floatunsidf
                0x0801c0e8                __aeabi_ui2d
                0x0801c108                __floatsidf
                0x0801c108                __aeabi_i2d
                0x0801c12c                __aeabi_f2d
                0x0801c12c                __extendsfdf2
                0x0801c168                __floatundidf
                0x0801c168                __aeabi_ul2d
                0x0801c178                __floatdidf
                0x0801c178                __aeabi_l2d
 .text          0x0801c1d4      0x424 y:/projects/samsoarii-new/samsoarii/bin/x86/compiler/arm/bin/../lib/gcc/arm-none-eabi/5.4.1/armv7-m\libgcc.a(_arm_muldivdf3.o)
                0x0801c1d4                __aeabi_dmul
                0x0801c1d4                __muldf3
                0x0801c428                __divdf3
                0x0801c428                __aeabi_ddiv
 .text          0x0801c5f8       0x50 y:/projects/samsoarii-new/samsoarii/bin/x86/compiler/arm/bin/../lib/gcc/arm-none-eabi/5.4.1/armv7-m\libgcc.a(_arm_fixdfsi.o)
                0x0801c5f8                __aeabi_d2iz
                0x0801c5f8                __fixdfsi
 .text          0x0801c648       0x40 y:/projects/samsoarii-new/samsoarii/bin/x86/compiler/arm/bin/../lib/gcc/arm-none-eabi/5.4.1/armv7-m\libgcc.a(_arm_fixunsdfsi.o)
                0x0801c648                __aeabi_d2uiz
                0x0801c648                __fixunsdfsi
 .text          0x0801c688      0x21c y:/projects/samsoarii-new/samsoarii/bin/x86/compiler/arm/bin/../lib/gcc/arm-none-eabi/5.4.1/armv7-m\libgcc.a(_arm_addsubsf3.o)
                0x0801c688                __aeabi_frsub
                0x0801c690                __subsf3
                0x0801c690                __aeabi_fsub
                0x0801c694                __aeabi_fadd
                0x0801c694                __addsf3
                0x0801c7f4                __aeabi_ui2f
                0x0801c7f4                __floatunsisf
                0x0801c7fc                __aeabi_i2f
                0x0801c7fc                __floatsisf
                0x0801c818                __aeabi_ul2f
                0x0801c818                __floatundisf
                0x0801c828                __aeabi_l2f
                0x0801c828                __floatdisf
 .text          0x0801c8a4      0x2a0 y:/projects/samsoarii-new/samsoarii/bin/x86/compiler/arm/bin/../lib/gcc/arm-none-eabi/5.4.1/armv7-m\libgcc.a(_arm_muldivsf3.o)
                0x0801c8a4                __mulsf3
                0x0801c8a4                __aeabi_fmul
                0x0801ca0c                __aeabi_fdiv
                0x0801ca0c                __divsf3
 .text          0x0801cb44       0x4c y:/projects/samsoarii-new/samsoarii/bin/x86/compiler/arm/bin/../lib/gcc/arm-none-eabi/5.4.1/armv7-m\libgcc.a(_arm_fixsfsi.o)
                0x0801cb44                __aeabi_f2iz
                0x0801cb44                __fixsfsi
 .text          0x0801cb90       0x40 y:/projects/samsoarii-new/samsoarii/bin/x86/compiler/arm/bin/../lib/gcc/arm-none-eabi/5.4.1/armv7-m\libgcc.a(_arm_fixunssfsi.o)
                0x0801cb90                __fixunssfsi
                0x0801cb90                __aeabi_f2uiz
 .text.memcmp   0x0801cbd0       0x1e y:/projects/samsoarii-new/samsoarii/bin/x86/compiler/arm/bin/../lib/gcc/arm-none-eabi/5.4.1/../../../../arm-none-eabi/lib/armv7-m\libc_nano.a(lib_a-memcmp.o)
                0x0801cbd0                memcmp
 .text.memcpy   0x0801cbee       0x16 y:/projects/samsoarii-new/samsoarii/bin/x86/compiler/arm/bin/../lib/gcc/arm-none-eabi/5.4.1/../../../../arm-none-eabi/lib/armv7-m\libc_nano.a(lib_a-memcpy-stub.o)
                0x0801cbee                memcpy
 .text.memset   0x0801cc04       0x10 y:/projects/samsoarii-new/samsoarii/bin/x86/compiler/arm/bin/../lib/gcc/arm-none-eabi/5.4.1/../../../../arm-none-eabi/lib/armv7-m\libc_nano.a(lib_a-memset.o)
                0x0801cc04                memset
 *(.rodata .rodata.* .constdata .constdata.*)
 .rodata        0x0801cc14        0x8 .\\\libF103PLC.a(device_initial.o)
 .rodata.PLC_X_PORT
                0x0801cc1c       0x40 .\\\libF103PLC.a(device_initial.o)
 .rodata.SYS_STATUS_PIN
                0x0801cc5c        0x4 .\\\libF103PLC.a(device_initial.o)
 .rodata.PLC_X_CLK
                0x0801cc60       0x40 .\\\libF103PLC.a(device_initial.o)
 .rodata.PLC_X_PIN
                0x0801cca0       0x20 .\\\libF103PLC.a(device_initial.o)
 .rodata.PLC_Y_CLK
                0x0801ccc0       0x20 .\\\libF103PLC.a(device_initial.o)
 .rodata.PLC_X_EXTI_LINE
                0x0801cce0       0x10 .\\\libF103PLC.a(device_initial.o)
 .rodata.PLC_Y_PIN
                0x0801ccf0       0x20 .\\\libF103PLC.a(device_initial.o)
 .rodata.LED_PORT
                0x0801cd10        0xc .\\\libF103PLC.a(device_initial.o)
 .rodata.LED_PIN
                0x0801cd1c        0x6 .\\\libF103PLC.a(device_initial.o)
 *fill*         0x0801cd22        0x2 
 .rodata.PLC_X_PIN_SOURCE
                0x0801cd24       0x10 .\\\libF103PLC.a(device_initial.o)
 .rodata.SYS_STATUS_PORT
                0x0801cd34        0x8 .\\\libF103PLC.a(device_initial.o)
 .rodata.PLC_X_PORT_SOURCE
                0x0801cd3c       0x10 .\\\libF103PLC.a(device_initial.o)
 .rodata.LED_CLK
                0x0801cd4c        0xc .\\\libF103PLC.a(device_initial.o)
 .rodata.PLC_Y_PORT
                0x0801cd58       0x40 .\\\libF103PLC.a(device_initial.o)
 .rodata.PLC_X_IRQn
                0x0801cd98       0x10 .\\\libF103PLC.a(device_initial.o)
 .rodata.SYS_STATUS_CLK
                0x0801cda8        0x8 .\\\libF103PLC.a(device_initial.o)
 .rodata.gpio_out
                0x0801cdb0        0x8 .\\\libF103PLC.a(instruction.o)
 .rodata.PLCOUT_Y
                0x0801cdb8       0x40 .\\\libF103PLC.a(instruction.o)
                0x0801cdb8                PLCOUT_Y
 .rodata.yn_time
                0x0801cdf8        0x8 .\\\libF103PLC.a(instruction.o)
 .rodata.gpio_cr
                0x0801ce00        0x8 .\\\libF103PLC.a(instruction.o)
 .rodata.yn_ctrl_time
                0x0801ce08        0x8 .\\\libF103PLC.a(instruction.o)
 .rodata.plc_x_line
                0x0801ce10       0x10 .\\\libF103PLC.a(instruction.o)
                0x0801ce10                plc_x_line
 .rodata.TXD_COM_FUN
                0x0801ce20        0x8 .\\\libF103PLC.a(interrupt.o)
                0x0801ce20                TXD_COM_FUN
 .rodata.g_sd_wr_permit_flag
                0x0801ce28       0xc0 .\\\libF103PLC.a(main.o)
                0x0801ce28                g_sd_wr_permit_flag
 .rodata.g_mkpt_wr_permit_flag
                0x0801cee8       0x10 .\\\libF103PLC.a(main.o)
                0x0801cee8                g_mkpt_wr_permit_flag
 .rodata.g_mwr_permit_flag
                0x0801cef8       0x62 .\\\libF103PLC.a(main.o)
                0x0801cef8                g_mwr_permit_flag
 *fill*         0x0801cf5a        0x2 
 .rodata.g_sm_wr_permit_flag
                0x0801cf5c       0xc0 .\\\libF103PLC.a(main.o)
                0x0801cf5c                g_sm_wr_permit_flag
 .rodata.g_dkpt_wr_permit_flag
                0x0801d01c       0x10 .\\\libF103PLC.a(main.o)
                0x0801d01c                g_dkpt_wr_permit_flag
 .rodata        0x0801d02c       0x30 .\\\libF103PLC.a(rtc_calendar.o)
 .rodata.Month_Tab
                0x0801d05c       0x24 .\\\libF103PLC.a(rtc_calendar.o)
                0x0801d05c                Month_Tab
 .rodata.str1.4
                0x0801d080       0x4f .\\\libF103PLC.a(rtc_calendar.o)
 *fill*         0x0801d0cf        0x1 
 .rodata.crc16_tab
                0x0801d0d0      0x200 .\\\libF103PLC.a(inline_fun.o)
                0x0801d0d0                crc16_tab
 .rodata.str1.4
                0x0801d2d0       0x13 .\\\libF103PLC.a(FreeRTOS_Task.o)
 *fill*         0x0801d2e3        0x1 
 .rodata.str1.4
                0x0801d2e4        0x8 .\\\libF103PLC.a(tasks.o)
                                  0x5 (size before relaxing)
 .rodata.MASS_StringLangID
                0x0801d2ec        0x4 .\\\libF103PLC.a(usb_desc.o)
                0x0801d2ec                MASS_StringLangID
 .rodata.MASS_ConfigDescriptor
                0x0801d2f0       0x20 .\\\libF103PLC.a(usb_desc.o)
                0x0801d2f0                MASS_ConfigDescriptor
 .rodata.MASS_StringProduct
                0x0801d310       0x26 .\\\libF103PLC.a(usb_desc.o)
                0x0801d310                MASS_StringProduct
 *fill*         0x0801d336        0x2 
 .rodata.MASS_StringInterface
                0x0801d338       0x10 .\\\libF103PLC.a(usb_desc.o)
                0x0801d338                MASS_StringInterface
 .rodata.MASS_StringVendor
                0x0801d348       0x26 .\\\libF103PLC.a(usb_desc.o)
                0x0801d348                MASS_StringVendor
 *fill*         0x0801d36e        0x2 
 .rodata.MASS_DeviceDescriptor
                0x0801d370       0x12 .\\\libF103PLC.a(usb_desc.o)
                0x0801d370                MASS_DeviceDescriptor
 *(vtable)
 *(.eh_frame*)
 *(.glue_7)
 .glue_7        0x0801d382        0x0 linker stubs
 *(.glue_7t)
 .glue_7t       0x0801d382        0x0 linker stubs

.vfp11_veneer   0x0801d384        0x0
 .vfp11_veneer  0x0801d384        0x0 linker stubs

.v4_bx          0x0801d384        0x0
 .v4_bx         0x0801d384        0x0 linker stubs

.iplt           0x0801d384        0x0
 .iplt          0x0801d384        0x0 build\\downlib.o

.rel.dyn        0x0801d384        0x0
 .rel.iplt      0x0801d384        0x0 build\\downlib.o

.ARM.extab
 *(.ARM.extab* .gnu.linkonce.armextab.*)
                0x0801d384                . = ALIGN (0x4)
                0x0801d384                __exidx_start = .

.ARM.exidx
 *(.ARM.exidx* .gnu.linkonce.armexidx.*)
                0x0801d384                __exidx_end = .
                0x0801d384                . = ALIGN (0x4)
                0x0801d384                _etext = .
                0x0801d384                __etext = .

.data_CCMRAM    0x10000000        0x0 load address 0x0801d384
 FILL mask 0xff
 *(.data.CCMRAM .data.CCMRAM.*)
                0x10000000                . = ALIGN (0x4)
                0x0801d384                _sidata = LOADADDR (.data)

.data           0x20000000      0x118 load address 0x0801d384
 FILL mask 0xff
                0x20000000                _sdata = .
                0x20000000                __data_start__ = .
 *(.data_begin .data_begin.*)
 *(.data .data.*)
 .data.AHBPrescTable
                0x20000000       0x10 .\\\libF103PLC.a(system_stm32f10x.o)
                0x20000000                AHBPrescTable
 .data.SystemCoreClock
                0x20000010        0x4 .\\\libF103PLC.a(system_stm32f10x.o)
                0x20000010                SystemCoreClock
 .data.COMPILED_TIME
                0x20000014        0x4 .\\\libF103PLC.a(rtc_calendar.o)
                0x20000014                COMPILED_TIME
 .data.COMPILED_DATE
                0x20000018        0x4 .\\\libF103PLC.a(rtc_calendar.o)
                0x20000018                COMPILED_DATE
 .data.ADCPrescTable
                0x2000001c        0x4 .\\\libF103PLC.a(stm32f10x_rcc.o)
 .data.APBAHBPrescTable
                0x20000020       0x10 .\\\libF103PLC.a(stm32f10x_rcc.o)
 .data.uxCriticalNesting
                0x20000030        0x4 .\\\libF103PLC.a(port.o)
 .data.MASS_StringSerial
                0x20000034       0x1a .\\\libF103PLC.a(usb_desc.o)
                0x20000034                MASS_StringSerial
 *fill*         0x2000004e        0x2 ff
 .data.pEpInt_IN
                0x20000050       0x1c .\\\libF103PLC.a(usb_istr.o)
                0x20000050                pEpInt_IN
 .data.pEpInt_OUT
                0x2000006c       0x1c .\\\libF103PLC.a(usb_istr.o)
                0x2000006c                pEpInt_OUT
 .data.Config_Descriptor
                0x20000088        0x8 .\\\libF103PLC.a(usb_prop.o)
                0x20000088                Config_Descriptor
 .data.Device_Property
                0x20000090       0x30 .\\\libF103PLC.a(usb_prop.o)
                0x20000090                Device_Property
 .data.User_Standard_Requests
                0x200000c0       0x24 .\\\libF103PLC.a(usb_prop.o)
                0x200000c0                User_Standard_Requests
 .data.Device_Descriptor
                0x200000e4        0x8 .\\\libF103PLC.a(usb_prop.o)
                0x200000e4                Device_Descriptor
 .data.String_Descriptor
                0x200000ec       0x28 .\\\libF103PLC.a(usb_prop.o)
                0x200000ec                String_Descriptor
 .data.Device_Table
                0x20000114        0x2 .\\\libF103PLC.a(usb_prop.o)
                0x20000114                Device_Table
 .data.fSuspendEnabled
                0x20000116        0x1 .\\\libF103PLC.a(usb_pwr.o)
                0x20000116                fSuspendEnabled
 *(.data_end .data_end.*)
                0x20000118                . = ALIGN (0x4)
 *fill*         0x20000117        0x1 ff
                0x20000118                _edata = .
                0x20000118                __data_end__ = .

.igot.plt       0x20000118        0x0 load address 0x0801d49c
 .igot.plt      0x20000118        0x0 build\\downlib.o

.bss_CCMRAM     0x10000000        0x0
 *(.bss.CCMRAM .bss.CCMRAM.*)

.bss            0x20000118     0xb29c
                0x20000118                __bss_start__ = .
                0x20000118                _sbss = .
 *(.bss_begin .bss_begin.*)
 *(.bss .bss.*)
 .bss.old_couter_value
                0x20000118       0x18 .\\\libF103PLC.a(instruction.o)
                0x20000118                old_couter_value
 .bss.hcnt_stop_flag
                0x20000130       0x15 .\\\libF103PLC.a(instruction.o)
                0x20000130                hcnt_stop_flag
 .bss.counter_use_flag
                0x20000145        0x1 .\\\libF103PLC.a(instruction.o)
 *fill*         0x20000146        0x2 
 .bss.counter_setted_value
                0x20000148       0x54 .\\\libF103PLC.a(instruction.o)
 .bss.PLS_STOP_FLAG
                0x2000019c        0x2 .\\\libF103PLC.a(instruction.o)
                0x2000019c                PLS_STOP_FLAG
 *fill*         0x2000019e        0x2 
 .bss.Y_CTRL_TIME_CNT_Last
                0x200001a0        0x8 .\\\libF103PLC.a(instruction.o)
                0x200001a0                Y_CTRL_TIME_CNT_Last
 .bss.C253_Init_Flag
                0x200001a8        0x1 .\\\libF103PLC.a(instruction.o)
                0x200001a8                C253_Init_Flag
 *fill*         0x200001a9        0x3 
 .bss.One_Pluse_Mode_Flag
                0x200001ac        0x2 .\\\libF103PLC.a(instruction.o)
                0x200001ac                One_Pluse_Mode_Flag
 *fill*         0x200001ae        0x2 
 .bss.old_couter_mode
                0x200001b0       0x18 .\\\libF103PLC.a(instruction.o)
                0x200001b0                old_couter_mode
 .bss.ZRN_Finish_Flag
                0x200001c8        0x2 .\\\libF103PLC.a(instruction.o)
                0x200001c8                ZRN_Finish_Flag
 .bss.C250_Init_Flag
                0x200001ca        0x1 .\\\libF103PLC.a(instruction.o)
                0x200001ca                C250_Init_Flag
 *fill*         0x200001cb        0x1 
 .bss.usDirPin  0x200001cc        0x4 .\\\libF103PLC.a(instruction.o)
                0x200001cc                usDirPin
 .bss.counter_use_count
                0x200001d0        0x1 .\\\libF103PLC.a(instruction.o)
                0x200001d0                counter_use_count
 *fill*         0x200001d1        0x3 
 .bss.PLSA_LastFlag
                0x200001d4        0x2 .\\\libF103PLC.a(instruction.o)
                0x200001d4                PLSA_LastFlag
 .bss.C255_Init_Flag
                0x200001d6        0x1 .\\\libF103PLC.a(instruction.o)
                0x200001d6                C255_Init_Flag
 .bss.counter_init_flag
                0x200001d7        0x1 .\\\libF103PLC.a(instruction.o)
 .bss.counter_use_num
                0x200001d8        0x6 .\\\libF103PLC.a(instruction.o)
                0x200001d8                counter_use_num
 *fill*         0x200001de        0x2 
 .bss.Y_TIME_CNT_Last
                0x200001e0        0x8 .\\\libF103PLC.a(instruction.o)
                0x200001e0                Y_TIME_CNT_Last
 .bss.g_time1ms_count
                0x200001e8        0x4 .\\\libF103PLC.a(timercounter.o)
                0x200001e8                g_time1ms_count
 .bss.usCount1MIN
                0x200001ec        0x2 .\\\libF103PLC.a(timercounter.o)
 .bss.IsUnsureTime
                0x200001ee        0x1 .\\\libF103PLC.a(timercounter.o)
 *fill*         0x200001ef        0x1 
 .bss.LastTimeOffset
                0x200001f0        0x4 .\\\libF103PLC.a(timercounter.o)
 .bss.usCount1SEC
                0x200001f4        0x2 .\\\libF103PLC.a(timercounter.o)
 .bss.usCount100ms
                0x200001f6        0x2 .\\\libF103PLC.a(timercounter.o)
 .bss.usCount10ms
                0x200001f8        0x2 .\\\libF103PLC.a(timercounter.o)
 .bss.packNumRecord.8439
                0x200001fa        0x2 .\\\libF103PLC.a(modbus_slave.o)
 .bss.packNumRecord.8814
                0x200001fc        0x2 .\\\libF103PLC.a(modbus_slave_usb.o)
 *fill*         0x200001fe        0x2 
 .bss.ptr_pos.8367
                0x20000200        0x4 .\\\libF103PLC.a(SamFGs_Slave.o)
 .bss.ptr_pos.8364
                0x20000204        0x4 .\\\libF103PLC.a(SamFGs_Slave_usb.o)
 .bss.xFreeBytesRemaining
                0x20000208        0x4 .\\\libF103PLC.a(heap_4.o)
 .bss.pxEnd     0x2000020c        0x4 .\\\libF103PLC.a(heap_4.o)
 .bss.xStart    0x20000210        0x8 .\\\libF103PLC.a(heap_4.o)
 .bss.ucHeap    0x20000218     0x2800 .\\\libF103PLC.a(heap_4.o)
 .bss.xBlockAllocatedBit
                0x20002a18        0x4 .\\\libF103PLC.a(heap_4.o)
 .bss.xMinimumEverFreeBytesRemaining
                0x20002a1c        0x4 .\\\libF103PLC.a(heap_4.o)
 .bss.ucMaxSysCallPriority
                0x20002a20        0x1 .\\\libF103PLC.a(port.o)
 *fill*         0x20002a21        0x3 
 .bss.ulMaxPRIGROUPValue
                0x20002a24        0x4 .\\\libF103PLC.a(port.o)
 .bss.xNumOfOverflows
                0x20002a28        0x4 .\\\libF103PLC.a(tasks.o)
 .bss.pxDelayedTaskList
                0x20002a2c        0x4 .\\\libF103PLC.a(tasks.o)
 .bss.xSchedulerRunning
                0x20002a30        0x4 .\\\libF103PLC.a(tasks.o)
 .bss.uxSchedulerSuspended
                0x20002a34        0x4 .\\\libF103PLC.a(tasks.o)
 .bss.xDelayedTaskList1
                0x20002a38       0x14 .\\\libF103PLC.a(tasks.o)
 .bss.uxPendedTicks
                0x20002a4c        0x4 .\\\libF103PLC.a(tasks.o)
 .bss.pxReadyTasksLists
                0x20002a50       0xc8 .\\\libF103PLC.a(tasks.o)
 .bss.xTasksWaitingTermination
                0x20002b18       0x14 .\\\libF103PLC.a(tasks.o)
 .bss.uxDeletedTasksWaitingCleanUp
                0x20002b2c        0x4 .\\\libF103PLC.a(tasks.o)
 .bss.pxCurrentTCB
                0x20002b30        0x4 .\\\libF103PLC.a(tasks.o)
                0x20002b30                pxCurrentTCB
 .bss.xNextTaskUnblockTime
                0x20002b34        0x4 .\\\libF103PLC.a(tasks.o)
 .bss.xIdleTaskHandle
                0x20002b38        0x4 .\\\libF103PLC.a(tasks.o)
 .bss.xTickCount
                0x20002b3c        0x4 .\\\libF103PLC.a(tasks.o)
 .bss.pxOverflowDelayedTaskList
                0x20002b40        0x4 .\\\libF103PLC.a(tasks.o)
 .bss.xPendingReadyList
                0x20002b44       0x14 .\\\libF103PLC.a(tasks.o)
 .bss.uxTaskNumber
                0x20002b58        0x4 .\\\libF103PLC.a(tasks.o)
 .bss.uxCurrentNumberOfTasks
                0x20002b5c        0x4 .\\\libF103PLC.a(tasks.o)
 .bss.xDelayedTaskList2
                0x20002b60       0x14 .\\\libF103PLC.a(tasks.o)
 .bss.xSuspendedTaskList
                0x20002b74       0x14 .\\\libF103PLC.a(tasks.o)
 .bss.uxTopReadyPriority
                0x20002b88        0x4 .\\\libF103PLC.a(tasks.o)
 .bss.xYieldPending
                0x20002b8c        0x4 .\\\libF103PLC.a(tasks.o)
 .bss.Data_Mul_MaxPacketSize
                0x20002b90        0x1 .\\\libF103PLC.a(usb_core.o)
                0x20002b90                Data_Mul_MaxPacketSize
 *fill*         0x20002b91        0x3 
 .bss.bDeviceState
                0x20002b94        0x4 .\\\libF103PLC.a(usb_pwr.o)
                0x20002b94                bDeviceState
 *(COMMON)
 COMMON         0x20002b98      0x100 .\\\libF103PLC.a(device_initial.o)
                0x20002b98                X_GPIO
                0x20002c18                Y_GPIO
 COMMON         0x20002c98     0x1722 .\\\libF103PLC.a(instruction.o)
                0x20002c98                pls_use_id
                0x20002c9c                truncation_cnt_C255
                0x20002ca0                period_loop_cnt
                0x20002ca8                ulTestCntMS
                0x20002cac                C255_Timer_CNT
                0x20002cb0                g_last_pulsenum
                0x20002cb8                sect_cnt
                0x20002db8                U32_PLS_CNTbk
                0x20002dc0                g_last_dutycycle
                0x20002dc4                g_last_freq
                0x20002dcc                plsr_cnt
                0x20002fcc                timerNodes
                0x20003fcc                C250_Timer_CNT
                0x20003fd0                truncation_cnt_timer2
                0x20003fd4                g_last_timechange
                0x20003fdc                sect_freq
                0x200040dc                timerList
                0x200040e4                g_high_speed_out
                0x2000417c                truncation_cnt_C253
                0x20004180                C253_Timer_CNT
                0x20004184                period_offset
                0x2000418c                pulse_finish_flag
                0x20004190                plsr_fre
                0x20004390                g_plsr_alg
                0x200043b0                truncation_cnt_timer5
                0x200043b4                truncation_cnt_C250
                0x200043b8                pls_use_flag
 *fill*         0x200043ba        0x6 
 COMMON         0x200043c0     0x4eb8 .\\\libF103PLC.a(main.o)
                0x200043c0                XDoubleWord
                0x200043d0                Y_F_BIT
                0x200043d4                ZWord
                0x200043e4                X_F_BIT
                0x200043e8                CBit
                0x200043ec                MBit
                0x200043f0                YBit
                0x200043f4                AOWord
                0x20004434                CVDoubleWord
                0x20004514                TDoubleWord
                0x20004534                CDoubleWord
                0x20004554                X_F_VAL
                0x20004558                TVWord
                0x20004758                VWord
                0x20004768                g_plc_setting
                0x20004c08                Y_F_VAL
                0x20004c0c                MDoubleWord
                0x2000500c                AIWord
                0x2000504c                XBit
                0x20005050                TBit
                0x20005054                SDoubleWord
                0x200050d4                YDoubleWord
                0x200050e4                CVWord
                0x20005274                DWord
                0x20009274                SBit
 COMMON         0x20009278     0x20f9 .\\\libF103PLC.a(com_usb_pub.o)
                0x20009278                B_FILT_FLAG
                0x2000927a                g_rev_usb_len
                0x2000927c                B_COM_CHAR_WORD
                0x2000927e                B_REF_COFG_FLAG
                0x2000927f                U8_UD_TYPE
                0x20009280                g_usb_dst_addr
                0x20009284                g_rev_bufferFirst_com
                0x2000928c                COM2_TXD_BUFF_ADDR
                0x20009694                g_mod_pr_rev
                0x20009698                USB_TXD_BUFF_ADDR
                0x20009898                B_TAG_MONITOR
                0x20009899                B_TAG_DOWNLOAD
                0x2000989c                g_total_rev_len
                0x200098a0                g_usb_temp_buff
                0x200098e0                g_modbus_num
                0x20009900                g_com_rev_err
                0x20009904                g_usb_reset_counter
                0x20009908                B_UP_EPT_FLAG
                0x2000990c                COM_BIT_TEMP_B_BASE
                0x20009910                g_com_dst_addr
                0x20009914                g_modbus_status_usb
                0x2000991c                U32_SWITCH_TIMEOUT
                0x20009920                g_modbus_status
                0x2000992c                g_com_first_ch
                0x20009930                g_rev_buffer_usb
                0x20009934                g_total_user_len
                0x20009938                B_TAG_UPLOAD
                0x2000993c                g_com_iap_reboot
                0x20009940                COM1_REV_BUFF2_ADDR
                0x20009d48                U32_TEMP_ADDR
                0x20009d4c                g_com_txdbuffer
                0x20009d5c                g_com_revbuffer
                0x20009d8c                p_record_addr_pos
                0x20009d90                g_txd_usb_len
                0x20009d94                U8_COM_PROT
                0x20009d98                g_PR_rev
                0x20009d9c                B_SYS_INLOCK
                0x20009d9d                B_DN_EPT_FLAG
                0x20009d9e                B_MO_EPT_FLAG
                0x20009da0                COM1_TXD_BUFF_ADDR
                0x2000a1a8                bUsbFlag
                0x2000a1aa                U16_FILT_TIME
                0x2000a1ac                g_com_flag
                0x2000a1ec                COM_DATA_BUFF_ADDR
                0x2000a3ec                g_usb_use_flag
                0x2000a3f0                g_usb_start_time
                0x2000a3f4                U32_DOWN_USB_TIMEOUT
                0x2000a3f8                COM2_REV_BUFF1_ADDR
                0x2000a800                COM_BIT_TEMP_BASE
                0x2000a880                g_txd_buffer_com
                0x2000a888                g_com_pro
                0x2000a8b8                g_usb_iap_reboot
                0x2000a8b9                g_data_down_flag
                0x2000a8bc                g_modbus_bit
                0x2000a8c4                U32_DOWN_COM_TIMEOUT
                0x2000a8cc                B_SYS_EXIT
                0x2000a8cd                S8_SYSTEM_STATE
                0x2000a8d0                g_com_ptr_err
                0x2000a8d8                B_UPLOAD_FLAG
                0x2000a8dc                g_freecom_rev
                0x2000a8f4                g_modbus_num_usb
                0x2000a904                g_usb_flag
                0x2000a924                g_total_send_len
                0x2000a928                g_com_buff_len
                0x2000a92c                B_SYS_FAULT
                0x2000a92d                g_usb_buff_over_cnt
                0x2000a92e                g_retry_cnt
                0x2000a930                USB_REV_BUFF_ADDR
                0x2000ab30                g_modbus_master
                0x2000ab34                g_rev_bufferSecond_com
                0x2000ab3c                g_mod_elem_spc
                0x2000ab40                g_txd_buffer_usb
                0x2000ab44                g_usb_pro
                0x2000ab5c                COM1_REV_BUFF1_ADDR
                0x2000af64                U8_USB_PROT
                0x2000af68                COM2_REV_BUFF2_ADDR
                0x2000b370                B_STATE_FLAG
 *fill*         0x2000b371        0x3 
 COMMON         0x2000b374        0x2 .\\\libF103PLC.a(usb_core.o)
                0x2000b374                StatusInfo
 *fill*         0x2000b376        0x2 
 COMMON         0x2000b378       0x32 .\\\libF103PLC.a(usb_init.o)
                0x2000b378                SaveState
                0x2000b37c                pProperty
                0x2000b380                EPindex
                0x2000b384                Device_Info
                0x2000b3a0                pUser_Standard_Requests
                0x2000b3a4                pInformation
                0x2000b3a8                wInterrupt_Mask
 COMMON         0x2000b3aa        0x4 .\\\libF103PLC.a(usb_int.o)
                0x2000b3aa                SaveRState
                0x2000b3ac                SaveTState
 COMMON         0x2000b3ae        0x2 .\\\libF103PLC.a(usb_istr.o)
                0x2000b3ae                wIstr
 COMMON         0x2000b3b0        0x2 .\\\libF103PLC.a(usb_pwr.o)
                0x2000b3b0                ResumeS
 *(.bss_end .bss_end.*)
                0x2000b3b4                . = ALIGN (0x4)
 *fill*         0x2000b3b2        0x2 
                0x2000b3b4                __bss_end__ = .
                0x2000b3b4                _ebss = .

.noinit_CCMRAM
 *(.noinit.CCMRAM .noinit.CCMRAM.*)

.noinit         0x2000b3b4        0x0
                0x2000b3b4                _noinit = .
 *(.noinit .noinit.*)
                0x2000b3b4                . = ALIGN (0x4)
                0x2000b3b4                _end_noinit = .
                [!provide]                PROVIDE (end, _end_noinit)
                [!provide]                PROVIDE (_end, _end_noinit)
                [!provide]                PROVIDE (__end, _end_noinit)
                [!provide]                PROVIDE (__end__, _end_noinit)

._check_stack   0x2000b3b4      0x100
                0x2000b4b4                . = (. + _Minimum_Stack_Size)
 *fill*         0x2000b3b4      0x100 

.b1text
 *(.b1text)
 *(.b1rodata)
 *(.b1rodata.*)

.eb0text
 *(.eb0text)
 *(.eb0rodata)
 *(.eb0rodata.*)

.eb1text
 *(.eb1text)
 *(.eb1rodata)
 *(.eb1rodata.*)

.eb2text
 *(.eb2text)
 *(.eb2rodata)
 *(.eb2rodata.*)

.eb3text
 *(.eb3text)
 *(.eb3rodata)
 *(.eb3rodata.*)

.stab
 *(.stab)

.stabstr
 *(.stabstr)

.stab.excl
 *(.stab.excl)

.stab.exclstr
 *(.stab.exclstr)

.stab.index
 *(.stab.index)

.stab.indexstr
 *(.stab.indexstr)

.comment        0x00000000       0xdc
 *(.comment)
 .comment       0x00000000       0x6e build\\downc.o
                                 0x6f (size before relaxing)
 .comment       0x0000006e       0x6e .\\\libF103PLC.a(_initialize_hardware.o)
                                 0x6f (size before relaxing)
 .comment       0x000000dc       0x6f .\\\libF103PLC.a(_reset_hardware.o)
 .comment       0x000000dc       0x6f .\\\libF103PLC.a(exception_handlers.o)
 .comment       0x000000dc       0x6f .\\\libF103PLC.a(system_stm32f10x.o)
 .comment       0x000000dc       0x6f .\\\libF103PLC.a(vectors_stm32f10x.o)
 .comment       0x000000dc       0x6f .\\\libF103PLC.a(device_initial.o)
 .comment       0x000000dc       0x6f .\\\libF103PLC.a(instruction.o)
 .comment       0x000000dc       0x6f .\\\libF103PLC.a(interrupt.o)
 .comment       0x000000dc       0x6f .\\\libF103PLC.a(main.o)
 .comment       0x000000dc       0x6f .\\\libF103PLC.a(rtc_calendar.o)
 .comment       0x000000dc       0x6f .\\\libF103PLC.a(timercounter.o)
 .comment       0x000000dc       0x6f .\\\libF103PLC.a(_exit.o)
 .comment       0x000000dc       0x6f .\\\libF103PLC.a(_startup.o)
 .comment       0x000000dc       0x6f .\\\libF103PLC.a(misc.o)
 .comment       0x000000dc       0x6f .\\\libF103PLC.a(stm32f10x_dma.o)
 .comment       0x000000dc       0x6f .\\\libF103PLC.a(stm32f10x_exti.o)
 .comment       0x000000dc       0x6f .\\\libF103PLC.a(stm32f10x_flash.o)
 .comment       0x000000dc       0x6f .\\\libF103PLC.a(stm32f10x_gpio.o)
 .comment       0x000000dc       0x6f .\\\libF103PLC.a(stm32f10x_i2c.o)
 .comment       0x000000dc       0x6f .\\\libF103PLC.a(stm32f10x_rcc.o)
 .comment       0x000000dc       0x6f .\\\libF103PLC.a(stm32f10x_tim.o)
 .comment       0x000000dc       0x6f .\\\libF103PLC.a(stm32f10x_usart.o)
 .comment       0x000000dc       0x6f .\\\libF103PLC.a(com_task.o)
 .comment       0x000000dc       0x6f .\\\libF103PLC.a(com_usb_pub.o)
 .comment       0x000000dc       0x6f .\\\libF103PLC.a(inline_fun.o)
 .comment       0x000000dc       0x6f .\\\libF103PLC.a(modbus_slave.o)
 .comment       0x000000dc       0x6f .\\\libF103PLC.a(modbus_slave_usb.o)
 .comment       0x000000dc       0x6f .\\\libF103PLC.a(SamFGs_Slave.o)
 .comment       0x000000dc       0x6f .\\\libF103PLC.a(SamFGs_Slave_usb.o)
 .comment       0x000000dc       0x6f .\\\libF103PLC.a(usb_task.o)
 .comment       0x000000dc       0x6f .\\\libF103PLC.a(FreeRTOS_Task.o)
 .comment       0x000000dc       0x6f .\\\libF103PLC.a(heap_4.o)
 .comment       0x000000dc       0x6f .\\\libF103PLC.a(list.o)
 .comment       0x000000dc       0x6f .\\\libF103PLC.a(port.o)
 .comment       0x000000dc       0x6f .\\\libF103PLC.a(tasks.o)
 .comment       0x000000dc       0x6f .\\\libF103PLC.a(hw_config.o)
 .comment       0x000000dc       0x6f .\\\libF103PLC.a(usb_callback.o)
 .comment       0x000000dc       0x6f .\\\libF103PLC.a(usb_core.o)
 .comment       0x000000dc       0x6f .\\\libF103PLC.a(usb_desc.o)
 .comment       0x000000dc       0x6f .\\\libF103PLC.a(usb_endp.o)
 .comment       0x000000dc       0x6f .\\\libF103PLC.a(usb_init.o)
 .comment       0x000000dc       0x6f .\\\libF103PLC.a(usb_int.o)
 .comment       0x000000dc       0x6f .\\\libF103PLC.a(usb_istr.o)
 .comment       0x000000dc       0x6f .\\\libF103PLC.a(usb_mem.o)
 .comment       0x000000dc       0x6f .\\\libF103PLC.a(usb_prop.o)
 .comment       0x000000dc       0x6f .\\\libF103PLC.a(usb_pwr.o)
 .comment       0x000000dc       0x6f .\\\libF103PLC.a(usb_regs.o)

.ARM.attributes
                0x00000000       0x33
 .ARM.attributes
                0x00000000       0x33 build\\downc.o
 .ARM.attributes
                0x00000033       0x33 .\\\libF103PLC.a(_initialize_hardware.o)
 .ARM.attributes
                0x00000066       0x33 .\\\libF103PLC.a(_reset_hardware.o)
 .ARM.attributes
                0x00000099       0x33 .\\\libF103PLC.a(exception_handlers.o)
 .ARM.attributes
                0x000000cc       0x33 .\\\libF103PLC.a(system_stm32f10x.o)
 .ARM.attributes
                0x000000ff       0x33 .\\\libF103PLC.a(vectors_stm32f10x.o)
 .ARM.attributes
                0x00000132       0x33 .\\\libF103PLC.a(device_initial.o)
 .ARM.attributes
                0x00000165       0x33 .\\\libF103PLC.a(instruction.o)
 .ARM.attributes
                0x00000198       0x33 .\\\libF103PLC.a(interrupt.o)
 .ARM.attributes
                0x000001cb       0x33 .\\\libF103PLC.a(main.o)
 .ARM.attributes
                0x000001fe       0x33 .\\\libF103PLC.a(rtc_calendar.o)
 .ARM.attributes
                0x00000231       0x33 .\\\libF103PLC.a(timercounter.o)
 .ARM.attributes
                0x00000264       0x33 .\\\libF103PLC.a(_exit.o)
 .ARM.attributes
                0x00000297       0x33 .\\\libF103PLC.a(_startup.o)
 .ARM.attributes
                0x000002ca       0x33 .\\\libF103PLC.a(misc.o)
 .ARM.attributes
                0x000002fd       0x33 .\\\libF103PLC.a(stm32f10x_dma.o)
 .ARM.attributes
                0x00000330       0x33 .\\\libF103PLC.a(stm32f10x_exti.o)
 .ARM.attributes
                0x00000363       0x33 .\\\libF103PLC.a(stm32f10x_flash.o)
 .ARM.attributes
                0x00000396       0x33 .\\\libF103PLC.a(stm32f10x_gpio.o)
 .ARM.attributes
                0x000003c9       0x33 .\\\libF103PLC.a(stm32f10x_i2c.o)
 .ARM.attributes
                0x000003fc       0x33 .\\\libF103PLC.a(stm32f10x_rcc.o)
 .ARM.attributes
                0x0000042f       0x33 .\\\libF103PLC.a(stm32f10x_tim.o)
 .ARM.attributes
                0x00000462       0x33 .\\\libF103PLC.a(stm32f10x_usart.o)
 .ARM.attributes
                0x00000495       0x33 .\\\libF103PLC.a(com_task.o)
 .ARM.attributes
                0x000004c8       0x33 .\\\libF103PLC.a(com_usb_pub.o)
 .ARM.attributes
                0x000004fb       0x33 .\\\libF103PLC.a(inline_fun.o)
 .ARM.attributes
                0x0000052e       0x33 .\\\libF103PLC.a(modbus_slave.o)
 .ARM.attributes
                0x00000561       0x33 .\\\libF103PLC.a(modbus_slave_usb.o)
 .ARM.attributes
                0x00000594       0x33 .\\\libF103PLC.a(SamFGs_Slave.o)
 .ARM.attributes
                0x000005c7       0x33 .\\\libF103PLC.a(SamFGs_Slave_usb.o)
 .ARM.attributes
                0x000005fa       0x33 .\\\libF103PLC.a(usb_task.o)
 .ARM.attributes
                0x0000062d       0x33 .\\\libF103PLC.a(FreeRTOS_Task.o)
 .ARM.attributes
                0x00000660       0x33 .\\\libF103PLC.a(heap_4.o)
 .ARM.attributes
                0x00000693       0x33 .\\\libF103PLC.a(list.o)
 .ARM.attributes
                0x000006c6       0x33 .\\\libF103PLC.a(port.o)
 .ARM.attributes
                0x000006f9       0x33 .\\\libF103PLC.a(tasks.o)
 .ARM.attributes
                0x0000072c       0x33 .\\\libF103PLC.a(hw_config.o)
 .ARM.attributes
                0x0000075f       0x33 .\\\libF103PLC.a(usb_callback.o)
 .ARM.attributes
                0x00000792       0x33 .\\\libF103PLC.a(usb_core.o)
 .ARM.attributes
                0x000007c5       0x33 .\\\libF103PLC.a(usb_desc.o)
 .ARM.attributes
                0x000007f8       0x33 .\\\libF103PLC.a(usb_endp.o)
 .ARM.attributes
                0x0000082b       0x33 .\\\libF103PLC.a(usb_init.o)
 .ARM.attributes
                0x0000085e       0x33 .\\\libF103PLC.a(usb_int.o)
 .ARM.attributes
                0x00000891       0x33 .\\\libF103PLC.a(usb_istr.o)
 .ARM.attributes
                0x000008c4       0x33 .\\\libF103PLC.a(usb_mem.o)
 .ARM.attributes
                0x000008f7       0x33 .\\\libF103PLC.a(usb_prop.o)
 .ARM.attributes
                0x0000092a       0x33 .\\\libF103PLC.a(usb_pwr.o)
 .ARM.attributes
                0x0000095d       0x33 .\\\libF103PLC.a(usb_regs.o)
 .ARM.attributes
                0x00000990       0x1d y:/projects/samsoarii-new/samsoarii/bin/x86/compiler/arm/bin/../lib/gcc/arm-none-eabi/5.4.1/armv7-m\libgcc.a(_arm_addsubdf3.o)
 .ARM.attributes
                0x000009ad       0x1d y:/projects/samsoarii-new/samsoarii/bin/x86/compiler/arm/bin/../lib/gcc/arm-none-eabi/5.4.1/armv7-m\libgcc.a(_arm_muldivdf3.o)
 .ARM.attributes
                0x000009ca       0x1d y:/projects/samsoarii-new/samsoarii/bin/x86/compiler/arm/bin/../lib/gcc/arm-none-eabi/5.4.1/armv7-m\libgcc.a(_arm_fixdfsi.o)
 .ARM.attributes
                0x000009e7       0x1d y:/projects/samsoarii-new/samsoarii/bin/x86/compiler/arm/bin/../lib/gcc/arm-none-eabi/5.4.1/armv7-m\libgcc.a(_arm_fixunsdfsi.o)
 .ARM.attributes
                0x00000a04       0x1d y:/projects/samsoarii-new/samsoarii/bin/x86/compiler/arm/bin/../lib/gcc/arm-none-eabi/5.4.1/armv7-m\libgcc.a(_arm_addsubsf3.o)
 .ARM.attributes
                0x00000a21       0x1d y:/projects/samsoarii-new/samsoarii/bin/x86/compiler/arm/bin/../lib/gcc/arm-none-eabi/5.4.1/armv7-m\libgcc.a(_arm_muldivsf3.o)
 .ARM.attributes
                0x00000a3e       0x1d y:/projects/samsoarii-new/samsoarii/bin/x86/compiler/arm/bin/../lib/gcc/arm-none-eabi/5.4.1/armv7-m\libgcc.a(_arm_fixsfsi.o)
 .ARM.attributes
                0x00000a5b       0x1d y:/projects/samsoarii-new/samsoarii/bin/x86/compiler/arm/bin/../lib/gcc/arm-none-eabi/5.4.1/armv7-m\libgcc.a(_arm_fixunssfsi.o)
 .ARM.attributes
                0x00000a78       0x2d y:/projects/samsoarii-new/samsoarii/bin/x86/compiler/arm/bin/../lib/gcc/arm-none-eabi/5.4.1/../../../../arm-none-eabi/lib/armv7-m\libc_nano.a(lib_a-memcmp.o)
 .ARM.attributes
                0x00000aa5       0x2d y:/projects/samsoarii-new/samsoarii/bin/x86/compiler/arm/bin/../lib/gcc/arm-none-eabi/5.4.1/../../../../arm-none-eabi/lib/armv7-m\libc_nano.a(lib_a-memcpy-stub.o)
 .ARM.attributes
                0x00000ad2       0x2d y:/projects/samsoarii-new/samsoarii/bin/x86/compiler/arm/bin/../lib/gcc/arm-none-eabi/5.4.1/../../../../arm-none-eabi/lib/armv7-m\libc_nano.a(lib_a-memset.o)

.debug
 *(.debug)

.line
 *(.line)

.debug_srcinfo
 *(.debug_srcinfo)

.debug_sfnames
 *(.debug_sfnames)

.debug_aranges
 *(.debug_aranges)

.debug_pubnames
 *(.debug_pubnames)

.debug_info
 *(.debug_info .gnu.linkonce.wi.*)

.debug_abbrev
 *(.debug_abbrev)

.debug_line
 *(.debug_line)

.debug_frame    0x00000000       0x70
 *(.debug_frame)