Archive member included to satisfy reference by file (symbol)

.\\\libF103PLC.a(_initialize_hardware.o)
                              (--whole-archive)
.\\\libF103PLC.a(_reset_hardware.o)
                              (--whole-archive)
.\\\libF103PLC.a(exception_handlers.o)
                              (--whole-archive)
.\\\libF103PLC.a(system_stm32f10x.o)
                              (--whole-archive)
.\\\libF103PLC.a(vectors_stm32f10x.o)
                              (--whole-archive)
.\\\libF103PLC.a(device_initial.o)
                              (--whole-archive)
.\\\libF103PLC.a(instruction.o)
                              (--whole-archive)
.\\\libF103PLC.a(interrupt.o)
                              (--whole-archive)
.\\\libF103PLC.a(main.o)      (--whole-archive)
.\\\libF103PLC.a(timercounter.o)
                              (--whole-archive)
.\\\libF103PLC.a(_exit.o)     (--whole-archive)
.\\\libF103PLC.a(_sbrk.o)     (--whole-archive)
.\\\libF103PLC.a(_startup.o)  (--whole-archive)
.\\\libF103PLC.a(misc.o)      (--whole-archive)
.\\\libF103PLC.a(stm32f10x_adc.o)
                              (--whole-archive)
.\\\libF103PLC.a(stm32f10x_bkp.o)
                              (--whole-archive)
.\\\libF103PLC.a(stm32f10x_can.o)
                              (--whole-archive)
.\\\libF103PLC.a(stm32f10x_cec.o)
                              (--whole-archive)
.\\\libF103PLC.a(stm32f10x_crc.o)
                              (--whole-archive)
.\\\libF103PLC.a(stm32f10x_dac.o)
                              (--whole-archive)
.\\\libF103PLC.a(stm32f10x_dbgmcu.o)
                              (--whole-archive)
.\\\libF103PLC.a(stm32f10x_dma.o)
                              (--whole-archive)
.\\\libF103PLC.a(stm32f10x_exti.o)
                              (--whole-archive)
.\\\libF103PLC.a(stm32f10x_flash.o)
                              (--whole-archive)
.\\\libF103PLC.a(stm32f10x_fsmc.o)
                              (--whole-archive)
.\\\libF103PLC.a(stm32f10x_gpio.o)
                              (--whole-archive)
.\\\libF103PLC.a(stm32f10x_i2c.o)
                              (--whole-archive)
.\\\libF103PLC.a(stm32f10x_iwdg.o)
                              (--whole-archive)
.\\\libF103PLC.a(stm32f10x_pwr.o)
                              (--whole-archive)
.\\\libF103PLC.a(stm32f10x_rcc.o)
                              (--whole-archive)
.\\\libF103PLC.a(stm32f10x_rtc.o)
                              (--whole-archive)
.\\\libF103PLC.a(stm32f10x_sdio.o)
                              (--whole-archive)
.\\\libF103PLC.a(stm32f10x_spi.o)
                              (--whole-archive)
.\\\libF103PLC.a(stm32f10x_tim.o)
                              (--whole-archive)
.\\\libF103PLC.a(stm32f10x_usart.o)
                              (--whole-archive)
.\\\libF103PLC.a(stm32f10x_wwdg.o)
                              (--whole-archive)
.\\\libF103PLC.a(com_task.o)  (--whole-archive)
.\\\libF103PLC.a(com_usb_pub.o)
                              (--whole-archive)
.\\\libF103PLC.a(inline_fun.o)
                              (--whole-archive)
.\\\libF103PLC.a(modbus_slave.o)
                              (--whole-archive)
.\\\libF103PLC.a(modbus_slave_usb.o)
                              (--whole-archive)
.\\\libF103PLC.a(SamFGs_Slave.o)
                              (--whole-archive)
.\\\libF103PLC.a(SamFGs_Slave_usb.o)
                              (--whole-archive)
.\\\libF103PLC.a(usb_task.o)  (--whole-archive)
.\\\libF103PLC.a(croutine.o)  (--whole-archive)
.\\\libF103PLC.a(event_groups.o)
                              (--whole-archive)
.\\\libF103PLC.a(FreeRTOS_Task.o)
                              (--whole-archive)
.\\\libF103PLC.a(heap_4.o)    (--whole-archive)
.\\\libF103PLC.a(list.o)      (--whole-archive)
.\\\libF103PLC.a(port.o)      (--whole-archive)
.\\\libF103PLC.a(queue.o)     (--whole-archive)
.\\\libF103PLC.a(tasks.o)     (--whole-archive)
.\\\libF103PLC.a(timers.o)    (--whole-archive)
.\\\libF103PLC.a(hw_config.o)
                              (--whole-archive)
.\\\libF103PLC.a(usb_callback.o)
                              (--whole-archive)
.\\\libF103PLC.a(usb_core.o)  (--whole-archive)
.\\\libF103PLC.a(usb_desc.o)  (--whole-archive)
.\\\libF103PLC.a(usb_endp.o)  (--whole-archive)
.\\\libF103PLC.a(usb_init.o)  (--whole-archive)
.\\\libF103PLC.a(usb_int.o)   (--whole-archive)
.\\\libF103PLC.a(usb_istr.o)  (--whole-archive)
.\\\libF103PLC.a(usb_mem.o)   (--whole-archive)
.\\\libF103PLC.a(usb_prop.o)  (--whole-archive)
.\\\libF103PLC.a(usb_pwr.o)   (--whole-archive)
.\\\libF103PLC.a(usb_regs.o)  (--whole-archive)
y:/projects/samsoarii-new/samsoarii/bin/x86/compiler/arm/bin/../lib/gcc/arm-none-eabi/5.4.1/../../../../arm-none-eabi/lib/armv7-m\libm.a(lib_a-s_atan.o)
                              build\\downf.o (atan)
y:/projects/samsoarii-new/samsoarii/bin/x86/compiler/arm/bin/../lib/gcc/arm-none-eabi/5.4.1/../../../../arm-none-eabi/lib/armv7-m\libm.a(lib_a-s_cos.o)
[...]
Memory Configuration

Name             Origin             Length             Attributes
RAM              0x20000000         0x00010000         xrw
CCMRAM           0x10000000         0x00000000         xrw
FLASH            0x08008000         0x00030000         xr
FLASHB1          0x00000000         0x00000000         xr
EXTMEMB0         0x00000000         0x00000000         xr
EXTMEMB1         0x00000000         0x00000000         xr
EXTMEMB2         0x00000000         0x00000000         xr
EXTMEMB3         0x00000000         0x00000000         xr
MEMORY_ARRAY     0x20002000         0x00000020         xrw
*default*        0x00000000         0xffffffff

Linker script and memory map

LOAD build\\downlib.o
LOAD build\\downc.o
LOAD build\\downf.o
LOAD .\\\libF103PLC.a
LOAD y:/projects/samsoarii-new/samsoarii/bin/x86/compiler/arm/bin/../lib/gcc/arm-none-eabi/5.4.1/../../../../arm-none-eabi/lib/armv7-m\libm.a
START GROUP
LOAD y:/projects/samsoarii-new/samsoarii/bin/x86/compiler/arm/bin/../lib/gcc/arm-none-eabi/5.4.1/armv7-m\libgcc.a
LOAD y:/projects/samsoarii-new/samsoarii/bin/x86/compiler/arm/bin/../lib/gcc/arm-none-eabi/5.4.1/../../../../arm-none-eabi/lib/armv7-m\libc_nano.a
END GROUP
START GROUP
LOAD y:/projects/samsoarii-new/samsoarii/bin/x86/compiler/arm/bin/../lib/gcc/arm-none-eabi/5.4.1/armv7-m\libgcc.a
LOAD y:/projects/samsoarii-new/samsoarii/bin/x86/compiler/arm/bin/../lib/gcc/arm-none-eabi/5.4.1/../../../../arm-none-eabi/lib/armv7-m\libc_nano.a
END GROUP
                0x20010000                __stack = (ORIGIN (RAM) + LENGTH (RAM))
                0x20010000                _estack = __stack
                0x00000400                __Main_Stack_Size = 0x400
                [!provide]                PROVIDE (_Main_Stack_Size, __Main_Stack_Size)
                0x2000fc00                __Main_Stack_Limit = (__stack - __Main_Stack_Size)
                [!provide]                PROVIDE (_Main_Stack_Limit, __Main_Stack_Limit)
                0x00000100                _Minimum_Stack_Size = 0x100
                0x2000b2fc                PROVIDE (_Heap_Begin, _end_noinit)
                0x2000fc00                PROVIDE (_Heap_Limit, (__stack - __Main_Stack_Size))

.isr_vector     0x08008000      0x324
 FILL mask 0xff
                0x08008000                __vectors_start = ABSOLUTE (.)
                0x08008000                __vectors_start__ = ABSOLUTE (.)
 *(.isr_vector)
 .isr_vector    0x08008000      0x1e4 .\\\libF103PLC.a(vectors_stm32f10x.o)
                0x08008000                __isr_vectors
 *(.cfmconfig)
 *(.after_vectors .after_vectors.*)
 .after_vectors
                0x080081e4       0x74 .\\\libF103PLC.a(exception_handlers.o)
                0x080081e4                Reset_Handler
                0x080081e8                NMI_Handler
                0x080081ec                HardFault_Handler
                0x08008200                HardFault_Handler_C
                0x08008204                MemManage_Handler
                0x08008208                BusFault_Handler
                0x0800821c                BusFault_Handler_C
                0x08008220                UsageFault_Handler
                0x08008234                UsageFault_Handler_C
                0x0800823c                DebugMon_Handler
 .after_vectors
                0x08008258        0x4 .\\\libF103PLC.a(vectors_stm32f10x.o)
                0x08008258                EXTI2_IRQHandler
                0x08008258                TIM8_TRG_COM_IRQHandler
                0x08008258                TIM8_CC_IRQHandler
                0x08008258                TIM1_CC_IRQHandler
                0x08008258                PVD_IRQHandler
                0x08008258                SDIO_IRQHandler
                0x08008258                CAN2_RX1_IRQHandler
                0x08008258                EXTI3_IRQHandler
                0x08008258                TIM8_TRG_COM_TIM14_IRQHandler
                0x08008258                TIM1_UP_TIM10_IRQHandler
                0x08008258                TIM8_UP_TIM13_IRQHandler
                0x08008258                EXTI0_IRQHandler
                0x08008258                I2C2_EV_IRQHandler
                0x08008258                CAN1_RX0_IRQHandler
                0x08008258                TIM1_UP_TIM16_IRQHandler
                0x08008258                CAN2_SCE_IRQHandler
                0x08008258                ADC1_2_IRQHandler
                0x08008258                SPI1_IRQHandler
                0x08008258                TAMPER_IRQHandler
                0x08008258                TIM6_DAC_IRQHandler
                0x08008258                TIM1_BRK_TIM9_IRQHandler
                0x08008258                CAN2_RX0_IRQHandler
                0x08008258                TIM8_UP_IRQHandler
                0x08008258                DMA2_Channel2_IRQHandler
                0x08008258                RTC_IRQHandler
                0x08008258                DMA1_Channel7_IRQHandler
                0x08008258                CAN1_RX1_IRQHandler
                0x08008258                UART5_IRQHandler
                0x08008258                ADC3_IRQHandler
                0x08008258                DMA2_Channel1_IRQHandler
                0x08008258                I2C1_EV_IRQHandler
                0x08008258                DMA1_Channel6_IRQHandler
                0x08008258                UART4_IRQHandler
                0x08008258                DMA2_Channel4_IRQHandler
                0x08008258                RCC_IRQHandler
                0x08008258                TIM8_BRK_TIM12_IRQHandler
                0x08008258                TIM1_TRG_COM_IRQHandler
                0x08008258                DMA1_Channel1_IRQHandler
                0x08008258                Default_Handler
                0x08008258                CEC_IRQHandler
                0x08008258                EXTI15_10_IRQHandler
                0x08008258                TIM14_IRQHandler
                0x08008258                TIM13_IRQHandler
                0x08008258                TIM12_IRQHandler
                0x08008258                CAN2_TX_IRQHandler
                0x08008258                EXTI9_5_IRQHandler
                0x08008258                ETH_WKUP_IRQHandler
                0x08008258                SPI2_IRQHandler
                0x08008258                CAN1_TX_IRQHandler
                0x08008258                DMA2_Channel5_IRQHandler
                0x08008258                DMA1_Channel5_IRQHandler
                0x08008258                TIM1_TRG_COM_TIM17_IRQHandler
                0x08008258                DMA1_Channel3_IRQHandler
                0x08008258                FSMC_IRQHandler
                0x08008258                ETH_IRQHandler
                0x08008258                TIM1_UP_IRQHandler
                0x08008258                WWDG_IRQHandler
                0x08008258                OTG_FS_WKUP_IRQHandler
                0x08008258                TIM1_TRG_COM_TIM11_IRQHandler
                0x08008258                TIM1_BRK_IRQHandler
                0x08008258                EXTI1_IRQHandler
                0x08008258                RTCAlarm_IRQHandler
                0x08008258                DMA2_Channel4_5_IRQHandler
                0x08008258                USART2_IRQHandler
                0x08008258                I2C2_ER_IRQHandler
                0x08008258                TIM8_BRK_IRQHandler
                0x08008258                CAN1_SCE_IRQHandler
                0x08008258                FLASH_IRQHandler
                0x08008258                OTG_FS_IRQHandler
                0x08008258                SPI3_IRQHandler
                0x08008258                I2C1_ER_IRQHandler
                0x08008258                DMA2_Channel3_IRQHandler
                0x08008258                TIM1_BRK_TIM15_IRQHandler
 .after_vectors
                0x0800825c       0xc8 .\\\libF103PLC.a(_startup.o)
                0x0800825c                _start

.inits          0x08008324       0x28
                0x08008324                __data_regions_array_start = .
                0x08008324        0x4 LONG 0x8014474 LOADADDR (.data)
                0x08008328        0x4 LONG 0x20000000 ADDR (.data)
                0x0800832c        0x4 LONG 0x20000110 (ADDR (.data) + SIZEOF (.data))
                0x08008330        0x4 LONG 0x8014474 LOADADDR (.data_CCMRAM)
                0x08008334        0x4 LONG 0x10000000 ADDR (.data_CCMRAM)
                0x08008338        0x4 LONG 0x10000000 (ADDR (.data_CCMRAM) + SIZEOF (.data_CCMRAM))
                0x0800833c                __data_regions_array_end = .
                0x0800833c                __bss_regions_array_start = .
                0x0800833c        0x4 LONG 0x20000110 ADDR (.bss)
                0x08008340        0x4 LONG 0x2000b2fc (ADDR (.bss) + SIZEOF (.bss))
                0x08008344        0x4 LONG 0x10000000 ADDR (.bss_CCMRAM)
                0x08008348        0x4 LONG 0x10000000 (ADDR (.bss_CCMRAM) + SIZEOF (.bss_CCMRAM))
                0x0800834c                __bss_regions_array_end = .
 *(.init)
 *(.fini)
                0x0800834c                . = ALIGN (0x4)
                0x0800834c                PROVIDE (__preinit_array_start, .)
 *(.preinit_array_sysinit .preinit_array_sysinit.*)
 *(.preinit_array_platform .preinit_array_platform.*)
 *(.preinit_array .preinit_array.*)
                0x0800834c                PROVIDE (__preinit_array_end, .)
                0x0800834c                . = ALIGN (0x4)
                0x0800834c                PROVIDE (__init_array_start, .)
 *(SORT(.init_array.*))
 *(.init_array)
                0x0800834c                PROVIDE (__init_array_end, .)
                0x0800834c                . = ALIGN (0x4)
                0x0800834c                PROVIDE (__fini_array_start, .)
 *(SORT(.fini_array.*))
 *(.fini_array)
                0x0800834c                PROVIDE (__fini_array_end, .)

.flashtext
 *(.flashtext .flashtext.*)

.text           0x08008350     0xc122
 *(.text .text.*)
 .text._itr_invoke
                0x08008350        0x4 build\\downlib.o
                0x08008350                _itr_invoke
 .text.RunLadder
                0x08008354       0x28 build\\downc.o
                0x08008354                RunLadder
 .text.__initialize_hardware_early
                0x0800837c       0x18 .\\\libF103PLC.a(_initialize_hardware.o)
                0x0800837c                __initialize_hardware_early
 .text.__initialize_hardware
                0x08008394        0x4 .\\\libF103PLC.a(_initialize_hardware.o)
                0x08008394                __initialize_hardware
 .text.__reset_hardware
                0x08008398       0x24 .\\\libF103PLC.a(_reset_hardware.o)
                0x08008398                __reset_hardware
 .text.SystemInit
                0x080083bc      0x104 .\\\libF103PLC.a(system_stm32f10x.o)
                0x080083bc                SystemInit
 .text.SystemCoreClockUpdate
                0x080084c0       0x5c .\\\libF103PLC.a(system_stm32f10x.o)
                0x080084c0                SystemCoreClockUpdate
 .text.Vector_Table_Set
                0x0800851c        0xc .\\\libF103PLC.a(device_initial.o)
                0x0800851c                Vector_Table_Set
 .text.NVIC_Group_Set
                0x08008528        0x8 .\\\libF103PLC.a(device_initial.o)
                0x08008528                NVIC_Group_Set
 .text.SET_GPIO_LOW
                0x08008530        0x4 .\\\libF103PLC.a(device_initial.o)
                0x08008530                SET_GPIO_LOW
 .text.SET_GPIO_HIGH
                0x08008534        0x4 .\\\libF103PLC.a(device_initial.o)
                0x08008534                SET_GPIO_HIGH
 .text.STM_EVAL_XPortInit
                0x08008538       0xac .\\\libF103PLC.a(device_initial.o)
                0x08008538                STM_EVAL_XPortInit
 .text.STM_EVAL_YPortInit
                0x080085e4       0x44 .\\\libF103PLC.a(device_initial.o)
                0x080085e4                STM_EVAL_YPortInit
 .text.STM_EVAL_LEDInit
                0x08008628       0x44 .\\\libF103PLC.a(device_initial.o)
                0x08008628                STM_EVAL_LEDInit
 .text.STM_EVAL_SYS_STATUSInit
                0x0800866c       0x80 .\\\libF103PLC.a(device_initial.o)
                0x0800866c                STM_EVAL_SYS_STATUSInit
 .text.GPIO_XY_Init
                0x080086ec       0xdc .\\\libF103PLC.a(device_initial.o)
                0x080086ec                GPIO_XY_Init
 .text.Uart_Init
                0x080087c8      0x274 .\\\libF103PLC.a(device_initial.o)
                0x080087c8                Uart_Init
 .text.Tim_Initialize
                0x08008a3c       0xb8 .\\\libF103PLC.a(device_initial.o)
                0x08008a3c                Tim_Initialize
 .text.FlashWrite
                0x08008af4       0xb4 .\\\libF103PLC.a(device_initial.o)
                0x08008af4                FlashWrite
 .text.FlashErasePage
                0x08008ba8       0x38 .\\\libF103PLC.a(device_initial.o)
                0x08008ba8                FlashErasePage
 .text.IAP_Reboot
                0x08008be0       0x74 .\\\libF103PLC.a(device_initial.o)
                0x08008be0                IAP_Reboot
 .text.Device_Init
                0x08008c54       0x50 .\\\libF103PLC.a(device_initial.o)
                0x08008c54                Device_Init
 .text.calc_plsr_freq.constprop.7
                0x08008ca4      0x148 .\\\libF103PLC.a(instruction.o)
 .text.TimerNodes_Init
                0x08008dec       0x4c .\\\libF103PLC.a(instruction.o)
                0x08008dec                TimerNodes_Init
 .text.TimerList_Init
                0x08008e38        0x8 .\\\libF103PLC.a(instruction.o)
                0x08008e38                TimerList_Init
 .text.TimerFlush
                0x08008e40       0x1c .\\\libF103PLC.a(instruction.o)
                0x08008e40                TimerFlush
 *fill*         0x08008e5c        0x4 
 .text.Pulsenum_Accumulate_Refresh
                0x08008e60      0x1b0 .\\\libF103PLC.a(instruction.o)
                0x08008e60                Pulsenum_Accumulate_Refresh
 .text.Calc_Master_Time_Period
                0x08009010       0xa4 .\\\libF103PLC.a(instruction.o)
                0x08009010                Calc_Master_Time_Period
 .text.API_INST_Ref_Freq.part.2
                0x080090b4      0x114 .\\\libF103PLC.a(instruction.o)
 .text.Start_Yn_Output
                0x080091c8       0x44 .\\\libF103PLC.a(instruction.o)
                0x080091c8                Start_Yn_Output
 .text.API_INST_High_Enable.part.6
                0x0800920c       0x2c .\\\libF103PLC.a(instruction.o)
 .text.Stop_Yn_Output
                0x08009238       0xa4 .\\\libF103PLC.a(instruction.o)
                0x08009238                Stop_Yn_Output
 .text.API_INST_High_Disable.part.5
                0x080092dc       0x44 .\\\libF103PLC.a(instruction.o)
 .text.Pulse_Interrupt_Handler
                0x08009320       0xd4 .\\\libF103PLC.a(instruction.o)
                0x08009320                Pulse_Interrupt_Handler
 .text.plsr_alg
                0x080093f4      0x524 .\\\libF103PLC.a(instruction.o)
                0x080093f4                plsr_alg
 .text.Ref_Yn_Count
                0x08009918      0xb18 .\\\libF103PLC.a(instruction.o)
                0x08009918                Ref_Yn_Count
 .text.PLS_Disable
                0x0800a430      0x14c .\\\libF103PLC.a(instruction.o)
                0x0800a430                PLS_Disable
 .text.TIM2_IRQHandler
                0x0800a57c       0x28 .\\\libF103PLC.a(instruction.o)
                0x0800a57c                TIM2_IRQHandler
 .text.TIM5_IRQHandler
                0x0800a5a4       0x3c .\\\libF103PLC.a(instruction.o)
                0x0800a5a4                TIM5_IRQHandler
 .text.HCNT_Init
                0x0800a5e0      0x128 .\\\libF103PLC.a(instruction.o)
                0x0800a5e0                HCNT_Init
 .text.txd_com1_byte
                0x0800a708       0x58 .\\\libF103PLC.a(interrupt.o)
                0x0800a708                txd_com1_byte
 .text.txd_com2_byte
                0x0800a760       0x60 .\\\libF103PLC.a(interrupt.o)
                0x0800a760                txd_com2_byte
 .text.isrReceive1
                0x0800a7c0       0xb0 .\\\libF103PLC.a(interrupt.o)
                0x0800a7c0                isrReceive1
 .text.isrReceive2
                0x0800a870       0xb4 .\\\libF103PLC.a(interrupt.o)
                0x0800a870                isrReceive2
 .text.USART1_IRQHandler
                0x0800a924       0x50 .\\\libF103PLC.a(interrupt.o)
                0x0800a924                USART1_IRQHandler
 .text.USART3_IRQHandler
                0x0800a974       0x50 .\\\libF103PLC.a(interrupt.o)
                0x0800a974                USART3_IRQHandler
 .text.com1_frame_timer
                0x0800a9c4       0x84 .\\\libF103PLC.a(interrupt.o)
                0x0800a9c4                com1_frame_timer
 .text.com2_frame_timer
                0x0800aa48       0x84 .\\\libF103PLC.a(interrupt.o)
                0x0800aa48                com2_frame_timer
 .text.DMA1_Channel4_IRQHandler
                0x0800aacc       0x60 .\\\libF103PLC.a(interrupt.o)
                0x0800aacc                DMA1_Channel4_IRQHandler
 .text.DMA1_Channel2_IRQHandler
                0x0800ab2c       0x70 .\\\libF103PLC.a(interrupt.o)
                0x0800ab2c                DMA1_Channel2_IRQHandler
 .text.SysTick_Handler
                0x0800ab9c       0x14 .\\\libF103PLC.a(interrupt.o)
                0x0800ab9c                SysTick_Handler
 .text.TIM6_IRQHandler
                0x0800abb0       0x28 .\\\libF103PLC.a(interrupt.o)
                0x0800abb0                TIM6_IRQHandler
 .text.TIM7_IRQHandler
                0x0800abd8       0x2c .\\\libF103PLC.a(interrupt.o)
                0x0800abd8                TIM7_IRQHandler
 .text.TIM3_IRQHandler
                0x0800ac04       0x24 .\\\libF103PLC.a(interrupt.o)
                0x0800ac04                TIM3_IRQHandler
 .text.TIM4_IRQHandler
                0x0800ac28       0x24 .\\\libF103PLC.a(interrupt.o)
                0x0800ac28                TIM4_IRQHandler
 .text.USB_HP_CAN1_TX_IRQHandler
                0x0800ac4c        0x4 .\\\libF103PLC.a(interrupt.o)
                0x0800ac4c                USB_HP_CAN1_TX_IRQHandler
 .text.USB_LP_CAN1_RX0_IRQHandler
                0x0800ac50        0x4 .\\\libF103PLC.a(interrupt.o)
                0x0800ac50                USB_LP_CAN1_RX0_IRQHandler
 .text.USBWakeUp_IRQHandler
                0x0800ac54        0x8 .\\\libF103PLC.a(interrupt.o)
                0x0800ac54                USBWakeUp_IRQHandler
 .text.isr_USB_Receive
                0x0800ac5c       0x74 .\\\libF103PLC.a(interrupt.o)
                0x0800ac5c                isr_USB_Receive
 .text.isr_USB_Send
                0x0800acd0       0x38 .\\\libF103PLC.a(interrupt.o)
                0x0800acd0                isr_USB_Send
 .text.EXTI4_IRQHandler
                0x0800ad08       0x24 .\\\libF103PLC.a(interrupt.o)
                0x0800ad08                EXTI4_IRQHandler
 .text.Judge_System_State_Switch
                0x0800ad2c       0x64 .\\\libF103PLC.a(main.o)
                0x0800ad2c                Judge_System_State_Switch
 .text.InitElemMem
                0x0800ad90      0x114 .\\\libF103PLC.a(main.o)
                0x0800ad90                InitElemMem
 .text.InitComUsbMem
                0x0800aea4      0x1ac .\\\libF103PLC.a(main.o)
                0x0800aea4                InitComUsbMem
 .text.ScanBegin
                0x0800b050       0xac .\\\libF103PLC.a(main.o)
                0x0800b050                ScanBegin
 .text.ScanEnd  0x0800b0fc       0xc4 .\\\libF103PLC.a(main.o)
                0x0800b0fc                ScanEnd
 .text.plc_execute_handler
                0x0800b1c0      0x104 .\\\libF103PLC.a(main.o)
                0x0800b1c0                plc_execute_handler
 .text.startup.main
                0x0800b2c4       0x68 .\\\libF103PLC.a(main.o)
                0x0800b2c4                main
 .text.get_curr_tick1ms
                0x0800b32c        0xc .\\\libF103PLC.a(timercounter.o)
                0x0800b32c                get_curr_tick1ms
 .text.is1msTimeout
                0x0800b338       0x14 .\\\libF103PLC.a(timercounter.o)
                0x0800b338                is1msTimeout
 .text.get_curr_tick0_1ms
                0x0800b34c       0x40 .\\\libF103PLC.a(timercounter.o)
                0x0800b34c                get_curr_tick0_1ms
 .text.get_time_diff
                0x0800b38c       0x68 .\\\libF103PLC.a(timercounter.o)
                0x0800b38c                get_time_diff
 .text.refresh_tick1ms
                0x0800b3f4       0xb0 .\\\libF103PLC.a(timercounter.o)
                0x0800b3f4                refresh_tick1ms
 .text.Count_Tick_Init
                0x0800b4a4       0x28 .\\\libF103PLC.a(timercounter.o)
                0x0800b4a4                Count_Tick_Init
 .text._exit    0x0800b4cc        0x8 .\\\libF103PLC.a(_exit.o)
                0x0800b4cc                _exit
 .text.NVIC_PriorityGroupConfig
                0x0800b4d4       0x14 .\\\libF103PLC.a(misc.o)
                0x0800b4d4                NVIC_PriorityGroupConfig
 .text.NVIC_Init
                0x0800b4e8       0x6c .\\\libF103PLC.a(misc.o)
                0x0800b4e8                NVIC_Init
 .text.NVIC_SetVectorTable
                0x0800b554       0x14 .\\\libF103PLC.a(misc.o)
                0x0800b554                NVIC_SetVectorTable
 .text.DMA_DeInit
                0x0800b568      0x128 .\\\libF103PLC.a(stm32f10x_dma.o)
                0x0800b568                DMA_DeInit
 .text.DMA_Init
                0x0800b690       0x40 .\\\libF103PLC.a(stm32f10x_dma.o)
                0x0800b690                DMA_Init
 .text.DMA_GetITStatus
                0x0800b6d0       0x1c .\\\libF103PLC.a(stm32f10x_dma.o)
                0x0800b6d0                DMA_GetITStatus
 .text.DMA_GetFlagStatus
                0x0800b6ec        0x4 .\\\libF103PLC.a(stm32f10x_dma.o)
                0x0800b6ec                DMA_GetFlagStatus
 .text.DMA_ClearITPendingBit
                0x0800b6f0       0x14 .\\\libF103PLC.a(stm32f10x_dma.o)
                0x0800b6f0                DMA_ClearITPendingBit
 .text.DMA_ClearFlag
                0x0800b704        0x4 .\\\libF103PLC.a(stm32f10x_dma.o)
                0x0800b704                DMA_ClearFlag
 .text.EXTI_Init
                0x0800b708       0x7c .\\\libF103PLC.a(stm32f10x_exti.o)
                0x0800b708                EXTI_Init
 .text.EXTI_ClearFlag
                0x0800b784        0xc .\\\libF103PLC.a(stm32f10x_exti.o)
                0x0800b784                EXTI_ClearFlag
 .text.EXTI_ClearITPendingBit
                0x0800b790        0xc .\\\libF103PLC.a(stm32f10x_exti.o)
                0x0800b790                EXTI_ClearITPendingBit
 .text.FLASH_UnlockBank1
                0x0800b79c       0x18 .\\\libF103PLC.a(stm32f10x_flash.o)
                0x0800b79c                FLASH_UnlockBank1
 .text.FLASH_Unlock
                0x0800b7b4        0x4 .\\\libF103PLC.a(stm32f10x_flash.o)
                0x0800b7b4                FLASH_Unlock
 .text.FLASH_LockBank1
                0x0800b7b8       0x10 .\\\libF103PLC.a(stm32f10x_flash.o)
                0x0800b7b8                FLASH_LockBank1
 .text.FLASH_Lock
                0x0800b7c8        0x4 .\\\libF103PLC.a(stm32f10x_flash.o)
                0x0800b7c8                FLASH_Lock
 .text.FLASH_GetStatus
                0x0800b7cc       0x28 .\\\libF103PLC.a(stm32f10x_flash.o)
                0x0800b7cc                FLASH_GetStatus
 .text.FLASH_GetBank1Status
                0x0800b7f4       0x28 .\\\libF103PLC.a(stm32f10x_flash.o)
                0x0800b7f4                FLASH_GetBank1Status
 .text.FLASH_WaitForLastBank1Operation
                0x0800b81c       0x24 .\\\libF103PLC.a(stm32f10x_flash.o)
                0x0800b81c                FLASH_WaitForLastBank1Operation
 .text.FLASH_ErasePage
                0x0800b840       0x40 .\\\libF103PLC.a(stm32f10x_flash.o)
                0x0800b840                FLASH_ErasePage
 .text.GPIO_Init
                0x0800b880       0xb8 .\\\libF103PLC.a(stm32f10x_gpio.o)
                0x0800b880                GPIO_Init
 .text.GPIO_SetBits
                0x0800b938        0x4 .\\\libF103PLC.a(stm32f10x_gpio.o)
                0x0800b938                GPIO_SetBits
 .text.GPIO_ResetBits
                0x0800b93c        0x4 .\\\libF103PLC.a(stm32f10x_gpio.o)
                0x0800b93c                GPIO_ResetBits
 .text.GPIO_EXTILineConfig
                0x0800b940       0x2c .\\\libF103PLC.a(stm32f10x_gpio.o)
                0x0800b940                GPIO_EXTILineConfig
 .text.RCC_USBCLKConfig
                0x0800b96c        0xc .\\\libF103PLC.a(stm32f10x_rcc.o)
                0x0800b96c                RCC_USBCLKConfig
 .text.RCC_GetClocksFreq
                0x0800b978       0x9c .\\\libF103PLC.a(stm32f10x_rcc.o)
                0x0800b978                RCC_GetClocksFreq
 .text.RCC_AHBPeriphClockCmd
                0x0800ba14       0x1c .\\\libF103PLC.a(stm32f10x_rcc.o)
                0x0800ba14                RCC_AHBPeriphClockCmd
 .text.RCC_APB2PeriphClockCmd
                0x0800ba30       0x1c .\\\libF103PLC.a(stm32f10x_rcc.o)
                0x0800ba30                RCC_APB2PeriphClockCmd
 .text.RCC_APB1PeriphClockCmd
                0x0800ba4c       0x1c .\\\libF103PLC.a(stm32f10x_rcc.o)
                0x0800ba4c                RCC_APB1PeriphClockCmd
 .text.TIM_TimeBaseInit
                0x0800ba68       0xa8 .\\\libF103PLC.a(stm32f10x_tim.o)
                0x0800ba68                TIM_TimeBaseInit
 .text.TIM_Cmd  0x0800bb10       0x1c .\\\libF103PLC.a(stm32f10x_tim.o)
                0x0800bb10                TIM_Cmd
 .text.TIM_DMACmd
                0x0800bb2c       0x14 .\\\libF103PLC.a(stm32f10x_tim.o)
                0x0800bb2c                TIM_DMACmd
 .text.TIM_ITConfig
                0x0800bb40        0x4 .\\\libF103PLC.a(stm32f10x_tim.o)
                0x0800bb40                TIM_ITConfig
 .text.TIM_SelectOnePulseMode
                0x0800bb44       0x18 .\\\libF103PLC.a(stm32f10x_tim.o)
                0x0800bb44                TIM_SelectOnePulseMode
 .text.TIM_GetITStatus
                0x0800bb5c       0x18 .\\\libF103PLC.a(stm32f10x_tim.o)
                0x0800bb5c                TIM_GetITStatus
 .text.TIM_ClearITPendingBit
                0x0800bb74        0x8 .\\\libF103PLC.a(stm32f10x_tim.o)
                0x0800bb74                TIM_ClearITPendingBit
 .text.USART_Init
                0x0800bb7c       0xbc .\\\libF103PLC.a(stm32f10x_usart.o)
                0x0800bb7c                USART_Init
 .text.USART_Cmd
                0x0800bc38       0x1c .\\\libF103PLC.a(stm32f10x_usart.o)
                0x0800bc38                USART_Cmd
 .text.USART_ITConfig
                0x0800bc54       0x38 .\\\libF103PLC.a(stm32f10x_usart.o)
                0x0800bc54                USART_ITConfig
 .text.USART_DMACmd
                0x0800bc8c       0x14 .\\\libF103PLC.a(stm32f10x_usart.o)
                0x0800bc8c                USART_DMACmd
 .text.USART_ReceiveData
                0x0800bca0        0x8 .\\\libF103PLC.a(stm32f10x_usart.o)
                0x0800bca0                USART_ReceiveData
 .text.comm_task
                0x0800bca8       0x18 .\\\libF103PLC.a(com_task.o)
                0x0800bca8                comm_task
 .text.CrcCheck
                0x0800bcc0       0x38 .\\\libF103PLC.a(inline_fun.o)
                0x0800bcc0                CrcCheck
 .text.reset_Com_Mode
                0x0800bcf8       0x14 .\\\libF103PLC.a(inline_fun.o)
                0x0800bcf8                reset_Com_Mode
 .text.setChar  0x0800bd0c       0x1c .\\\libF103PLC.a(inline_fun.o)
                0x0800bd0c                setChar
 .text.setFirstChar
                0x0800bd28       0x3c .\\\libF103PLC.a(inline_fun.o)
                0x0800bd28                setFirstChar
 .text.changeToRevComplete
                0x0800bd64       0x38 .\\\libF103PLC.a(inline_fun.o)
                0x0800bd64                changeToRevComplete
 .text.get_curr_frame
                0x0800bd9c       0x3c .\\\libF103PLC.a(inline_fun.o)
                0x0800bd9c                get_curr_frame
 .text.release_curr_frame
                0x0800bdd8       0x2c .\\\libF103PLC.a(inline_fun.o)
                0x0800bdd8                release_curr_frame
 .text.release_CurReving_Frame
                0x0800be04       0x2c .\\\libF103PLC.a(inline_fun.o)
                0x0800be04                release_CurReving_Frame
 .text.initial_com_buffer
                0x0800be30       0x64 .\\\libF103PLC.a(inline_fun.o)
                0x0800be30                initial_com_buffer
 .text.initial_usb_buffer
                0x0800be94       0x20 .\\\libF103PLC.a(inline_fun.o)
                0x0800be94                initial_usb_buffer
 .text.initial_com_modbus
                0x0800beb4       0x7c .\\\libF103PLC.a(inline_fun.o)
                0x0800beb4                initial_com_modbus
 .text.initial_usb_modbus
                0x0800bf30       0x4c .\\\libF103PLC.a(inline_fun.o)
                0x0800bf30                initial_usb_modbus
 .text.err_code_deal
                0x0800bf7c       0x6c .\\\libF103PLC.a(inline_fun.o)
                0x0800bf7c                err_code_deal
 .text.global_sys_initial
                0x0800bfe8       0x3c .\\\libF103PLC.a(inline_fun.o)
                0x0800bfe8                global_sys_initial
 .text.bit_adr_beyond_check
                0x0800c024      0x17c .\\\libF103PLC.a(modbus_slave.o)
 .text.words_adr_beyond_check
                0x0800c1a0      0x1c4 .\\\libF103PLC.a(modbus_slave.o)
 .text.err_response
                0x0800c364       0xb8 .\\\libF103PLC.a(modbus_slave.o)
 .text.response_of_copy_rev.part.1
                0x0800c41c       0x40 .\\\libF103PLC.a(modbus_slave.o)
 .text.write_bit_form_frame
                0x0800c45c      0x208 .\\\libF103PLC.a(modbus_slave.o)
 .text.verify_frame.part.2
                0x0800c664       0x3c .\\\libF103PLC.a(modbus_slave.o)
 .text.read_bit_form_frame
                0x0800c6a0      0x1f8 .\\\libF103PLC.a(modbus_slave.o)
 .text.response_slave_counter
                0x0800c898       0x94 .\\\libF103PLC.a(modbus_slave.o)
 .text.modbus_verify_check.part.4
                0x0800c92c       0x70 .\\\libF103PLC.a(modbus_slave.o)
 .text.check_frame_num.part.5
                0x0800c99c       0x84 .\\\libF103PLC.a(modbus_slave.o)
 .text.modbus_adr_check
                0x0800ca20       0x60 .\\\libF103PLC.a(modbus_slave.o)
                0x0800ca20                modbus_adr_check
 .text.rev_fcode_deal
                0x0800ca80     0x1098 .\\\libF103PLC.a(modbus_slave.o)
                0x0800ca80                rev_fcode_deal
 .text.modbus_slave_rev
                0x0800db18      0x4c4 .\\\libF103PLC.a(modbus_slave.o)
                0x0800db18                modbus_slave_rev
 .text.com_modbus_slave
                0x0800dfdc       0x90 .\\\libF103PLC.a(modbus_slave.o)
                0x0800dfdc                com_modbus_slave
 .text.usb_bit_adr_beyond_check
                0x0800e06c      0x124 .\\\libF103PLC.a(modbus_slave_usb.o)
 .text.usb_words_adr_beyond_check
                0x0800e190      0x168 .\\\libF103PLC.a(modbus_slave_usb.o)
 .text.usb_err_response
                0x0800e2f8       0x70 .\\\libF103PLC.a(modbus_slave_usb.o)
 .text.usb_modbus_adr_check
                0x0800e368       0x4c .\\\libF103PLC.a(modbus_slave_usb.o)
 .text.usb_response_of_copy_rev.part.2
                0x0800e3b4       0x3c .\\\libF103PLC.a(modbus_slave_usb.o)
 .text.usb_verify_frame.part.3
                0x0800e3f0       0x30 .\\\libF103PLC.a(modbus_slave_usb.o)
 .text.usb_read_bit_form_frame
                0x0800e420      0x19c .\\\libF103PLC.a(modbus_slave_usb.o)
 .text.usb_response_slave_counter
                0x0800e5bc       0x74 .\\\libF103PLC.a(modbus_slave_usb.o)
 .text.usb_check_frame_num.part.5
                0x0800e630       0x78 .\\\libF103PLC.a(modbus_slave_usb.o)
 .text.usb_modbus_verify_check
                0x0800e6a8       0x58 .\\\libF103PLC.a(modbus_slave_usb.o)
                0x0800e6a8                usb_modbus_verify_check
 .text.usb_rev_fcode_deal
                0x0800e700      0xfb0 .\\\libF103PLC.a(modbus_slave_usb.o)
                0x0800e700                usb_rev_fcode_deal
 .text.usb_modbus_slave_rev
                0x0800f6b0      0x330 .\\\libF103PLC.a(modbus_slave_usb.o)
                0x0800f6b0                usb_modbus_slave_rev
 .text.usb_modbus_slave
                0x0800f9e0      0x170 .\\\libF103PLC.a(modbus_slave_usb.o)
                0x0800f9e0                usb_modbus_slave
 .text.FGs_Read_Handle
                0x0800fb50      0x2cc .\\\libF103PLC.a(SamFGs_Slave.o)
 .text.FGs_Write_Handle
                0x0800fe1c      0x378 .\\\libF103PLC.a(SamFGs_Slave.o)
 .text.FGs_Pack_Check.part.0
                0x08010194       0xb4 .\\\libF103PLC.a(SamFGs_Slave.o)
 .text.FGs_Return_ECode
                0x08010248       0xcc .\\\libF103PLC.a(SamFGs_Slave.o)
                0x08010248                FGs_Return_ECode
 .text.FGs_Read_Analysis
                0x08010314      0x234 .\\\libF103PLC.a(SamFGs_Slave.o)
                0x08010314                FGs_Read_Analysis
 .text.FGs_verify_check
                0x08010548       0x70 .\\\libF103PLC.a(SamFGs_Slave.o)
                0x08010548                FGs_verify_check
 .text.FGs_Write_Analysis
                0x080105b8      0x110 .\\\libF103PLC.a(SamFGs_Slave.o)
                0x080105b8                FGs_Write_Analysis
 .text.FGs_Fcode_Deal
                0x080106c8       0x4c .\\\libF103PLC.a(SamFGs_Slave.o)
                0x080106c8                FGs_Fcode_Deal
 .text.usb_FGs_Read_Handle
                0x08010714      0x2cc .\\\libF103PLC.a(SamFGs_Slave_usb.o)
 .text.usb_FGs_Write_Handle
                0x080109e0      0x378 .\\\libF103PLC.a(SamFGs_Slave_usb.o)
 .text.usb_FGs_Pack_Check.part.0
                0x08010d58       0xb4 .\\\libF103PLC.a(SamFGs_Slave_usb.o)
 .text.usb_FGs_Return_ECode
                0x08010e0c       0xb4 .\\\libF103PLC.a(SamFGs_Slave_usb.o)
                0x08010e0c                usb_FGs_Return_ECode
 .text.usb_FGs_Read_Analysis
                0x08010ec0      0x1f4 .\\\libF103PLC.a(SamFGs_Slave_usb.o)
                0x08010ec0                usb_FGs_Read_Analysis
 .text.usb_FGs_verify_check
                0x080110b4       0x58 .\\\libF103PLC.a(SamFGs_Slave_usb.o)
                0x080110b4                usb_FGs_verify_check
 .text.usb_FGs_Write_Analysis
                0x0801110c      0x108 .\\\libF103PLC.a(SamFGs_Slave_usb.o)
                0x0801110c                usb_FGs_Write_Analysis
 .text.usb_FGs_Fcode_Deal
                0x08011214       0x40 .\\\libF103PLC.a(SamFGs_Slave_usb.o)
                0x08011214                usb_FGs_Fcode_Deal
 .text.usb_task
                0x08011254       0x18 .\\\libF103PLC.a(usb_task.o)
                0x08011254                usb_task
 .text.PLC_ProExecuteTask
                0x0801126c       0x1c .\\\libF103PLC.a(FreeRTOS_Task.o)
                0x0801126c                PLC_ProExecuteTask
 .text.FreeRTOS_TaskInit
                0x08011288       0x2c .\\\libF103PLC.a(FreeRTOS_Task.o)
                0x08011288                FreeRTOS_TaskInit
 .text.unlikely.prvInsertBlockIntoFreeList
                0x080112b4       0x4c .\\\libF103PLC.a(heap_4.o)
 .text.pvPortMalloc
                0x08011300      0x13c .\\\libF103PLC.a(heap_4.o)
                0x08011300                pvPortMalloc
 .text.vPortFree
                0x0801143c       0x70 .\\\libF103PLC.a(heap_4.o)
                0x0801143c                vPortFree
 .text.vListInitialise
                0x080114ac       0x18 .\\\libF103PLC.a(list.o)
                0x080114ac                vListInitialise
 .text.vListInitialiseItem
                0x080114c4        0x8 .\\\libF103PLC.a(list.o)
                0x080114c4                vListInitialiseItem
 .text.vListInsertEnd
                0x080114cc       0x1c .\\\libF103PLC.a(list.o)
                0x080114cc                vListInsertEnd
 .text.uxListRemove
                0x080114e8       0x28 .\\\libF103PLC.a(list.o)
                0x080114e8                uxListRemove
 .text.prvTaskExitError
                0x08011510       0x30 .\\\libF103PLC.a(port.o)
 .text.prvPortStartFirstTask
                0x08011540       0x20 .\\\libF103PLC.a(port.o)
 .text.pxPortInitialiseStack
                0x08011560       0x24 .\\\libF103PLC.a(port.o)
                0x08011560                pxPortInitialiseStack
 *fill*         0x08011584        0xc 
 .text.SVC_Handler
                0x08011590       0x24 .\\\libF103PLC.a(port.o)
                0x08011590                SVC_Handler
 .text.vPortEnterCritical
                0x080115b4       0x44 .\\\libF103PLC.a(port.o)
                0x080115b4                vPortEnterCritical
 .text.vPortExitCritical
                0x080115f8       0x28 .\\\libF103PLC.a(port.o)
                0x080115f8                vPortExitCritical
 .text.PendSV_Handler
                0x08011620       0x44 .\\\libF103PLC.a(port.o)
                0x08011620                PendSV_Handler
 .text.xPortSysTickHandler
                0x08011664       0x2c .\\\libF103PLC.a(port.o)
                0x08011664                xPortSysTickHandler
 .text.vPortSetupTimerInterrupt
                0x08011690       0x2c .\\\libF103PLC.a(port.o)
                0x08011690                vPortSetupTimerInterrupt
 .text.xPortStartScheduler
                0x080116bc       0x98 .\\\libF103PLC.a(port.o)
                0x080116bc                xPortStartScheduler
 .text.prvResetNextTaskUnblockTime.part.1
                0x08011754       0x18 .\\\libF103PLC.a(tasks.o)
 .text.xTaskCreate
                0x0801176c      0x1e4 .\\\libF103PLC.a(tasks.o)
                0x0801176c                xTaskCreate
 .text.vTaskStartScheduler
                0x08011950       0x78 .\\\libF103PLC.a(tasks.o)
                0x08011950                vTaskStartScheduler
 .text.vTaskSuspendAll
                0x080119c8       0x10 .\\\libF103PLC.a(tasks.o)
                0x080119c8                vTaskSuspendAll
 .text.xTaskIncrementTick
                0x080119d8      0x14c .\\\libF103PLC.a(tasks.o)
                0x080119d8                xTaskIncrementTick
 .text.xTaskResumeAll
                0x08011b24      0x10c .\\\libF103PLC.a(tasks.o)
                0x08011b24                xTaskResumeAll
 .text.prvIdleTask
                0x08011c30       0x98 .\\\libF103PLC.a(tasks.o)
 .text.vTaskSwitchContext
                0x08011cc8       0x70 .\\\libF103PLC.a(tasks.o)
                0x08011cc8                vTaskSwitchContext
 .text.Enter_LowPowerMode
                0x08011d38        0xc .\\\libF103PLC.a(hw_config.o)
                0x08011d38                Enter_LowPowerMode
 .text.Leave_LowPowerMode
                0x08011d44       0x20 .\\\libF103PLC.a(hw_config.o)
                0x08011d44                Leave_LowPowerMode
 .text.USB_Cable_Config
                0x08011d64       0x18 .\\\libF103PLC.a(hw_config.o)
                0x08011d64                USB_Cable_Config
 .text.Get_SerialNum
                0x08011d7c       0x50 .\\\libF103PLC.a(hw_config.o)
                0x08011d7c                Get_SerialNum
 .text.USB_Device_Init
                0x08011dcc       0x94 .\\\libF103PLC.a(hw_config.o)
                0x08011dcc                USB_Device_Init
 .text.ERR_Callback
                0x08011e60        0x4 .\\\libF103PLC.a(usb_callback.o)
                0x08011e60                ERR_Callback
 .text.WKUP_Callback
                0x08011e64        0x4 .\\\libF103PLC.a(usb_callback.o)
                0x08011e64                WKUP_Callback
 .text.Standard_GetConfiguration
                0x08011e68       0x28 .\\\libF103PLC.a(usb_core.o)
                0x08011e68                Standard_GetConfiguration
 .text.Standard_GetInterface
                0x08011e90       0x28 .\\\libF103PLC.a(usb_core.o)
                0x08011e90                Standard_GetInterface
 .text.Standard_GetStatus
                0x08011eb8       0x8c .\\\libF103PLC.a(usb_core.o)
                0x08011eb8                Standard_GetStatus
 .text.DataStageIn
                0x08011f44       0xb0 .\\\libF103PLC.a(usb_core.o)
 .text.Standard_SetConfiguration
                0x08011ff4       0x3c .\\\libF103PLC.a(usb_core.o)
                0x08011ff4                Standard_SetConfiguration
 .text.Standard_SetInterface
                0x08012030       0x50 .\\\libF103PLC.a(usb_core.o)
                0x08012030                Standard_SetInterface
 .text.Standard_ClearFeature
                0x08012080       0xd0 .\\\libF103PLC.a(usb_core.o)
                0x08012080                Standard_ClearFeature
 .text.Standard_SetEndPointFeature
                0x08012150       0x88 .\\\libF103PLC.a(usb_core.o)
                0x08012150                Standard_SetEndPointFeature
 .text.Standard_GetDescriptorData
                0x080121d8       0x1c .\\\libF103PLC.a(usb_core.o)
                0x080121d8                Standard_GetDescriptorData
 .text.Post0_Process
                0x080121f4       0x44 .\\\libF103PLC.a(usb_core.o)
                0x080121f4                Post0_Process
 .text.Setup0_Process
                0x08012238      0x370 .\\\libF103PLC.a(usb_core.o)
                0x08012238                Setup0_Process
 .text.Out0_Process
                0x080125a8       0xf0 .\\\libF103PLC.a(usb_core.o)
                0x080125a8                Out0_Process
 .text.In0_Process
                0x08012698       0xa0 .\\\libF103PLC.a(usb_core.o)
                0x08012698                In0_Process
 .text.SetDeviceAddress
                0x08012738       0x38 .\\\libF103PLC.a(usb_core.o)
                0x08012738                SetDeviceAddress
 .text.NOP_Process
                0x08012770        0x4 .\\\libF103PLC.a(usb_core.o)
                0x08012770                NOP_Process
 .text.EP1_IN_Callback
                0x08012774        0x4 .\\\libF103PLC.a(usb_endp.o)
                0x08012774                EP1_IN_Callback
 .text.EP2_OUT_Callback
                0x08012778        0x4 .\\\libF103PLC.a(usb_endp.o)
                0x08012778                EP2_OUT_Callback
 .text.USB_Init
                0x0801277c       0x38 .\\\libF103PLC.a(usb_init.o)
                0x0801277c                USB_Init
 .text.CTR_LP   0x080127b4      0x170 .\\\libF103PLC.a(usb_int.o)
                0x080127b4                CTR_LP
 .text.CTR_HP   0x08012924       0x74 .\\\libF103PLC.a(usb_int.o)
                0x08012924                CTR_HP
 .text.USB_Istr
                0x08012998       0xcc .\\\libF103PLC.a(usb_istr.o)
                0x08012998                USB_Istr
 .text.UserToPMABufferCopy
                0x08012a64       0x28 .\\\libF103PLC.a(usb_mem.o)
                0x08012a64                UserToPMABufferCopy
 .text.PMAToUserBufferCopy
                0x08012a8c       0x20 .\\\libF103PLC.a(usb_mem.o)
                0x08012a8c                PMAToUserBufferCopy
 .text.Mass_Storage_SetDeviceAddress
                0x08012aac        0xc .\\\libF103PLC.a(usb_prop.o)
                0x08012aac                Mass_Storage_SetDeviceAddress
 .text.MASS_Status_Out
                0x08012ab8        0x4 .\\\libF103PLC.a(usb_prop.o)
                0x08012ab8                MASS_Status_Out
 .text.MASS_Data_Setup
                0x08012abc        0x4 .\\\libF103PLC.a(usb_prop.o)
                0x08012abc                MASS_Data_Setup
 .text.MASS_Get_Interface_Setting
                0x08012ac0       0x10 .\\\libF103PLC.a(usb_prop.o)
                0x08012ac0                MASS_Get_Interface_Setting
 .text.MASS_init
                0x08012ad0       0x3c .\\\libF103PLC.a(usb_prop.o)
                0x08012ad0                MASS_init
 .text.MASS_Reset
                0x08012b0c       0xc4 .\\\libF103PLC.a(usb_prop.o)
                0x08012b0c                MASS_Reset
 .text.MASS_GetDeviceDescriptor
                0x08012bd0        0xc .\\\libF103PLC.a(usb_prop.o)
                0x08012bd0                MASS_GetDeviceDescriptor
 .text.MASS_GetConfigDescriptor
                0x08012bdc        0xc .\\\libF103PLC.a(usb_prop.o)
                0x08012bdc                MASS_GetConfigDescriptor
 .text.MASS_GetStringDescriptor
                0x08012be8       0x20 .\\\libF103PLC.a(usb_prop.o)
                0x08012be8                MASS_GetStringDescriptor
 .text.Mass_Storage_SetConfiguration
                0x08012c08       0x2c .\\\libF103PLC.a(usb_prop.o)
                0x08012c08                Mass_Storage_SetConfiguration
 .text.MASS_NoData_Setup
                0x08012c34       0x3c .\\\libF103PLC.a(usb_prop.o)
                0x08012c34                MASS_NoData_Setup
 .text.MASS_Status_In
                0x08012c70        0x4 .\\\libF103PLC.a(usb_prop.o)
                0x08012c70                MASS_Status_In
 .text.Mass_Storage_ClearFeature
                0x08012c74        0x4 .\\\libF103PLC.a(usb_prop.o)
                0x08012c74                Mass_Storage_ClearFeature
 .text.PowerOn  0x08012c78       0x30 .\\\libF103PLC.a(usb_pwr.o)
                0x08012c78                PowerOn
 .text.Suspend  0x08012ca8       0x20 .\\\libF103PLC.a(usb_pwr.o)
                0x08012ca8                Suspend
 .text.Resume   0x08012cc8       0xb8 .\\\libF103PLC.a(usb_pwr.o)
                0x08012cc8                Resume
 .text.SetBTABLE
                0x08012d80       0x10 .\\\libF103PLC.a(usb_regs.o)
                0x08012d80                SetBTABLE
 .text.SetEPType
                0x08012d90       0x1c .\\\libF103PLC.a(usb_regs.o)
                0x08012d90                SetEPType
 .text.SetEPTxStatus
                0x08012dac       0x2c .\\\libF103PLC.a(usb_regs.o)
                0x08012dac                SetEPTxStatus
 .text.SetEPRxStatus
                0x08012dd8       0x2c .\\\libF103PLC.a(usb_regs.o)
                0x08012dd8                SetEPRxStatus
 .text.GetEPTxStatus
                0x08012e04       0x14 .\\\libF103PLC.a(usb_regs.o)
                0x08012e04                GetEPTxStatus
 .text.GetEPRxStatus
                0x08012e18       0x14 .\\\libF103PLC.a(usb_regs.o)
                0x08012e18                GetEPRxStatus
 .text.SetEPRxValid
                0x08012e2c       0x20 .\\\libF103PLC.a(usb_regs.o)
                0x08012e2c                SetEPRxValid
 .text.ClearEPDoubleBuff
                0x08012e4c       0x18 .\\\libF103PLC.a(usb_regs.o)
                0x08012e4c                ClearEPDoubleBuff
 .text.Clear_Status_Out
                0x08012e64        0x4 .\\\libF103PLC.a(usb_regs.o)
                0x08012e64                Clear_Status_Out
 .text.ClearDTOG_RX
                0x08012e68       0x20 .\\\libF103PLC.a(usb_regs.o)
                0x08012e68                ClearDTOG_RX
 .text.ClearDTOG_TX
                0x08012e88       0x20 .\\\libF103PLC.a(usb_regs.o)
                0x08012e88                ClearDTOG_TX
 .text.SetEPTxCount
                0x08012ea8       0x1c .\\\libF103PLC.a(usb_regs.o)
                0x08012ea8                SetEPTxCount
 .text.SetEPRxCount
                0x08012ec4       0x44 .\\\libF103PLC.a(usb_regs.o)
                0x08012ec4                SetEPRxCount
 .text.SetEPDblBuf0Addr
                0x08012f08       0x20 .\\\libF103PLC.a(usb_regs.o)
                0x08012f08                SetEPDblBuf0Addr
 .text.SetEPTxAddr
                0x08012f28        0x4 .\\\libF103PLC.a(usb_regs.o)
                0x08012f28                SetEPTxAddr
 .text.SetEPDblBuf1Addr
                0x08012f2c       0x20 .\\\libF103PLC.a(usb_regs.o)
                0x08012f2c                SetEPDblBuf1Addr
 .text.SetEPRxAddr
                0x08012f4c        0x4 .\\\libF103PLC.a(usb_regs.o)
                0x08012f4c                SetEPRxAddr
 .text.GetEPDblBuf0Addr
                0x08012f50       0x1c .\\\libF103PLC.a(usb_regs.o)
                0x08012f50                GetEPDblBuf0Addr
 .text.GetEPTxAddr
                0x08012f6c        0x4 .\\\libF103PLC.a(usb_regs.o)
                0x08012f6c                GetEPTxAddr
 .text.GetEPDblBuf1Addr
                0x08012f70       0x1c .\\\libF103PLC.a(usb_regs.o)
                0x08012f70                GetEPDblBuf1Addr
 .text.GetEPRxAddr
                0x08012f8c        0x4 .\\\libF103PLC.a(usb_regs.o)
                0x08012f8c                GetEPRxAddr
 .text.GetEPDblBuf1Count
                0x08012f90       0x20 .\\\libF103PLC.a(usb_regs.o)
                0x08012f90                GetEPDblBuf1Count
 .text.GetEPRxCount
                0x08012fb0        0x4 .\\\libF103PLC.a(usb_regs.o)
                0x08012fb0                GetEPRxCount
 .text.ByteSwap
                0x08012fb4        0xc .\\\libF103PLC.a(usb_regs.o)
                0x08012fb4                ByteSwap
 .text          0x08012fc0      0x370 y:/projects/samsoarii-new/samsoarii/bin/x86/compiler/arm/bin/../lib/gcc/arm-none-eabi/5.4.1/armv7-m\libgcc.a(_arm_addsubdf3.o)
                0x08012fc0                __aeabi_drsub
                0x08012fc8                __aeabi_dsub
                0x08012fc8                __subdf3
                0x08012fcc                __aeabi_dadd
                0x08012fcc                __adddf3
                0x08013244                __floatunsidf
                0x08013244                __aeabi_ui2d
                0x08013264                __floatsidf
                0x08013264                __aeabi_i2d
                0x08013288                __aeabi_f2d
                0x08013288                __extendsfdf2
                0x080132c4                __floatundidf
                0x080132c4                __aeabi_ul2d
                0x080132d4                __floatdidf
                0x080132d4                __aeabi_l2d
 .text          0x08013330      0x424 y:/projects/samsoarii-new/samsoarii/bin/x86/compiler/arm/bin/../lib/gcc/arm-none-eabi/5.4.1/armv7-m\libgcc.a(_arm_muldivdf3.o)
                0x08013330                __aeabi_dmul
                0x08013330                __muldf3
                0x08013584                __divdf3
                0x08013584                __aeabi_ddiv
 .text          0x08013754       0x50 y:/projects/samsoarii-new/samsoarii/bin/x86/compiler/arm/bin/../lib/gcc/arm-none-eabi/5.4.1/armv7-m\libgcc.a(_arm_fixdfsi.o)
                0x08013754                __aeabi_d2iz
                0x08013754                __fixdfsi
 .text          0x080137a4       0x40 y:/projects/samsoarii-new/samsoarii/bin/x86/compiler/arm/bin/../lib/gcc/arm-none-eabi/5.4.1/armv7-m\libgcc.a(_arm_fixunsdfsi.o)
                0x080137a4                __aeabi_d2uiz
                0x080137a4                __fixunsdfsi
 .text          0x080137e4      0x21c y:/projects/samsoarii-new/samsoarii/bin/x86/compiler/arm/bin/../lib/gcc/arm-none-eabi/5.4.1/armv7-m\libgcc.a(_arm_addsubsf3.o)
                0x080137e4                __aeabi_frsub
                0x080137ec                __subsf3
                0x080137ec                __aeabi_fsub
                0x080137f0                __aeabi_fadd
                0x080137f0                __addsf3
                0x08013950                __aeabi_ui2f
                0x08013950                __floatunsisf
                0x08013958                __aeabi_i2f
                0x08013958                __floatsisf
                0x08013974                __aeabi_ul2f
                0x08013974                __floatundisf
                0x08013984                __aeabi_l2f
                0x08013984                __floatdisf
 .text          0x08013a00      0x2a0 y:/projects/samsoarii-new/samsoarii/bin/x86/compiler/arm/bin/../lib/gcc/arm-none-eabi/5.4.1/armv7-m\libgcc.a(_arm_muldivsf3.o)
                0x08013a00                __mulsf3
                0x08013a00                __aeabi_fmul
                0x08013b68                __aeabi_fdiv
                0x08013b68                __divsf3
 .text          0x08013ca0       0x4c y:/projects/samsoarii-new/samsoarii/bin/x86/compiler/arm/bin/../lib/gcc/arm-none-eabi/5.4.1/armv7-m\libgcc.a(_arm_fixsfsi.o)
                0x08013ca0                __aeabi_f2iz
                0x08013ca0                __fixsfsi
 .text          0x08013cec       0x40 y:/projects/samsoarii-new/samsoarii/bin/x86/compiler/arm/bin/../lib/gcc/arm-none-eabi/5.4.1/armv7-m\libgcc.a(_arm_fixunssfsi.o)
                0x08013cec                __fixunssfsi
                0x08013cec                __aeabi_f2uiz
 .text.memcmp   0x08013d2c       0x1e y:/projects/samsoarii-new/samsoarii/bin/x86/compiler/arm/bin/../lib/gcc/arm-none-eabi/5.4.1/../../../../arm-none-eabi/lib/armv7-m\libc_nano.a(lib_a-memcmp.o)
                0x08013d2c                memcmp
 .text.memcpy   0x08013d4a       0x16 y:/projects/samsoarii-new/samsoarii/bin/x86/compiler/arm/bin/../lib/gcc/arm-none-eabi/5.4.1/../../../../arm-none-eabi/lib/armv7-m\libc_nano.a(lib_a-memcpy-stub.o)
                0x08013d4a                memcpy
 .text.memset   0x08013d60       0x10 y:/projects/samsoarii-new/samsoarii/bin/x86/compiler/arm/bin/../lib/gcc/arm-none-eabi/5.4.1/../../../../arm-none-eabi/lib/armv7-m\libc_nano.a(lib_a-memset.o)
                0x08013d60                memset
 *(.rodata .rodata.* .constdata .constdata.*)
 .rodata        0x08013d70        0x8 .\\\libF103PLC.a(device_initial.o)
 .rodata.PLC_X_PORT
                0x08013d78       0x40 .\\\libF103PLC.a(device_initial.o)
 .rodata.SYS_STATUS_PIN
                0x08013db8        0x4 .\\\libF103PLC.a(device_initial.o)
 .rodata.PLC_X_CLK
                0x08013dbc       0x40 .\\\libF103PLC.a(device_initial.o)
 .rodata.PLC_X_PIN
                0x08013dfc       0x20 .\\\libF103PLC.a(device_initial.o)
 .rodata.PLC_Y_CLK
                0x08013e1c       0x20 .\\\libF103PLC.a(device_initial.o)
 .rodata.PLC_X_EXTI_LINE
                0x08013e3c       0x10 .\\\libF103PLC.a(device_initial.o)
 .rodata.PLC_Y_PIN
                0x08013e4c       0x20 .\\\libF103PLC.a(device_initial.o)
 .rodata.LED_PORT
                0x08013e6c        0xc .\\\libF103PLC.a(device_initial.o)
 .rodata.LED_PIN
                0x08013e78        0x6 .\\\libF103PLC.a(device_initial.o)
 *fill*         0x08013e7e        0x2 
 .rodata.PLC_X_PIN_SOURCE
                0x08013e80       0x10 .\\\libF103PLC.a(device_initial.o)
 .rodata.SYS_STATUS_PORT
                0x08013e90        0x8 .\\\libF103PLC.a(device_initial.o)
 .rodata.PLC_X_PORT_SOURCE
                0x08013e98       0x10 .\\\libF103PLC.a(device_initial.o)
 .rodata.LED_CLK
                0x08013ea8        0xc .\\\libF103PLC.a(device_initial.o)
 .rodata.PLC_Y_PORT
                0x08013eb4       0x40 .\\\libF103PLC.a(device_initial.o)
 .rodata.PLC_X_IRQn
                0x08013ef4       0x10 .\\\libF103PLC.a(device_initial.o)
 .rodata.SYS_STATUS_CLK
                0x08013f04        0x8 .\\\libF103PLC.a(device_initial.o)
 .rodata.gpio_out
                0x08013f0c        0x8 .\\\libF103PLC.a(instruction.o)
 .rodata.PLCOUT_Y
                0x08013f14       0x40 .\\\libF103PLC.a(instruction.o)
                0x08013f14                PLCOUT_Y
 .rodata.gpio_cr
                0x08013f54        0x8 .\\\libF103PLC.a(instruction.o)
 .rodata.yn_time
                0x08013f5c        0x8 .\\\libF103PLC.a(instruction.o)
 .rodata.yn_ctrl_time
                0x08013f64        0x8 .\\\libF103PLC.a(instruction.o)
 .rodata.plc_x_line
                0x08013f6c       0x10 .\\\libF103PLC.a(instruction.o)
                0x08013f6c                plc_x_line
 .rodata.TXD_COM_FUN
                0x08013f7c        0x8 .\\\libF103PLC.a(interrupt.o)
                0x08013f7c                TXD_COM_FUN
 .rodata.g_sd_wr_permit_flag
                0x08013f84       0xc0 .\\\libF103PLC.a(main.o)
                0x08013f84                g_sd_wr_permit_flag
 .rodata.g_mkpt_wr_permit_flag
                0x08014044       0x10 .\\\libF103PLC.a(main.o)
                0x08014044                g_mkpt_wr_permit_flag
 .rodata.g_mwr_permit_flag
                0x08014054       0x62 .\\\libF103PLC.a(main.o)
                0x08014054                g_mwr_permit_flag
 *fill*         0x080140b6        0x2 
 .rodata.g_sm_wr_permit_flag
                0x080140b8       0xc0 .\\\libF103PLC.a(main.o)
                0x080140b8                g_sm_wr_permit_flag
 .rodata.g_dkpt_wr_permit_flag
                0x08014178       0x10 .\\\libF103PLC.a(main.o)
                0x08014178                g_dkpt_wr_permit_flag
 .rodata.crc16_tab
                0x08014188      0x200 .\\\libF103PLC.a(inline_fun.o)
                0x08014188                crc16_tab
 .rodata.str1.4
                0x08014388       0x2d .\\\libF103PLC.a(modbus_slave.o)
 *fill*         0x080143b5        0x3 
 .rodata.str1.4
                0x080143b8        0x5 .\\\libF103PLC.a(modbus_slave_usb.o)
                                 0x2d (size before relaxing)
 *fill*         0x080143bd        0x3 
 .rodata.str1.4
                0x080143c0       0x13 .\\\libF103PLC.a(FreeRTOS_Task.o)
 *fill*         0x080143d3        0x1 
 .rodata.str1.4
                0x080143d4        0x8 .\\\libF103PLC.a(tasks.o)
                                  0x5 (size before relaxing)
 .rodata.MASS_StringLangID
                0x080143dc        0x4 .\\\libF103PLC.a(usb_desc.o)
                0x080143dc                MASS_StringLangID
 .rodata.MASS_ConfigDescriptor
                0x080143e0       0x20 .\\\libF103PLC.a(usb_desc.o)
                0x080143e0                MASS_ConfigDescriptor
 .rodata.MASS_StringProduct
                0x08014400       0x26 .\\\libF103PLC.a(usb_desc.o)
                0x08014400                MASS_StringProduct
 *fill*         0x08014426        0x2 
 .rodata.MASS_StringInterface
                0x08014428       0x10 .\\\libF103PLC.a(usb_desc.o)
                0x08014428                MASS_StringInterface
 .rodata.MASS_StringVendor
                0x08014438       0x26 .\\\libF103PLC.a(usb_desc.o)
                0x08014438                MASS_StringVendor
 *fill*         0x0801445e        0x2 
 .rodata.MASS_DeviceDescriptor
                0x08014460       0x12 .\\\libF103PLC.a(usb_desc.o)
                0x08014460                MASS_DeviceDescriptor
 *(vtable)
 *(.eh_frame*)
 *(.glue_7)
 .glue_7        0x08014472        0x0 linker stubs
 *(.glue_7t)
 .glue_7t       0x08014472        0x0 linker stubs

.vfp11_veneer   0x08014474        0x0
 .vfp11_veneer  0x08014474        0x0 linker stubs

.v4_bx          0x08014474        0x0
 .v4_bx         0x08014474        0x0 linker stubs

.iplt           0x08014474        0x0
 .iplt          0x08014474        0x0 build\\downlib.o

.rel.dyn        0x08014474        0x0
 .rel.iplt      0x08014474        0x0 build\\downlib.o

.ARM.extab
 *(.ARM.extab* .gnu.linkonce.armextab.*)
                0x08014474                . = ALIGN (0x4)
                0x08014474                __exidx_start = .

.ARM.exidx
 *(.ARM.exidx* .gnu.linkonce.armexidx.*)
                0x08014474                __exidx_end = .
                0x08014474                . = ALIGN (0x4)
                0x08014474                _etext = .
                0x08014474                __etext = .

.data_CCMRAM    0x10000000        0x0 load address 0x08014474
 FILL mask 0xff
 *(.data.CCMRAM .data.CCMRAM.*)
                0x10000000                . = ALIGN (0x4)
                0x08014474                _sidata = LOADADDR (.data)

.data           0x20000000      0x110 load address 0x08014474
 FILL mask 0xff
                0x20000000                _sdata = .
                0x20000000                __data_start__ = .
 *(.data_begin .data_begin.*)
 *(.data .data.*)
 .data.AHBPrescTable
                0x20000000       0x10 .\\\libF103PLC.a(system_stm32f10x.o)
                0x20000000                AHBPrescTable
 .data.SystemCoreClock
                0x20000010        0x4 .\\\libF103PLC.a(system_stm32f10x.o)
                0x20000010                SystemCoreClock
 .data.ADCPrescTable
                0x20000014        0x4 .\\\libF103PLC.a(stm32f10x_rcc.o)
 .data.APBAHBPrescTable
                0x20000018       0x10 .\\\libF103PLC.a(stm32f10x_rcc.o)
 .data.uxCriticalNesting
                0x20000028        0x4 .\\\libF103PLC.a(port.o)
 .data.MASS_StringSerial
                0x2000002c       0x1a .\\\libF103PLC.a(usb_desc.o)
                0x2000002c                MASS_StringSerial
 *fill*         0x20000046        0x2 ff
 .data.pEpInt_IN
                0x20000048       0x1c .\\\libF103PLC.a(usb_istr.o)
                0x20000048                pEpInt_IN
 .data.pEpInt_OUT
                0x20000064       0x1c .\\\libF103PLC.a(usb_istr.o)
                0x20000064                pEpInt_OUT
 .data.Config_Descriptor
                0x20000080        0x8 .\\\libF103PLC.a(usb_prop.o)
                0x20000080                Config_Descriptor
 .data.Device_Property
                0x20000088       0x30 .\\\libF103PLC.a(usb_prop.o)
                0x20000088                Device_Property
 .data.User_Standard_Requests
                0x200000b8       0x24 .\\\libF103PLC.a(usb_prop.o)
                0x200000b8                User_Standard_Requests
 .data.Device_Descriptor
                0x200000dc        0x8 .\\\libF103PLC.a(usb_prop.o)
                0x200000dc                Device_Descriptor
 .data.String_Descriptor
                0x200000e4       0x28 .\\\libF103PLC.a(usb_prop.o)
                0x200000e4                String_Descriptor
 .data.Device_Table
                0x2000010c        0x2 .\\\libF103PLC.a(usb_prop.o)
                0x2000010c                Device_Table
 .data.fSuspendEnabled
                0x2000010e        0x1 .\\\libF103PLC.a(usb_pwr.o)
                0x2000010e                fSuspendEnabled
 *(.data_end .data_end.*)
                0x20000110                . = ALIGN (0x4)
 *fill*         0x2000010f        0x1 ff
                0x20000110                _edata = .
                0x20000110                __data_end__ = .

.igot.plt       0x20000110        0x0 load address 0x08014584
 .igot.plt      0x20000110        0x0 build\\downlib.o

.bss_CCMRAM     0x10000000        0x0
 *(.bss.CCMRAM .bss.CCMRAM.*)

.bss            0x20000110     0xb1ec
                0x20000110                __bss_start__ = .
                0x20000110                _sbss = .
 *(.bss_begin .bss_begin.*)
 *(.bss .bss.*)
 .bss.old_couter_value
                0x20000110       0x18 .\\\libF103PLC.a(instruction.o)
                0x20000110                old_couter_value
 .bss.hcnt_stop_flag
                0x20000128       0x15 .\\\libF103PLC.a(instruction.o)
                0x20000128                hcnt_stop_flag
 .bss.counter_use_flag
                0x2000013d        0x1 .\\\libF103PLC.a(instruction.o)
 *fill*         0x2000013e        0x2 
 .bss.counter_setted_value
                0x20000140       0x54 .\\\libF103PLC.a(instruction.o)
 .bss.PLS_STOP_FLAG
                0x20000194        0x2 .\\\libF103PLC.a(instruction.o)
                0x20000194                PLS_STOP_FLAG
 *fill*         0x20000196        0x2 
 .bss.Y_CTRL_TIME_CNT_Last
                0x20000198        0x8 .\\\libF103PLC.a(instruction.o)
                0x20000198                Y_CTRL_TIME_CNT_Last
 .bss.C253_Init_Flag
                0x200001a0        0x1 .\\\libF103PLC.a(instruction.o)
                0x200001a0                C253_Init_Flag
 *fill*         0x200001a1        0x3 
 .bss.One_Pluse_Mode_Flag
                0x200001a4        0x2 .\\\libF103PLC.a(instruction.o)
                0x200001a4                One_Pluse_Mode_Flag
 *fill*         0x200001a6        0x2 
 .bss.old_couter_mode
                0x200001a8       0x18 .\\\libF103PLC.a(instruction.o)
                0x200001a8                old_couter_mode
 .bss.ZRN_Finish_Flag
                0x200001c0        0x2 .\\\libF103PLC.a(instruction.o)
                0x200001c0                ZRN_Finish_Flag
 .bss.C250_Init_Flag
                0x200001c2        0x1 .\\\libF103PLC.a(instruction.o)
                0x200001c2                C250_Init_Flag
 *fill*         0x200001c3        0x1 
 .bss.Y_TIME_CNT_Last
                0x200001c4        0x8 .\\\libF103PLC.a(instruction.o)
                0x200001c4                Y_TIME_CNT_Last
 .bss.usDirPin  0x200001cc        0x4 .\\\libF103PLC.a(instruction.o)
                0x200001cc                usDirPin
 .bss.counter_use_count
                0x200001d0        0x1 .\\\libF103PLC.a(instruction.o)
                0x200001d0                counter_use_count
 *fill*         0x200001d1        0x3 
 .bss.PLSA_LastFlag
                0x200001d4        0x2 .\\\libF103PLC.a(instruction.o)
                0x200001d4                PLSA_LastFlag
 .bss.C255_Init_Flag
                0x200001d6        0x1 .\\\libF103PLC.a(instruction.o)
                0x200001d6                C255_Init_Flag
 .bss.counter_init_flag
                0x200001d7        0x1 .\\\libF103PLC.a(instruction.o)
 .bss.counter_use_num
                0x200001d8        0x6 .\\\libF103PLC.a(instruction.o)
                0x200001d8                counter_use_num
 *fill*         0x200001de        0x2 
 .bss.g_time1ms_count
                0x200001e0        0x4 .\\\libF103PLC.a(timercounter.o)
                0x200001e0                g_time1ms_count
 .bss.usCount1MIN
                0x200001e4        0x2 .\\\libF103PLC.a(timercounter.o)
 .bss.IsUnsureTime
                0x200001e6        0x1 .\\\libF103PLC.a(timercounter.o)
 *fill*         0x200001e7        0x1 
 .bss.LastTimeOffset
                0x200001e8        0x4 .\\\libF103PLC.a(timercounter.o)
 .bss.usCount1SEC
                0x200001ec        0x2 .\\\libF103PLC.a(timercounter.o)
 .bss.usCount100ms
                0x200001ee        0x2 .\\\libF103PLC.a(timercounter.o)
 .bss.usCount10ms
                0x200001f0        0x2 .\\\libF103PLC.a(timercounter.o)
 *fill*         0x200001f2        0x2 
 .bss.ptr_pos.8305
                0x200001f4        0x4 .\\\libF103PLC.a(SamFGs_Slave.o)
 .bss.ptr_pos.8302
                0x200001f8        0x4 .\\\libF103PLC.a(SamFGs_Slave_usb.o)
 .bss.xFreeBytesRemaining
                0x200001fc        0x4 .\\\libF103PLC.a(heap_4.o)
 .bss.pxEnd     0x20000200        0x4 .\\\libF103PLC.a(heap_4.o)
 .bss.xStart    0x20000204        0x8 .\\\libF103PLC.a(heap_4.o)
 .bss.ucHeap    0x2000020c     0x2800 .\\\libF103PLC.a(heap_4.o)
 .bss.xBlockAllocatedBit
                0x20002a0c        0x4 .\\\libF103PLC.a(heap_4.o)
 .bss.xMinimumEverFreeBytesRemaining
                0x20002a10        0x4 .\\\libF103PLC.a(heap_4.o)
 .bss.ucMaxSysCallPriority
                0x20002a14        0x1 .\\\libF103PLC.a(port.o)
 *fill*         0x20002a15        0x3 
 .bss.ulMaxPRIGROUPValue
                0x20002a18        0x4 .\\\libF103PLC.a(port.o)
 .bss.xNumOfOverflows
                0x20002a1c        0x4 .\\\libF103PLC.a(tasks.o)
 .bss.pxDelayedTaskList
                0x20002a20        0x4 .\\\libF103PLC.a(tasks.o)
 .bss.xSchedulerRunning
                0x20002a24        0x4 .\\\libF103PLC.a(tasks.o)
 .bss.uxSchedulerSuspended
                0x20002a28        0x4 .\\\libF103PLC.a(tasks.o)
 .bss.xDelayedTaskList1
                0x20002a2c       0x14 .\\\libF103PLC.a(tasks.o)
 .bss.uxPendedTicks
                0x20002a40        0x4 .\\\libF103PLC.a(tasks.o)
 .bss.pxReadyTasksLists
                0x20002a44       0xc8 .\\\libF103PLC.a(tasks.o)
 .bss.xTasksWaitingTermination
                0x20002b0c       0x14 .\\\libF103PLC.a(tasks.o)
 .bss.uxDeletedTasksWaitingCleanUp
                0x20002b20        0x4 .\\\libF103PLC.a(tasks.o)
 .bss.pxCurrentTCB
                0x20002b24        0x4 .\\\libF103PLC.a(tasks.o)
                0x20002b24                pxCurrentTCB
 .bss.xNextTaskUnblockTime
                0x20002b28        0x4 .\\\libF103PLC.a(tasks.o)
 .bss.xIdleTaskHandle
                0x20002b2c        0x4 .\\\libF103PLC.a(tasks.o)
 .bss.xTickCount
                0x20002b30        0x4 .\\\libF103PLC.a(tasks.o)
 .bss.pxOverflowDelayedTaskList
                0x20002b34        0x4 .\\\libF103PLC.a(tasks.o)
 .bss.xPendingReadyList
                0x20002b38       0x14 .\\\libF103PLC.a(tasks.o)
 .bss.uxTaskNumber
                0x20002b4c        0x4 .\\\libF103PLC.a(tasks.o)
 .bss.uxCurrentNumberOfTasks
                0x20002b50        0x4 .\\\libF103PLC.a(tasks.o)
 .bss.xDelayedTaskList2
                0x20002b54       0x14 .\\\libF103PLC.a(tasks.o)
 .bss.xSuspendedTaskList
                0x20002b68       0x14 .\\\libF103PLC.a(tasks.o)
 .bss.uxTopReadyPriority
                0x20002b7c        0x4 .\\\libF103PLC.a(tasks.o)
 .bss.xYieldPending
                0x20002b80        0x4 .\\\libF103PLC.a(tasks.o)
 .bss.Data_Mul_MaxPacketSize
                0x20002b84        0x1 .\\\libF103PLC.a(usb_core.o)
                0x20002b84                Data_Mul_MaxPacketSize
 *fill*         0x20002b85        0x3 
 .bss.bDeviceState
                0x20002b88        0x4 .\\\libF103PLC.a(usb_pwr.o)
                0x20002b88                bDeviceState
 *(COMMON)
 COMMON         0x20002b8c      0x100 .\\\libF103PLC.a(device_initial.o)
                0x20002b8c                X_GPIO
                0x20002c0c                Y_GPIO
 COMMON         0x20002c8c     0x1722 .\\\libF103PLC.a(instruction.o)
                0x20002c8c                pls_use_id
                0x20002c90                truncation_cnt_C255
                0x20002c94                period_loop_cnt
                0x20002c9c                ulTestCntMS
                0x20002ca0                C255_Timer_CNT
                0x20002ca4                g_last_pulsenum
                0x20002cac                sect_cnt
                0x20002dac                U32_PLS_CNTbk
                0x20002db4                g_last_dutycycle
                0x20002db8                g_last_freq
                0x20002dc0                plsr_cnt
                0x20002fc0                timerNodes
                0x20003fc0                C250_Timer_CNT
                0x20003fc4                truncation_cnt_timer2
                0x20003fc8                g_last_timechange
                0x20003fd0                sect_freq
                0x200040d0                timerList
                0x200040d8                g_high_speed_out
                0x20004170                truncation_cnt_C253
                0x20004174                C253_Timer_CNT
                0x20004178                period_offset
                0x20004180                pulse_finish_flag
                0x20004184                plsr_fre
                0x20004384                g_plsr_alg
                0x200043a4                truncation_cnt_timer5
                0x200043a8                truncation_cnt_C250
                0x200043ac                pls_use_flag
 *fill*         0x200043ae        0x2 
 COMMON         0x200043b0     0x4a18 .\\\libF103PLC.a(main.o)
                0x200043b0                XDoubleWord
                0x200043c0                Y_F_BIT
                0x200043c4                ZWord
                0x200043d4                X_F_BIT
                0x200043d8                CBit
                0x200043dc                MBit
                0x200043e0                YBit
                0x200043e4                AOWord
                0x20004424                CVDoubleWord
                0x20004504                TDoubleWord
                0x20004524                CDoubleWord
                0x20004544                X_F_VAL
                0x20004548                TVWord
                0x20004748                VWord
                0x20004758                Y_F_VAL
                0x2000475c                MDoubleWord
                0x20004b5c                AIWord
                0x20004b9c                XBit
                0x20004ba0                TBit
                0x20004ba4                SDoubleWord
                0x20004c24                YDoubleWord
                0x20004c34                CVWord
                0x20004dc4                DWord
                0x20008dc4                SBit
 COMMON         0x20008dc8     0x24f3 .\\\libF103PLC.a(com_usb_pub.o)
                0x20008dc8                B_FILT_FLAG
                0x20008dca                g_rev_usb_len
                0x20008dcc                B_COM_CHAR_WORD
                0x20008dce                B_REF_COFG_FLAG
                0x20008dcf                U8_UD_TYPE
                0x20008dd0                g_rev_bufferFirst_com
                0x20008dd8                COM2_TXD_BUFF_ADDR
                0x200091e0                g_mod_pr_rev
                0x200091e4                USB_TXD_BUFF_ADDR
                0x200095ea                B_TAG_MONITOR
                0x200095eb                B_TAG_DOWNLOAD
                0x200095ec                g_total_rev_len
                0x200095f0                g_usb_temp_buff
                0x20009630                g_modbus_num
                0x20009650                g_com_rev_err
                0x20009654                g_usb_reset_counter
                0x20009658                B_UP_EPT_FLAG
                0x2000965c                COM_BIT_TEMP_B_BASE
                0x20009660                g_modbus_status_usb
                0x20009668                U32_SWITCH_TIMEOUT
                0x2000966c                g_modbus_status
                0x20009678                g_com_first_ch
                0x2000967c                g_rev_buffer_usb
                0x20009680                g_total_user_len
                0x20009684                B_TAG_UPLOAD
                0x20009688                COM1_REV_BUFF2_ADDR
                0x20009a90                U32_TEMP_ADDR
                0x20009a94                g_com_txdbuffer
                0x20009aa4                g_com_revbuffer
                0x20009ad4                p_record_addr_pos
                0x20009ad8                g_txd_usb_len
                0x20009adc                U8_COM_PROT
                0x20009ae0                g_PR_rev
                0x20009ae4                B_SYS_INLOCK
                0x20009ae5                B_DN_EPT_FLAG
                0x20009ae6                B_MO_EPT_FLAG
                0x20009ae8                COM1_TXD_BUFF_ADDR
                0x20009eee                bUsbFlag
                0x20009ef0                U16_FILT_TIME
                0x20009ef4                g_com_flag
                0x20009f34                COM_DATA_BUFF_ADDR
                0x2000a134                g_usb_use_flag
                0x2000a138                g_usb_start_time
                0x2000a13c                U32_DOWN_USB_TIMEOUT
                0x2000a140                COM2_REV_BUFF1_ADDR
                0x2000a548                COM_BIT_TEMP_BASE
                0x2000a5c8                g_txd_buffer_com
                0x2000a5d0                g_com_pro
                0x2000a600                g_data_down_flag
                0x2000a604                g_modbus_bit
                0x2000a60c                U32_DOWN_COM_TIMEOUT
                0x2000a614                B_SYS_EXIT
                0x2000a615                S8_SYSTEM_STATE
                0x2000a618                g_com_ptr_err
                0x2000a620                B_UPLOAD_FLAG
                0x2000a624                g_freecom_rev
                0x2000a63c                g_modbus_num_usb
                0x2000a64c                g_usb_flag
                0x2000a66c                g_total_send_len
                0x2000a670                g_com_buff_len
                0x2000a674                B_SYS_FAULT
                0x2000a675                g_usb_buff_over_cnt
                0x2000a676                g_retry_cnt
                0x2000a678                USB_REV_BUFF_ADDR
                0x2000aa80                g_modbus_master
                0x2000aa84                g_rev_bufferSecond_com
                0x2000aa8c                g_mod_elem_spc
                0x2000aa90                g_txd_buffer_usb
                0x2000aa94                g_usb_pro
                0x2000aaac                COM1_REV_BUFF1_ADDR
                0x2000aeb2                U8_USB_PROT
                0x2000aeb4                COM2_REV_BUFF2_ADDR
                0x2000b2ba                B_STATE_FLAG
 *fill*         0x2000b2bb        0x1 
 COMMON         0x2000b2bc        0x2 .\\\libF103PLC.a(usb_core.o)
                0x2000b2bc                StatusInfo
 *fill*         0x2000b2be        0x2 
 COMMON         0x2000b2c0       0x32 .\\\libF103PLC.a(usb_init.o)
                0x2000b2c0                SaveState
                0x2000b2c4                pProperty
                0x2000b2c8                EPindex
                0x2000b2cc                Device_Info
                0x2000b2e8                pUser_Standard_Requests
                0x2000b2ec                pInformation
                0x2000b2f0                wInterrupt_Mask
 COMMON         0x2000b2f2        0x4 .\\\libF103PLC.a(usb_int.o)
                0x2000b2f2                SaveRState
                0x2000b2f4                SaveTState
 COMMON         0x2000b2f6        0x2 .\\\libF103PLC.a(usb_istr.o)
                0x2000b2f6                wIstr
 COMMON         0x2000b2f8        0x2 .\\\libF103PLC.a(usb_pwr.o)
                0x2000b2f8                ResumeS
 *(.bss_end .bss_end.*)
                0x2000b2fc                . = ALIGN (0x4)
 *fill*         0x2000b2fa        0x2 
                0x2000b2fc                __bss_end__ = .
                0x2000b2fc                _ebss = .

.noinit_CCMRAM
 *(.noinit.CCMRAM .noinit.CCMRAM.*)

.noinit         0x2000b2fc        0x0
                0x2000b2fc                _noinit = .
 *(.noinit .noinit.*)
                0x2000b2fc                . = ALIGN (0x4)
                0x2000b2fc                _end_noinit = .
                [!provide]                PROVIDE (end, _end_noinit)
                [!provide]                PROVIDE (_end, _end_noinit)
                [!provide]                PROVIDE (__end, _end_noinit)
                [!provide]                PROVIDE (__end__, _end_noinit)

._check_stack   0x2000b2fc      0x100
                0x2000b3fc                . = (. + _Minimum_Stack_Size)
 *fill*         0x2000b2fc      0x100 

.b1text
 *(.b1text)
 *(.b1rodata)
 *(.b1rodata.*)

.eb0text
 *(.eb0text)
 *(.eb0rodata)
 *(.eb0rodata.*)

.eb1text
 *(.eb1text)
 *(.eb1rodata)
 *(.eb1rodata.*)

.eb2text
 *(.eb2text)
 *(.eb2rodata)
 *(.eb2rodata.*)

.eb3text
 *(.eb3text)
 *(.eb3rodata)
 *(.eb3rodata.*)

.stab
 *(.stab)

.stabstr
 *(.stabstr)

.stab.excl
 *(.stab.excl)

.stab.exclstr
 *(.stab.exclstr)

.stab.index
 *(.stab.index)

.stab.indexstr
 *(.stab.indexstr)

.comment        0x00000000       0xdc
 *(.comment)
 .comment       0x00000000       0x6e build\\downlib.o
                                 0x6f (size before relaxing)
 .comment       0x0000006e       0x6f build\\downc.o
 .comment       0x0000006e       0x6e .\\\libF103PLC.a(_initialize_hardware.o)
                                 0x6f (size before relaxing)
 .comment       0x000000dc       0x6f .\\\libF103PLC.a(_reset_hardware.o)
 .comment       0x000000dc       0x6f .\\\libF103PLC.a(exception_handlers.o)
 .comment       0x000000dc       0x6f .\\\libF103PLC.a(system_stm32f10x.o)
 .comment       0x000000dc       0x6f .\\\libF103PLC.a(vectors_stm32f10x.o)
 .comment       0x000000dc       0x6f .\\\libF103PLC.a(device_initial.o)
 .comment       0x000000dc       0x6f .\\\libF103PLC.a(instruction.o)
 .comment       0x000000dc       0x6f .\\\libF103PLC.a(interrupt.o)
 .comment       0x000000dc       0x6f .\\\libF103PLC.a(main.o)
 .comment       0x000000dc       0x6f .\\\libF103PLC.a(timercounter.o)
 .comment       0x000000dc       0x6f .\\\libF103PLC.a(_exit.o)
 .comment       0x000000dc       0x6f .\\\libF103PLC.a(_startup.o)
 .comment       0x000000dc       0x6f .\\\libF103PLC.a(misc.o)
 .comment       0x000000dc       0x6f .\\\libF103PLC.a(stm32f10x_dma.o)
 .comment       0x000000dc       0x6f .\\\libF103PLC.a(stm32f10x_exti.o)
 .comment       0x000000dc       0x6f .\\\libF103PLC.a(stm32f10x_flash.o)
 .comment       0x000000dc       0x6f .\\\libF103PLC.a(stm32f10x_gpio.o)
 .comment       0x000000dc       0x6f .\\\libF103PLC.a(stm32f10x_rcc.o)
 .comment       0x000000dc       0x6f .\\\libF103PLC.a(stm32f10x_tim.o)
 .comment       0x000000dc       0x6f .\\\libF103PLC.a(stm32f10x_usart.o)
 .comment       0x000000dc       0x6f .\\\libF103PLC.a(com_task.o)
 .comment       0x000000dc       0x6f .\\\libF103PLC.a(com_usb_pub.o)
 .comment       0x000000dc       0x6f .\\\libF103PLC.a(inline_fun.o)
 .comment       0x000000dc       0x6f .\\\libF103PLC.a(modbus_slave.o)
 .comment       0x000000dc       0x6f .\\\libF103PLC.a(modbus_slave_usb.o)
 .comment       0x000000dc       0x6f .\\\libF103PLC.a(SamFGs_Slave.o)
 .comment       0x000000dc       0x6f .\\\libF103PLC.a(SamFGs_Slave_usb.o)
 .comment       0x000000dc       0x6f .\\\libF103PLC.a(usb_task.o)
 .comment       0x000000dc       0x6f .\\\libF103PLC.a(FreeRTOS_Task.o)
 .comment       0x000000dc       0x6f .\\\libF103PLC.a(heap_4.o)
 .comment       0x000000dc       0x6f .\\\libF103PLC.a(list.o)
 .comment       0x000000dc       0x6f .\\\libF103PLC.a(port.o)
 .comment       0x000000dc       0x6f .\\\libF103PLC.a(tasks.o)
 .comment       0x000000dc       0x6f .\\\libF103PLC.a(hw_config.o)
 .comment       0x000000dc       0x6f .\\\libF103PLC.a(usb_callback.o)
 .comment       0x000000dc       0x6f .\\\libF103PLC.a(usb_core.o)
 .comment       0x000000dc       0x6f .\\\libF103PLC.a(usb_desc.o)
 .comment       0x000000dc       0x6f .\\\libF103PLC.a(usb_endp.o)
 .comment       0x000000dc       0x6f .\\\libF103PLC.a(usb_init.o)
 .comment       0x000000dc       0x6f .\\\libF103PLC.a(usb_int.o)
 .comment       0x000000dc       0x6f .\\\libF103PLC.a(usb_istr.o)
 .comment       0x000000dc       0x6f .\\\libF103PLC.a(usb_mem.o)
 .comment       0x000000dc       0x6f .\\\libF103PLC.a(usb_prop.o)
 .comment       0x000000dc       0x6f .\\\libF103PLC.a(usb_pwr.o)
 .comment       0x000000dc       0x6f .\\\libF103PLC.a(usb_regs.o)

.ARM.attributes
                0x00000000       0x33
 .ARM.attributes
                0x00000000       0x33 build\\downlib.o
 .ARM.attributes
                0x00000033       0x33 build\\downc.o
 .ARM.attributes
                0x00000066       0x33 .\\\libF103PLC.a(_initialize_hardware.o)
 .ARM.attributes
                0x00000099       0x33 .\\\libF103PLC.a(_reset_hardware.o)
 .ARM.attributes
                0x000000cc       0x33 .\\\libF103PLC.a(exception_handlers.o)
 .ARM.attributes
                0x000000ff       0x33 .\\\libF103PLC.a(system_stm32f10x.o)
 .ARM.attributes
                0x00000132       0x33 .\\\libF103PLC.a(vectors_stm32f10x.o)
 .ARM.attributes
                0x00000165       0x33 .\\\libF103PLC.a(device_initial.o)
 .ARM.attributes
                0x00000198       0x33 .\\\libF103PLC.a(instruction.o)
 .ARM.attributes
                0x000001cb       0x33 .\\\libF103PLC.a(interrupt.o)
 .ARM.attributes
                0x000001fe       0x33 .\\\libF103PLC.a(main.o)
 .ARM.attributes
                0x00000231       0x33 .\\\libF103PLC.a(timercounter.o)
 .ARM.attributes
                0x00000264       0x33 .\\\libF103PLC.a(_exit.o)
 .ARM.attributes
                0x00000297       0x33 .\\\libF103PLC.a(_startup.o)
 .ARM.attributes
                0x000002ca       0x33 .\\\libF103PLC.a(misc.o)
 .ARM.attributes
                0x000002fd       0x33 .\\\libF103PLC.a(stm32f10x_dma.o)
 .ARM.attributes
                0x00000330       0x33 .\\\libF103PLC.a(stm32f10x_exti.o)
 .ARM.attributes
                0x00000363       0x33 .\\\libF103PLC.a(stm32f10x_flash.o)
 .ARM.attributes
                0x00000396       0x33 .\\\libF103PLC.a(stm32f10x_gpio.o)
 .ARM.attributes
                0x000003c9       0x33 .\\\libF103PLC.a(stm32f10x_rcc.o)
 .ARM.attributes
                0x000003fc       0x33 .\\\libF103PLC.a(stm32f10x_tim.o)
 .ARM.attributes
                0x0000042f       0x33 .\\\libF103PLC.a(stm32f10x_usart.o)
 .ARM.attributes
                0x00000462       0x33 .\\\libF103PLC.a(com_task.o)
 .ARM.attributes
                0x00000495       0x33 .\\\libF103PLC.a(com_usb_pub.o)
 .ARM.attributes
                0x000004c8       0x33 .\\\libF103PLC.a(inline_fun.o)
 .ARM.attributes
                0x000004fb       0x33 .\\\libF103PLC.a(modbus_slave.o)
 .ARM.attributes
                0x0000052e       0x33 .\\\libF103PLC.a(modbus_slave_usb.o)
 .ARM.attributes
                0x00000561       0x33 .\\\libF103PLC.a(SamFGs_Slave.o)
 .ARM.attributes
                0x00000594       0x33 .\\\libF103PLC.a(SamFGs_Slave_usb.o)
 .ARM.attributes
                0x000005c7       0x33 .\\\libF103PLC.a(usb_task.o)
 .ARM.attributes
                0x000005fa       0x33 .\\\libF103PLC.a(FreeRTOS_Task.o)
 .ARM.attributes
                0x0000062d       0x33 .\\\libF103PLC.a(heap_4.o)
 .ARM.attributes
                0x00000660       0x33 .\\\libF103PLC.a(list.o)
 .ARM.attributes
                0x00000693       0x33 .\\\libF103PLC.a(port.o)
 .ARM.attributes
                0x000006c6       0x33 .\\\libF103PLC.a(tasks.o)
 .ARM.attributes
                0x000006f9       0x33 .\\\libF103PLC.a(hw_config.o)
 .ARM.attributes
                0x0000072c       0x33 .\\\libF103PLC.a(usb_callback.o)
 .ARM.attributes
                0x0000075f       0x33 .\\\libF103PLC.a(usb_core.o)
 .ARM.attributes
                0x00000792       0x33 .\\\libF103PLC.a(usb_desc.o)
 .ARM.attributes
                0x000007c5       0x33 .\\\libF103PLC.a(usb_endp.o)
 .ARM.attributes
                0x000007f8       0x33 .\\\libF103PLC.a(usb_init.o)
 .ARM.attributes
                0x0000082b       0x33 .\\\libF103PLC.a(usb_int.o)
 .ARM.attributes
                0x0000085e       0x33 .\\\libF103PLC.a(usb_istr.o)
 .ARM.attributes
                0x00000891       0x33 .\\\libF103PLC.a(usb_mem.o)
 .ARM.attributes
                0x000008c4       0x33 .\\\libF103PLC.a(usb_prop.o)
 .ARM.attributes
                0x000008f7       0x33 .\\\libF103PLC.a(usb_pwr.o)
 .ARM.attributes
                0x0000092a       0x33 .\\\libF103PLC.a(usb_regs.o)
 .ARM.attributes
                0x0000095d       0x1d y:/projects/samsoarii-new/samsoarii/bin/x86/compiler/arm/bin/../lib/gcc/arm-none-eabi/5.4.1/armv7-m\libgcc.a(_arm_addsubdf3.o)
 .ARM.attributes
                0x0000097a       0x1d y:/projects/samsoarii-new/samsoarii/bin/x86/compiler/arm/bin/../lib/gcc/arm-none-eabi/5.4.1/armv7-m\libgcc.a(_arm_muldivdf3.o)
 .ARM.attributes
                0x00000997       0x1d y:/projects/samsoarii-new/samsoarii/bin/x86/compiler/arm/bin/../lib/gcc/arm-none-eabi/5.4.1/armv7-m\libgcc.a(_arm_fixdfsi.o)
 .ARM.attributes
                0x000009b4       0x1d y:/projects/samsoarii-new/samsoarii/bin/x86/compiler/arm/bin/../lib/gcc/arm-none-eabi/5.4.1/armv7-m\libgcc.a(_arm_fixunsdfsi.o)
 .ARM.attributes
                0x000009d1       0x1d y:/projects/samsoarii-new/samsoarii/bin/x86/compiler/arm/bin/../lib/gcc/arm-none-eabi/5.4.1/armv7-m\libgcc.a(_arm_addsubsf3.o)
 .ARM.attributes
                0x000009ee       0x1d y:/projects/samsoarii-new/samsoarii/bin/x86/compiler/arm/bin/../lib/gcc/arm-none-eabi/5.4.1/armv7-m\libgcc.a(_arm_muldivsf3.o)
 .ARM.attributes
                0x00000a0b       0x1d y:/projects/samsoarii-new/samsoarii/bin/x86/compiler/arm/bin/../lib/gcc/arm-none-eabi/5.4.1/armv7-m\libgcc.a(_arm_fixsfsi.o)
 .ARM.attributes
                0x00000a28       0x1d y:/projects/samsoarii-new/samsoarii/bin/x86/compiler/arm/bin/../lib/gcc/arm-none-eabi/5.4.1/armv7-m\libgcc.a(_arm_fixunssfsi.o)
 .ARM.attributes
                0x00000a45       0x2d y:/projects/samsoarii-new/samsoarii/bin/x86/compiler/arm/bin/../lib/gcc/arm-none-eabi/5.4.1/../../../../arm-none-eabi/lib/armv7-m\libc_nano.a(lib_a-memcmp.o)
 .ARM.attributes
                0x00000a72       0x2d y:/projects/samsoarii-new/samsoarii/bin/x86/compiler/arm/bin/../lib/gcc/arm-none-eabi/5.4.1/../../../../arm-none-eabi/lib/armv7-m\libc_nano.a(lib_a-memcpy-stub.o)
 .ARM.attributes
                0x00000a9f       0x2d y:/projects/samsoarii-new/samsoarii/bin/x86/compiler/arm/bin/../lib/gcc/arm-none-eabi/5.4.1/../../../../arm-none-eabi/lib/armv7-m\libc_nano.a(lib_a-memset.o)

.debug
 *(.debug)

.line
 *(.line)

.debug_srcinfo
 *(.debug_srcinfo)

.debug_sfnames
 *(.debug_sfnames)

.debug_aranges
 *(.debug_aranges)

.debug_pubnames
 *(.debug_pubnames)

.debug_info
 *(.debug_info .gnu.linkonce.wi.*)

.debug_abbrev
 *(.debug_abbrev)

.debug_line
 *(.debug_line)

.debug_frame    0x00000000       0x70
 *(.debug_frame)
 .debug_frame   0x00000000       0x28 y:/projects/samsoarii-new/samsoarii/bin/x86/compiler/arm/bin/../lib/gcc/arm-none-eabi/5.4.1/../../../../arm-none-eabi/lib/armv7-m\libc_nano.a(lib_a-memcmp.o)
 .debug_frame   0x00000028       0x28 y:/projects/samsoarii-new/samsoarii/bin/x86/compiler/arm/bin/../lib/gcc/arm-none-eabi/5.4.1/../../../../arm-none-eabi/lib/armv7-m\libc_nano.a(lib_a-memcpy-stub.o)
 .debug_frame   0x00000050       0x20 y:/projects/samsoarii-new/samsoarii/bin/x86/compiler/arm/bin/../lib/gcc/arm-none-eabi/5.4.1/../../../../arm-none-eabi/lib/armv7-m\libc_nano.a(lib_a-memset.o)

.debug_str
 *(.debug_str)

.debug_loc
 *(.debug_loc)

.debug_macinfo
 *(.debug_macinfo)

.debug_weaknames
 *(.debug_weaknames)

.debug_funcnames
 *(.debug_funcnames)

.debug_typenames
 *(.debug_typenames)

.debug_varnames
 *(.debug_varnames)
OUTPUT(..\\downc.elf elf32-littlearm)
